  console.log
    Loaded volume-generation.strategy.test.ts

      at Object.<anonymous> (src/strategies/__tests__/volume-generation.strategy.test.ts:260:9)

2026-01-02 01:04:35 [[32minfo[39m]: ≡ƒöä Starting order placement cycle {"service":"biconomy-volume-bot"}
2026-01-02 01:04:35 [[32minfo[39m]: ≡ƒöä [DEX] Fetching EPWX price from PancakeSwap... {"service":"biconomy-volume-bot"}
2026-01-02 01:04:35 [[32minfo[39m]: ≡ƒÑ₧ DEX (PancakeSwap) price fetched: 1 EPWX Γëê 1 USD {"service":"biconomy-volume-bot"}
2026-01-02 01:04:35 [[32minfo[39m]: ≡ƒö╕ DEX price after 6% discount: 1 EPWX Γëê 0.94 USD {"service":"biconomy-volume-bot"}
2026-01-02 01:04:35 [[32minfo[39m]: Biconomy market price: 1, bid: 1, ask: 1 {"service":"biconomy-volume-bot"}
2026-01-02 01:04:35 [[32minfo[39m]: Using DEX price as reference for all wash trades. {"service":"biconomy-volume-bot"}
2026-01-02 01:04:35 [[32minfo[39m]: ≡ƒôè [PRE-CLEANUP] Current orders: 0 buys, 0 sells (target: 30 each) {"service":"biconomy-volume-bot"}
2026-01-02 01:04:35 [[32minfo[39m]: ≡ƒôè [POST-CLEANUP] Orders: 0 buys, 0 sells (target: 30 each) {"service":"biconomy-volume-bot"}
2026-01-02 01:04:35 [[32minfo[39m]: ≡ƒöº Calculated safe order size: $20.00 per order {"service":"biconomy-volume-bot"}
2026-01-02 01:04:35 [[32minfo[39m]: ≡ƒôÅ Buy depth (98%-100%): $0.00 | Sell depth (100%-102%): $0.00 {"service":"biconomy-volume-bot"}
2026-01-02 01:04:35 [[32minfo[39m]: ≡ƒƒó Need to add $500.00 buy orders in 98%-100% band {"service":"biconomy-volume-bot"}
2026-01-02 01:04:35 [[32minfo[39m]: ≡ƒƒó Placing depth buy order: 21.29 EPWX @ 9.3957e-1 {"service":"biconomy-volume-bot"}
2026-01-02 01:04:35 [[31merror[39m]: Buy order placement returned undefined {"service":"biconomy-volume-bot"}
2026-01-02 01:04:35 [[32minfo[39m]: ≡ƒƒó Placing depth buy order: 21.34 EPWX @ 9.3743e-1 {"service":"biconomy-volume-bot"}
2026-01-02 01:04:35 [[31merror[39m]: Buy order placement returned undefined {"service":"biconomy-volume-bot"}
2026-01-02 01:04:35 [[32minfo[39m]: ≡ƒƒó Placing depth buy order: 21.45 EPWX @ 9.3257e-1 {"service":"biconomy-volume-bot"}
2026-01-02 01:04:35 [[31merror[39m]: Buy order placement returned undefined {"service":"biconomy-volume-bot"}
2026-01-02 01:04:35 [[32minfo[39m]: ≡ƒƒó Placing depth buy order: 21.46 EPWX @ 9.3190e-1 {"service":"biconomy-volume-bot"}
2026-01-02 01:04:35 [[31merror[39m]: Buy order placement returned undefined {"service":"biconomy-volume-bot"}
2026-01-02 01:04:35 [[32minfo[39m]: ≡ƒƒó Placing depth buy order: 21.31 EPWX @ 9.3855e-1 {"service":"biconomy-volume-bot"}
2026-01-02 01:04:35 [[31merror[39m]: Buy order placement returned undefined {"service":"biconomy-volume-bot"}
2026-01-02 01:04:35 [[32minfo[39m]: ≡ƒƒó Placing depth buy order: 21.29 EPWX @ 9.3920e-1 {"service":"biconomy-volume-bot"}
2026-01-02 01:04:35 [[31merror[39m]: Buy order placement returned undefined {"service":"biconomy-volume-bot"}
2026-01-02 01:04:35 [[32minfo[39m]: ≡ƒƒó Placing depth buy order: 21.42 EPWX @ 9.3377e-1 {"service":"biconomy-volume-bot"}
2026-01-02 01:04:35 [[31merror[39m]: Buy order placement returned undefined {"service":"biconomy-volume-bot"}
2026-01-02 01:04:35 [[32minfo[39m]: ≡ƒƒó Placing depth buy order: 21.31 EPWX @ 9.3834e-1 {"service":"biconomy-volume-bot"}
2026-01-02 01:04:35 [[31merror[39m]: Buy order placement returned undefined {"service":"biconomy-volume-bot"}
2026-01-02 01:04:35 [[32minfo[39m]: ≡ƒƒó Placing depth buy order: 21.33 EPWX @ 9.3766e-1 {"service":"biconomy-volume-bot"}
2026-01-02 01:04:35 [[31merror[39m]: Buy order placement returned undefined {"service":"biconomy-volume-bot"}
2026-01-02 01:04:35 [[32minfo[39m]: ≡ƒƒó Placing depth buy order: 21.31 EPWX @ 9.3832e-1 {"service":"biconomy-volume-bot"}
2026-01-02 01:04:35 [[31merror[39m]: Buy order placement returned undefined {"service":"biconomy-volume-bot"}
2026-01-02 01:04:35 [[32minfo[39m]: ≡ƒƒó Placing depth buy order: 21.47 EPWX @ 9.3153e-1 {"service":"biconomy-volume-bot"}
2026-01-02 01:04:35 [[31merror[39m]: Buy order placement returned undefined {"service":"biconomy-volume-bot"}
2026-01-02 01:04:35 [[32minfo[39m]: ≡ƒƒó Placing depth buy order: 21.42 EPWX @ 9.3369e-1 {"service":"biconomy-volume-bot"}
2026-01-02 01:04:35 [[31merror[39m]: Buy order placement returned undefined {"service":"biconomy-volume-bot"}
2026-01-02 01:04:35 [[32minfo[39m]: ≡ƒƒó Placing depth buy order: 21.48 EPWX @ 9.3105e-1 {"service":"biconomy-volume-bot"}
2026-01-02 01:04:35 [[31merror[39m]: Buy order placement returned undefined {"service":"biconomy-volume-bot"}
2026-01-02 01:04:35 [[32minfo[39m]: ≡ƒƒó Placing depth buy order: 21.38 EPWX @ 9.3556e-1 {"service":"biconomy-volume-bot"}
2026-01-02 01:04:35 [[31merror[39m]: Buy order placement returned undefined {"service":"biconomy-volume-bot"}
2026-01-02 01:04:35 [[32minfo[39m]: ≡ƒƒó Placing depth buy order: 21.28 EPWX @ 9.3987e-1 {"service":"biconomy-volume-bot"}
2026-01-02 01:04:35 [[31merror[39m]: Buy order placement returned undefined {"service":"biconomy-volume-bot"}
2026-01-02 01:04:35 [[32minfo[39m]: ≡ƒƒó Placing depth buy order: 21.31 EPWX @ 9.3840e-1 {"service":"biconomy-volume-bot"}
2026-01-02 01:04:35 [[31merror[39m]: Buy order placement returned undefined {"service":"biconomy-volume-bot"}
2026-01-02 01:04:35 [[32minfo[39m]: ≡ƒƒó Placing depth buy order: 21.37 EPWX @ 9.3583e-1 {"service":"biconomy-volume-bot"}
2026-01-02 01:04:35 [[31merror[39m]: Buy order placement returned undefined {"service":"biconomy-volume-bot"}
2026-01-02 01:04:35 [[32minfo[39m]: ≡ƒƒó Placing depth buy order: 21.36 EPWX @ 9.3637e-1 {"service":"biconomy-volume-bot"}
2026-01-02 01:04:35 [[31merror[39m]: Buy order placement returned undefined {"service":"biconomy-volume-bot"}
2026-01-02 01:04:35 [[32minfo[39m]: ≡ƒƒó Placing depth buy order: 21.32 EPWX @ 9.3805e-1 {"service":"biconomy-volume-bot"}
2026-01-02 01:04:35 [[31merror[39m]: Buy order placement returned undefined {"service":"biconomy-volume-bot"}
2026-01-02 01:04:35 [[32minfo[39m]: ≡ƒƒó Placing depth buy order: 21.38 EPWX @ 9.3556e-1 {"service":"biconomy-volume-bot"}
2026-01-02 01:04:35 [[31merror[39m]: Buy order placement returned undefined {"service":"biconomy-volume-bot"}
2026-01-02 01:04:35 [[32minfo[39m]: ≡ƒƒó Placing depth buy order: 21.41 EPWX @ 9.3395e-1 {"service":"biconomy-volume-bot"}
2026-01-02 01:04:35 [[31merror[39m]: Buy order placement returned undefined {"service":"biconomy-volume-bot"}
2026-01-02 01:04:35 [[32minfo[39m]: ≡ƒƒó Placing depth buy order: 21.30 EPWX @ 9.3881e-1 {"service":"biconomy-volume-bot"}
2026-01-02 01:04:35 [[31merror[39m]: Buy order placement returned undefined {"service":"biconomy-volume-bot"}
2026-01-02 01:04:35 [[32minfo[39m]: ≡ƒƒó Placing depth buy order: 21.28 EPWX @ 9.3964e-1 {"service":"biconomy-volume-bot"}
2026-01-02 01:04:35 [[31merror[39m]: Buy order placement returned undefined {"service":"biconomy-volume-bot"}
2026-01-02 01:04:35 [[32minfo[39m]: ≡ƒƒó Placing depth buy order: 21.30 EPWX @ 9.3911e-1 {"service":"biconomy-volume-bot"}
2026-01-02 01:04:35 [[31merror[39m]: Buy order placement returned undefined {"service":"biconomy-volume-bot"}
2026-01-02 01:04:35 [[32minfo[39m]: ≡ƒƒó Placing depth buy order: 21.34 EPWX @ 9.3729e-1 {"service":"biconomy-volume-bot"}
2026-01-02 01:04:35 [[31merror[39m]: Buy order placement returned undefined {"service":"biconomy-volume-bot"}
2026-01-02 01:04:35 [[32minfo[39m]: ≡ƒö┤ Need to add $500.00 sell orders in 100%-102% band {"service":"biconomy-volume-bot"}
2026-01-02 01:04:35 [[32minfo[39m]: ≡ƒö┤ Placing depth sell order: 21.25 EPWX @ 9.4100e-1 {"service":"biconomy-volume-bot"}
2026-01-02 01:04:35 [[31merror[39m]: Sell order placement returned undefined {"service":"biconomy-volume-bot"}
2026-01-02 01:04:35 [[32minfo[39m]: ≡ƒö┤ Placing depth sell order: 21.14 EPWX @ 9.4613e-1 {"service":"biconomy-volume-bot"}
2026-01-02 01:04:35 [[31merror[39m]: Sell order placement returned undefined {"service":"biconomy-volume-bot"}
2026-01-02 01:04:35 [[32minfo[39m]: ≡ƒö┤ Placing depth sell order: 21.14 EPWX @ 9.4595e-1 {"service":"biconomy-volume-bot"}
2026-01-02 01:04:35 [[31merror[39m]: Sell order placement returned undefined {"service":"biconomy-volume-bot"}
2026-01-02 01:04:35 [[32minfo[39m]: ≡ƒö┤ Placing depth sell order: 21.23 EPWX @ 9.4224e-1 {"service":"biconomy-volume-bot"}
2026-01-02 01:04:35 [[31merror[39m]: Sell order placement returned undefined {"service":"biconomy-volume-bot"}
2026-01-02 01:04:35 [[32minfo[39m]: ≡ƒö┤ Placing depth sell order: 21.08 EPWX @ 9.4886e-1 {"service":"biconomy-volume-bot"}
2026-01-02 01:04:35 [[31merror[39m]: Sell order placement returned undefined {"service":"biconomy-volume-bot"}
2026-01-02 01:04:35 [[32minfo[39m]: ≡ƒö┤ Placing depth sell order: 21.26 EPWX @ 9.4061e-1 {"service":"biconomy-volume-bot"}
2026-01-02 01:04:35 [[31merror[39m]: Sell order placement returned undefined {"service":"biconomy-volume-bot"}
2026-01-02 01:04:35 [[32minfo[39m]: ≡ƒö┤ Placing depth sell order: 21.26 EPWX @ 9.4095e-1 {"service":"biconomy-volume-bot"}
2026-01-02 01:04:35 [[31merror[39m]: Sell order placement returned undefined {"service":"biconomy-volume-bot"}
2026-01-02 01:04:35 [[32minfo[39m]: ≡ƒö┤ Placing depth sell order: 21.16 EPWX @ 9.4497e-1 {"service":"biconomy-volume-bot"}
2026-01-02 01:04:35 [[31merror[39m]: Sell order placement returned undefined {"service":"biconomy-volume-bot"}
2026-01-02 01:04:35 [[32minfo[39m]: ≡ƒö┤ Placing depth sell order: 21.13 EPWX @ 9.4671e-1 {"service":"biconomy-volume-bot"}
2026-01-02 01:04:35 [[31merror[39m]: Sell order placement returned undefined {"service":"biconomy-volume-bot"}
2026-01-02 01:04:35 [[32minfo[39m]: ≡ƒö┤ Placing depth sell order: 21.26 EPWX @ 9.4089e-1 {"service":"biconomy-volume-bot"}
2026-01-02 01:04:35 [[31merror[39m]: Sell order placement returned undefined {"service":"biconomy-volume-bot"}
2026-01-02 01:04:35 [[32minfo[39m]: ≡ƒö┤ Placing depth sell order: 21.26 EPWX @ 9.4082e-1 {"service":"biconomy-volume-bot"}
2026-01-02 01:04:35 [[31merror[39m]: Sell order placement returned undefined {"service":"biconomy-volume-bot"}
2026-01-02 01:04:35 [[32minfo[39m]: ≡ƒö┤ Placing depth sell order: 21.16 EPWX @ 9.4502e-1 {"service":"biconomy-volume-bot"}
2026-01-02 01:04:35 [[31merror[39m]: Sell order placement returned undefined {"service":"biconomy-volume-bot"}
2026-01-02 01:04:35 [[32minfo[39m]: ≡ƒö┤ Placing depth sell order: 21.22 EPWX @ 9.4240e-1 {"service":"biconomy-volume-bot"}
2026-01-02 01:04:35 [[31merror[39m]: Sell order placement returned undefined {"service":"biconomy-volume-bot"}
2026-01-02 01:04:35 [[32minfo[39m]: ≡ƒö┤ Placing depth sell order: 21.10 EPWX @ 9.4783e-1 {"service":"biconomy-volume-bot"}
2026-01-02 01:04:35 [[31merror[39m]: Sell order placement returned undefined {"service":"biconomy-volume-bot"}
2026-01-02 01:04:35 [[32minfo[39m]: ≡ƒö┤ Placing depth sell order: 21.08 EPWX @ 9.4866e-1 {"service":"biconomy-volume-bot"}
2026-01-02 01:04:35 [[31merror[39m]: Sell order placement returned undefined {"service":"biconomy-volume-bot"}
2026-01-02 01:04:35 [[32minfo[39m]: ≡ƒö┤ Placing depth sell order: 21.23 EPWX @ 9.4210e-1 {"service":"biconomy-volume-bot"}
2026-01-02 01:04:35 [[31merror[39m]: Sell order placement returned undefined {"service":"biconomy-volume-bot"}
2026-01-02 01:04:35 [[32minfo[39m]: ≡ƒö┤ Placing depth sell order: 21.25 EPWX @ 9.4112e-1 {"service":"biconomy-volume-bot"}
2026-01-02 01:04:35 [[31merror[39m]: Sell order placement returned undefined {"service":"biconomy-volume-bot"}
2026-01-02 01:04:35 [[32minfo[39m]: ≡ƒö┤ Placing depth sell order: 21.18 EPWX @ 9.4421e-1 {"service":"biconomy-volume-bot"}
2026-01-02 01:04:35 [[31merror[39m]: Sell order placement returned undefined {"service":"biconomy-volume-bot"}
2026-01-02 01:04:35 [[32minfo[39m]: ≡ƒö┤ Placing depth sell order: 21.27 EPWX @ 9.4027e-1 {"service":"biconomy-volume-bot"}
2026-01-02 01:04:35 [[31merror[39m]: Sell order placement returned undefined {"service":"biconomy-volume-bot"}
2026-01-02 01:04:35 [[32minfo[39m]: ≡ƒö┤ Placing depth sell order: 21.09 EPWX @ 9.4835e-1 {"service":"biconomy-volume-bot"}
2026-01-02 01:04:36 [[31merror[39m]: Sell order placement returned undefined {"service":"biconomy-volume-bot"}
2026-01-02 01:04:36 [[32minfo[39m]: ≡ƒö┤ Placing depth sell order: 21.19 EPWX @ 9.4362e-1 {"service":"biconomy-volume-bot"}
2026-01-02 01:04:36 [[31merror[39m]: Sell order placement returned undefined {"service":"biconomy-volume-bot"}
2026-01-02 01:04:36 [[32minfo[39m]: ≡ƒö┤ Placing depth sell order: 21.25 EPWX @ 9.4101e-1 {"service":"biconomy-volume-bot"}
2026-01-02 01:04:36 [[31merror[39m]: Sell order placement returned undefined {"service":"biconomy-volume-bot"}
2026-01-02 01:04:36 [[32minfo[39m]: ≡ƒö┤ Placing depth sell order: 21.21 EPWX @ 9.4284e-1 {"service":"biconomy-volume-bot"}
2026-01-02 01:04:36 [[31merror[39m]: Sell order placement returned undefined {"service":"biconomy-volume-bot"}
2026-01-02 01:04:36 [[32minfo[39m]: ≡ƒö┤ Placing depth sell order: 21.19 EPWX @ 9.4398e-1 {"service":"biconomy-volume-bot"}
2026-01-02 01:04:36 [[31merror[39m]: Sell order placement returned undefined {"service":"biconomy-volume-bot"}
2026-01-02 01:04:36 [[32minfo[39m]: ≡ƒö┤ Placing depth sell order: 21.10 EPWX @ 9.4797e-1 {"service":"biconomy-volume-bot"}
2026-01-02 01:04:36 [[31merror[39m]: Sell order placement returned undefined {"service":"biconomy-volume-bot"}
2026-01-02 01:04:36 [[32minfo[39m]: ≡ƒ¢Æ [1/30] Placing book-depth buy order: 21.49 EPWX @ 9.3060e-1 [Book Depth] {"service":"biconomy-volume-bot"}
2026-01-02 01:04:36 [[31merror[39m]: Buy order placement returned undefined {"service":"biconomy-volume-bot"}
2026-01-02 01:04:36 [[32minfo[39m]: ≡ƒ¢Æ [2/30] Placing book-depth buy order: 21.50 EPWX @ 9.3041e-1 [Book Depth] {"service":"biconomy-volume-bot"}
2026-01-02 01:04:36 [[31merror[39m]: Buy order placement returned undefined {"service":"biconomy-volume-bot"}
2026-01-02 01:04:36 [[32minfo[39m]: ≡ƒ¢Æ [3/30] Placing book-depth buy order: 21.50 EPWX @ 9.3022e-1 [Book Depth] {"service":"biconomy-volume-bot"}
2026-01-02 01:04:36 [[31merror[39m]: Buy order placement returned undefined {"service":"biconomy-volume-bot"}
2026-01-02 01:04:36 [[32minfo[39m]: ≡ƒ¢Æ [4/30] Placing book-depth buy order: 21.50 EPWX @ 9.3004e-1 [Book Depth] {"service":"biconomy-volume-bot"}
2026-01-02 01:04:36 [[31merror[39m]: Buy order placement returned undefined {"service":"biconomy-volume-bot"}
2026-01-02 01:04:36 [[32minfo[39m]: ≡ƒ¢Æ [5/30] Placing book-depth buy order: 21.51 EPWX @ 9.2985e-1 [Book Depth] {"service":"biconomy-volume-bot"}
2026-01-02 01:04:36 [[31merror[39m]: Buy order placement returned undefined {"service":"biconomy-volume-bot"}
2026-01-02 01:04:36 [[32minfo[39m]: ≡ƒ¢Æ [6/30] Placing book-depth buy order: 21.51 EPWX @ 9.2966e-1 [Book Depth] {"service":"biconomy-volume-bot"}
2026-01-02 01:04:36 [[31merror[39m]: Buy order placement returned undefined {"service":"biconomy-volume-bot"}
2026-01-02 01:04:36 [[32minfo[39m]: ≡ƒ¢Æ [7/30] Placing book-depth buy order: 21.52 EPWX @ 9.2947e-1 [Book Depth] {"service":"biconomy-volume-bot"}
2026-01-02 01:04:36 [[31merror[39m]: Buy order placement returned undefined {"service":"biconomy-volume-bot"}
2026-01-02 01:04:36 [[32minfo[39m]: ≡ƒ¢Æ [8/30] Placing book-depth buy order: 21.52 EPWX @ 9.2928e-1 [Book Depth] {"service":"biconomy-volume-bot"}
2026-01-02 01:04:36 [[31merror[39m]: Buy order placement returned undefined {"service":"biconomy-volume-bot"}
2026-01-02 01:04:36 [[32minfo[39m]: ≡ƒ¢Æ [9/30] Placing book-depth buy order: 21.53 EPWX @ 9.2910e-1 [Book Depth] {"service":"biconomy-volume-bot"}
2026-01-02 01:04:36 [[31merror[39m]: Buy order placement returned undefined {"service":"biconomy-volume-bot"}
2026-01-02 01:04:36 [[32minfo[39m]: ≡ƒ¢Æ [10/30] Placing book-depth buy order: 21.53 EPWX @ 9.2891e-1 [Book Depth] {"service":"biconomy-volume-bot"}
2026-01-02 01:04:36 [[31merror[39m]: Buy order placement returned undefined {"service":"biconomy-volume-bot"}
2026-01-02 01:04:36 [[32minfo[39m]: ≡ƒ¢Æ [11/30] Placing book-depth buy order: 21.54 EPWX @ 9.2872e-1 [Book Depth] {"service":"biconomy-volume-bot"}
2026-01-02 01:04:36 [[31merror[39m]: Buy order placement returned undefined {"service":"biconomy-volume-bot"}
2026-01-02 01:04:36 [[32minfo[39m]: ≡ƒ¢Æ [12/30] Placing book-depth buy order: 21.54 EPWX @ 9.2853e-1 [Book Depth] {"service":"biconomy-volume-bot"}
2026-01-02 01:04:36 [[31merror[39m]: Buy order placement returned undefined {"service":"biconomy-volume-bot"}
2026-01-02 01:04:36 [[32minfo[39m]: ≡ƒ¢Æ [13/30] Placing book-depth buy order: 21.54 EPWX @ 9.2834e-1 [Book Depth] {"service":"biconomy-volume-bot"}
2026-01-02 01:04:36 [[31merror[39m]: Buy order placement returned undefined {"service":"biconomy-volume-bot"}
2026-01-02 01:04:36 [[32minfo[39m]: ≡ƒ¢Æ [14/30] Placing book-depth buy order: 21.55 EPWX @ 9.2816e-1 [Book Depth] {"service":"biconomy-volume-bot"}
2026-01-02 01:04:36 [[31merror[39m]: Buy order placement returned undefined {"service":"biconomy-volume-bot"}
2026-01-02 01:04:36 [[32minfo[39m]: ≡ƒ¢Æ [15/30] Placing book-depth buy order: 21.55 EPWX @ 9.2797e-1 [Book Depth] {"service":"biconomy-volume-bot"}
2026-01-02 01:04:36 [[31merror[39m]: Buy order placement returned undefined {"service":"biconomy-volume-bot"}
2026-01-02 01:04:36 [[32minfo[39m]: ≡ƒ¢Æ [16/30] Placing book-depth buy order: 21.56 EPWX @ 9.2778e-1 [Book Depth] {"service":"biconomy-volume-bot"}
2026-01-02 01:04:36 [[31merror[39m]: Buy order placement returned undefined {"service":"biconomy-volume-bot"}
2026-01-02 01:04:36 [[32minfo[39m]: ≡ƒ¢Æ [17/30] Placing book-depth buy order: 21.56 EPWX @ 9.2759e-1 [Book Depth] {"service":"biconomy-volume-bot"}
2026-01-02 01:04:36 [[31merror[39m]: Buy order placement returned undefined {"service":"biconomy-volume-bot"}
2026-01-02 01:04:36 [[32minfo[39m]: ≡ƒ¢Æ [18/30] Placing book-depth buy order: 21.57 EPWX @ 9.2740e-1 [Book Depth] {"service":"biconomy-volume-bot"}
2026-01-02 01:04:36 [[31merror[39m]: Buy order placement returned undefined {"service":"biconomy-volume-bot"}
2026-01-02 01:04:36 [[32minfo[39m]: ≡ƒ¢Æ [19/30] Placing book-depth buy order: 21.57 EPWX @ 9.2722e-1 [Book Depth] {"service":"biconomy-volume-bot"}
2026-01-02 01:04:36 [[31merror[39m]: Buy order placement returned undefined {"service":"biconomy-volume-bot"}
2026-01-02 01:04:36 [[32minfo[39m]: ≡ƒ¢Æ [20/30] Placing book-depth buy order: 21.57 EPWX @ 9.2703e-1 [Book Depth] {"service":"biconomy-volume-bot"}
2026-01-02 01:04:36 [[31merror[39m]: Buy order placement returned undefined {"service":"biconomy-volume-bot"}
2026-01-02 01:04:36 [[32minfo[39m]: ≡ƒ¢Æ [21/30] Placing book-depth buy order: 21.58 EPWX @ 9.2684e-1 [Book Depth] {"service":"biconomy-volume-bot"}
2026-01-02 01:04:36 [[31merror[39m]: Buy order placement returned undefined {"service":"biconomy-volume-bot"}
2026-01-02 01:04:36 [[32minfo[39m]: ≡ƒ¢Æ [22/30] Placing book-depth buy order: 21.58 EPWX @ 9.2665e-1 [Book Depth] {"service":"biconomy-volume-bot"}
2026-01-02 01:04:36 [[31merror[39m]: Buy order placement returned undefined {"service":"biconomy-volume-bot"}
2026-01-02 01:04:36 [[32minfo[39m]: ≡ƒ¢Æ [23/30] Placing book-depth buy order: 21.59 EPWX @ 9.2646e-1 [Book Depth] {"service":"biconomy-volume-bot"}
2026-01-02 01:04:36 [[31merror[39m]: Buy order placement returned undefined {"service":"biconomy-volume-bot"}
2026-01-02 01:04:36 [[32minfo[39m]: ≡ƒ¢Æ [24/30] Placing book-depth buy order: 21.59 EPWX @ 9.2628e-1 [Book Depth] {"service":"biconomy-volume-bot"}
2026-01-02 01:04:36 [[31merror[39m]: Buy order placement returned undefined {"service":"biconomy-volume-bot"}
2026-01-02 01:04:36 [[32minfo[39m]: ≡ƒ¢Æ [25/30] Placing book-depth buy order: 21.60 EPWX @ 9.2609e-1 [Book Depth] {"service":"biconomy-volume-bot"}
2026-01-02 01:04:36 [[31merror[39m]: Buy order placement returned undefined {"service":"biconomy-volume-bot"}
2026-01-02 01:04:36 [[32minfo[39m]: ≡ƒ¢Æ [26/30] Placing book-depth buy order: 21.60 EPWX @ 9.2590e-1 [Book Depth] {"service":"biconomy-volume-bot"}
2026-01-02 01:04:36 [[31merror[39m]: Buy order placement returned undefined {"service":"biconomy-volume-bot"}
2026-01-02 01:04:36 [[32minfo[39m]: ≡ƒ¢Æ [27/30] Placing book-depth buy order: 21.60 EPWX @ 9.2571e-1 [Book Depth] {"service":"biconomy-volume-bot"}
2026-01-02 01:04:36 [[31merror[39m]: Buy order placement returned undefined {"service":"biconomy-volume-bot"}
2026-01-02 01:04:36 [[32minfo[39m]: ≡ƒ¢Æ [28/30] Placing book-depth buy order: 21.61 EPWX @ 9.2552e-1 [Book Depth] {"service":"biconomy-volume-bot"}
2026-01-02 01:04:36 [[31merror[39m]: Buy order placement returned undefined {"service":"biconomy-volume-bot"}
2026-01-02 01:04:36 [[32minfo[39m]: ≡ƒ¢Æ [29/30] Placing book-depth buy order: 21.61 EPWX @ 9.2534e-1 [Book Depth] {"service":"biconomy-volume-bot"}
2026-01-02 01:04:36 [[31merror[39m]: Buy order placement returned undefined {"service":"biconomy-volume-bot"}
2026-01-02 01:04:36 [[32minfo[39m]: ≡ƒ¢Æ [30/30] Placing book-depth buy order: 21.62 EPWX @ 9.2515e-1 [Book Depth] {"service":"biconomy-volume-bot"}
2026-01-02 01:04:36 [[31merror[39m]: Buy order placement returned undefined {"service":"biconomy-volume-bot"}
2026-01-02 01:04:36 [[32minfo[39m]: ≡ƒÆ░ [1/30] Placing book-depth sell order: 21.07 EPWX @ 9.4940e-1 [Book Depth] {"service":"biconomy-volume-bot"}
2026-01-02 01:04:36 [[31merror[39m]: Sell order placement returned undefined {"service":"biconomy-volume-bot"}
2026-01-02 01:04:36 [[32minfo[39m]: ≡ƒÆ░ [2/30] Placing book-depth sell order: 21.06 EPWX @ 9.4959e-1 [Book Depth] {"service":"biconomy-volume-bot"}
2026-01-02 01:04:36 [[31merror[39m]: Sell order placement returned undefined {"service":"biconomy-volume-bot"}
2026-01-02 01:04:36 [[32minfo[39m]: ≡ƒÆ░ [3/30] Placing book-depth sell order: 21.06 EPWX @ 9.4978e-1 [Book Depth] {"service":"biconomy-volume-bot"}
2026-01-02 01:04:36 [[31merror[39m]: Sell order placement returned undefined {"service":"biconomy-volume-bot"}
2026-01-02 01:04:36 [[32minfo[39m]: ≡ƒÆ░ [4/30] Placing book-depth sell order: 21.05 EPWX @ 9.4996e-1 [Book Depth] {"service":"biconomy-volume-bot"}
2026-01-02 01:04:36 [[31merror[39m]: Sell order placement returned undefined {"service":"biconomy-volume-bot"}
2026-01-02 01:04:36 [[32minfo[39m]: ≡ƒÆ░ [5/30] Placing book-depth sell order: 21.05 EPWX @ 9.5015e-1 [Book Depth] {"service":"biconomy-volume-bot"}
2026-01-02 01:04:36 [[31merror[39m]: Sell order placement returned undefined {"service":"biconomy-volume-bot"}
2026-01-02 01:04:36 [[32minfo[39m]: ≡ƒÆ░ [6/30] Placing book-depth sell order: 21.05 EPWX @ 9.5034e-1 [Book Depth] {"service":"biconomy-volume-bot"}
2026-01-02 01:04:36 [[31merror[39m]: Sell order placement returned undefined {"service":"biconomy-volume-bot"}
2026-01-02 01:04:36 [[32minfo[39m]: ≡ƒÆ░ [7/30] Placing book-depth sell order: 21.04 EPWX @ 9.5053e-1 [Book Depth] {"service":"biconomy-volume-bot"}
2026-01-02 01:04:36 [[31merror[39m]: Sell order placement returned undefined {"service":"biconomy-volume-bot"}
2026-01-02 01:04:36 [[32minfo[39m]: ≡ƒÆ░ [8/30] Placing book-depth sell order: 21.04 EPWX @ 9.5072e-1 [Book Depth] {"service":"biconomy-volume-bot"}
2026-01-02 01:04:36 [[31merror[39m]: Sell order placement returned undefined {"service":"biconomy-volume-bot"}
2026-01-02 01:04:36 [[32minfo[39m]: ≡ƒÆ░ [9/30] Placing book-depth sell order: 21.03 EPWX @ 9.5090e-1 [Book Depth] {"service":"biconomy-volume-bot"}
2026-01-02 01:04:36 [[31merror[39m]: Sell order placement returned undefined {"service":"biconomy-volume-bot"}
2026-01-02 01:04:36 [[32minfo[39m]: ≡ƒÆ░ [10/30] Placing book-depth sell order: 21.03 EPWX @ 9.5109e-1 [Book Depth] {"service":"biconomy-volume-bot"}
2026-01-02 01:04:36 [[31merror[39m]: Sell order placement returned undefined {"service":"biconomy-volume-bot"}
2026-01-02 01:04:36 [[32minfo[39m]: ≡ƒÆ░ [11/30] Placing book-depth sell order: 21.02 EPWX @ 9.5128e-1 [Book Depth] {"service":"biconomy-volume-bot"}
2026-01-02 01:04:36 [[31merror[39m]: Sell order placement returned undefined {"service":"biconomy-volume-bot"}
2026-01-02 01:04:36 [[32minfo[39m]: ≡ƒÆ░ [12/30] Placing book-depth sell order: 21.02 EPWX @ 9.5147e-1 [Book Depth] {"service":"biconomy-volume-bot"}
2026-01-02 01:04:36 [[31merror[39m]: Sell order placement returned undefined {"service":"biconomy-volume-bot"}
2026-01-02 01:04:36 [[32minfo[39m]: ≡ƒÆ░ [13/30] Placing book-depth sell order: 21.02 EPWX @ 9.5166e-1 [Book Depth] {"service":"biconomy-volume-bot"}
2026-01-02 01:04:36 [[31merror[39m]: Sell order placement returned undefined {"service":"biconomy-volume-bot"}
2026-01-02 01:04:36 [[32minfo[39m]: ≡ƒÆ░ [14/30] Placing book-depth sell order: 21.01 EPWX @ 9.5184e-1 [Book Depth] {"service":"biconomy-volume-bot"}
2026-01-02 01:04:36 [[31merror[39m]: Sell order placement returned undefined {"service":"biconomy-volume-bot"}
2026-01-02 01:04:36 [[32minfo[39m]: ≡ƒÆ░ [15/30] Placing book-depth sell order: 21.01 EPWX @ 9.5203e-1 [Book Depth] {"service":"biconomy-volume-bot"}
2026-01-02 01:04:36 [[31merror[39m]: Sell order placement returned undefined {"service":"biconomy-volume-bot"}
2026-01-02 01:04:36 [[32minfo[39m]: ≡ƒÆ░ [16/30] Placing book-depth sell order: 21.00 EPWX @ 9.5222e-1 [Book Depth] {"service":"biconomy-volume-bot"}
2026-01-02 01:04:36 [[31merror[39m]: Sell order placement returned undefined {"service":"biconomy-volume-bot"}
2026-01-02 01:04:36 [[32minfo[39m]: ≡ƒÆ░ [17/30] Placing book-depth sell order: 21.00 EPWX @ 9.5241e-1 [Book Depth] {"service":"biconomy-volume-bot"}
2026-01-02 01:04:36 [[31merror[39m]: Sell order placement returned undefined {"service":"biconomy-volume-bot"}
2026-01-02 01:04:36 [[32minfo[39m]: ≡ƒÆ░ [18/30] Placing book-depth sell order: 21.00 EPWX @ 9.5260e-1 [Book Depth] {"service":"biconomy-volume-bot"}
2026-01-02 01:04:36 [[31merror[39m]: Sell order placement returned undefined {"service":"biconomy-volume-bot"}
2026-01-02 01:04:36 [[32minfo[39m]: ≡ƒÆ░ [19/30] Placing book-depth sell order: 20.99 EPWX @ 9.5278e-1 [Book Depth] {"service":"biconomy-volume-bot"}
2026-01-02 01:04:36 [[31merror[39m]: Sell order placement returned undefined {"service":"biconomy-volume-bot"}
2026-01-02 01:04:36 [[32minfo[39m]: ≡ƒÆ░ [20/30] Placing book-depth sell order: 20.99 EPWX @ 9.5297e-1 [Book Depth] {"service":"biconomy-volume-bot"}
2026-01-02 01:04:36 [[31merror[39m]: Sell order placement returned undefined {"service":"biconomy-volume-bot"}
2026-01-02 01:04:36 [[32minfo[39m]: ≡ƒÆ░ [21/30] Placing book-depth sell order: 20.98 EPWX @ 9.5316e-1 [Book Depth] {"service":"biconomy-volume-bot"}
2026-01-02 01:04:36 [[31merror[39m]: Sell order placement returned undefined {"service":"biconomy-volume-bot"}
2026-01-02 01:04:36 [[32minfo[39m]: ≡ƒÆ░ [22/30] Placing book-depth sell order: 20.98 EPWX @ 9.5335e-1 [Book Depth] {"service":"biconomy-volume-bot"}
2026-01-02 01:04:36 [[31merror[39m]: Sell order placement returned undefined {"service":"biconomy-volume-bot"}
2026-01-02 01:04:36 [[32minfo[39m]: ≡ƒÆ░ [23/30] Placing book-depth sell order: 20.97 EPWX @ 9.5354e-1 [Book Depth] {"service":"biconomy-volume-bot"}
2026-01-02 01:04:36 [[31merror[39m]: Sell order placement returned undefined {"service":"biconomy-volume-bot"}
2026-01-02 01:04:36 [[32minfo[39m]: ≡ƒÆ░ [24/30] Placing book-depth sell order: 20.97 EPWX @ 9.5372e-1 [Book Depth] {"service":"biconomy-volume-bot"}
2026-01-02 01:04:36 [[31merror[39m]: Sell order placement returned undefined {"service":"biconomy-volume-bot"}
2026-01-02 01:04:36 [[32minfo[39m]: ≡ƒÆ░ [25/30] Placing book-depth sell order: 20.97 EPWX @ 9.5391e-1 [Book Depth] {"service":"biconomy-volume-bot"}
2026-01-02 01:04:36 [[31merror[39m]: Sell order placement returned undefined {"service":"biconomy-volume-bot"}
2026-01-02 01:04:36 [[32minfo[39m]: ≡ƒÆ░ [26/30] Placing book-depth sell order: 20.96 EPWX @ 9.5410e-1 [Book Depth] {"service":"biconomy-volume-bot"}
2026-01-02 01:04:36 [[31merror[39m]: Sell order placement returned undefined {"service":"biconomy-volume-bot"}
2026-01-02 01:04:36 [[32minfo[39m]: ≡ƒÆ░ [27/30] Placing book-depth sell order: 20.96 EPWX @ 9.5429e-1 [Book Depth] {"service":"biconomy-volume-bot"}
2026-01-02 01:04:36 [[31merror[39m]: Sell order placement returned undefined {"service":"biconomy-volume-bot"}
2026-01-02 01:04:36 [[32minfo[39m]: ≡ƒÆ░ [28/30] Placing book-depth sell order: 20.95 EPWX @ 9.5448e-1 [Book Depth] {"service":"biconomy-volume-bot"}
2026-01-02 01:04:36 [[31merror[39m]: Sell order placement returned undefined {"service":"biconomy-volume-bot"}
2026-01-02 01:04:36 [[32minfo[39m]: ≡ƒÆ░ [29/30] Placing book-depth sell order: 20.95 EPWX @ 9.5466e-1 [Book Depth] {"service":"biconomy-volume-bot"}
2026-01-02 01:04:36 [[31merror[39m]: Sell order placement returned undefined {"service":"biconomy-volume-bot"}
  console.log
    Calling testPlaceSellOrder...

      at Object.<anonymous> (src/strategies/__tests__/volume-generation.strategy.test.ts:409:13)

  console.log
    Result from testPlaceSellOrder: sellId

      at Object.<anonymous> (src/strategies/__tests__/volume-generation.strategy.test.ts:411:13)

  console.log
    mockExchange.placeOrder call count: 1

      at Object.<anonymous> (src/strategies/__tests__/volume-generation.strategy.test.ts:414:13)

  console.log
    Calling testPlaceBuyOrder...

      at Object.<anonymous> (src/strategies/__tests__/volume-generation.strategy.test.ts:443:13)

  console.log
    Result from testPlaceBuyOrder: buyId

      at Object.<anonymous> (src/strategies/__tests__/volume-generation.strategy.test.ts:445:13)

  console.log
    mockExchange.placeOrder call count: 1

      at Object.<anonymous> (src/strategies/__tests__/volume-generation.strategy.test.ts:448:13)

npx : FAIL src/strategies/__tests__/volume-generation.st
rategy.test.ts (5.099 s)
At line:1 char:1
+ npx jest --verbose --detectOpenHandles --runInBand 
2>&1 | tee jest-ou ...
+ 
~~~~~~~~~~~~~~~~~~~~~~~~~~~~~~~~~~~~~~~~~~~~~~~~~~~~~~~
    + CategoryInfo          : NotSpecified: (FAIL src/s 
   trate...st.ts (5.099 s):String) [], RemoteException
    + FullyQualifiedErrorId : NativeCommandError
 
  ΓêÜ should NOT allow buy orders if available USDT is 
insufficient (pure logic) (20 ms)
  ΓêÜ should calculate safe order size correctly based 
on available USDT and total orders needed (1303 ms)
  ΓêÜ should cancel excess buy and sell orders when 
above the target (10 ms)
  ΓêÜ should handle floating-point precision and not 
miss the 500 USDT threshold (2 ms)
  ΓêÜ should not count orders with zero or negative 
amounts toward depth (4 ms)
  ΓêÜ should only count orders within bands toward 
depth when mixed with outside orders (11 ms)
  ΓêÜ should only add enough orders to reach 500 USDT 
if partial depth exists (5 ms)
  ΓêÜ should not count orders outside ┬▒2% bands toward 
depth (7 ms)
  ΓêÜ should count orders at 98%, 100%, and 102% band 
edges toward depth (5 ms)
  ΓêÜ should create all required orders if the order 
book is empty (5 ms)
  Order Placement Logic
    ΓêÜ should place at least 30 buy and 30 sell orders 
in the target price bands (8 ms)
    ├ù should place buy orders at 98%-100% and sell 
orders at 100%-102% of reference price (38 ms)
  Wash trading logic
    ΓêÜ should place matching buy/sell orders for wash 
trading and track pairs (3 ms)
    ΓêÜ should increment washTrades count in 
profitStats on wash trade fill (2 ms)
  MM account balance < $1000 order execution
    ΓêÜ should NOT execute real user SELL order if MM 
balance < $1000 and not market order (2 ms)
    ΓêÜ should execute real user SELL market order even 
if MM balance < $1000 (6 ms)
    ΓêÜ should execute real user BUY order even if MM 
balance < $1000 (7 ms)
  Order book depth logic
    ΓêÜ should clean up excess buy and sell orders to 
maintain only 30 each (6 ms)
    ΓêÜ should maintain at least 30 buy and 30 sell 
orders (5 ms)
    ΓêÜ should ensure buy order depth ΓëÑ 500 USDT 
between 98%-100% of mid-price (11 ms)
    ΓêÜ should ensure sell order depth ΓëÑ 500 USDT 
between 100%-102% of mid-price (5 ms)
    ΓêÜ should handle a large order book (hundreds of 
orders) efficiently and correctly (6 ms)

  ΓùÅ Order Placement Logic ΓÇ║ should place buy orders 
at 98%-100% and sell orders at 100%-102% of reference 
price

    expect(received).toBeGreaterThanOrEqual(expected)

    Expected: >= 0.9299
    Received:    0.9297199999999999

    [0m [90m 248 |[39m     [36mconst[39m 
[33mMAX_SELL[39m [33m=[39m 
[35m0.9651[39m[33m;[39m
     [90m 249 |[39m     buys[33m.[39mforEach(buy 
[33m=>[39m {
    [31m[1m>[22m[39m[90m 250 |[39m       
expect(buy[33m.[39mprice [33m+[39m [33mEPSILON[39m
)[33m.[39mtoBeGreaterThanOrEqual([33mMIN_BUY[39m)[3
3m;[39m
     [90m     |[39m                                   
[31m[1m^[22m[39m
     [90m 251 |[39m       expect(buy[33m.[39mprice)
[33m.[39mtoBeLessThanOrEqual([35m1.0[39m [33m+[39m 
[33mEPSILON[39m)[33m;[39m
     [90m 252 |[39m     })[33m;[39m
     [90m 253 |[39m     sells[33m.[39mforEach(sell 
[33m=>[39m {[0m

      at src/strategies/__tests__/volume-generation.stra
tegy.test.ts:250:35
          at Array.forEach (<anonymous>)
      at Object.<anonymous> (src/strategies/__tests__/vo
lume-generation.strategy.test.ts:249:10)

PASS src/strategies/__tests__/dex-biconomy-diff.test.ts
  DEX vs Biconomy price difference
    ΓêÜ should calculate the percentage difference 
between DEX and Biconomy prices (7 ms)

Test Suites: 1 failed, 1 passed, 2 total
Tests:       1 failed, 22 passed, 23 total
Snapshots:   0 total
Time:        6.258 s
Ran all test suites.
2026-01-02 01:04:37 [[32minfo[39m]: ≡ƒÆ░ [30/30] Placing book-depth sell order: 20.95 EPWX @ 9.5485e-1 [Book Depth] {"service":"biconomy-volume-bot"}
2026-01-02 01:04:37 [[31merror[39m]: Sell order placement returned undefined {"service":"biconomy-volume-bot"}
2026-01-02 01:04:37 [[32minfo[39m]: ≡ƒ¢Æ [Wash 1/5] Placing matching BUY/SELL: 21.28 EPWX @ 9.4000e-1 [Wash Trade] {"service":"biconomy-volume-bot"}
2026-01-02 01:04:37 [[31merror[39m]: Buy order placement returned undefined {"service":"biconomy-volume-bot"}
2026-01-02 01:04:37 [[31merror[39m]: Sell order placement returned undefined {"service":"biconomy-volume-bot"}
2026-01-02 01:04:37 [[32minfo[39m]: ≡ƒ¢Æ [Wash 2/5] Placing matching BUY/SELL: 21.28 EPWX @ 9.4000e-1 [Wash Trade] {"service":"biconomy-volume-bot"}
2026-01-02 01:04:37 [[31merror[39m]: Buy order placement returned undefined {"service":"biconomy-volume-bot"}
2026-01-02 01:04:37 [[31merror[39m]: Sell order placement returned undefined {"service":"biconomy-volume-bot"}
2026-01-02 01:04:37 [[32minfo[39m]: ≡ƒ¢Æ [Wash 3/5] Placing matching BUY/SELL: 21.28 EPWX @ 9.4000e-1 [Wash Trade] {"service":"biconomy-volume-bot"}
2026-01-02 01:04:37 [[31merror[39m]: Buy order placement returned undefined {"service":"biconomy-volume-bot"}

Jest has detected the following 1 open handle 
potentially keeping Jest from exiting:

  ΓùÅ  FSREQCALLBACK

    [0m [90m 37 |[39m       maxFiles[33m:[39m 
[35m5[39m[33m,[39m
     [90m 38 |[39m     })[33m,[39m
    [31m[1m>[22m[39m[90m 39 |[39m     
[36mnew[39m 
winston[33m.[39mtransports[33m.[39m[33mFile[39m({
     [90m    |[39m     [31m[1m^[22m[39m
     [90m 40 |[39m       filename[33m:[39m 
[32m'logs/combined.log'[39m[33m,[39m
     [90m 41 |[39m       maxsize[33m:[39m 
[35m5242880[39m[33m,[39m
     [90m 42 |[39m       maxFiles[33m:[39m 
[35m5[39m[33m,[39m[0m

      at File.stat (node_modules/winston/lib/winston/tra
nsports/file.js:490:8)
      at File.open (node_modules/winston/lib/winston/tra
nsports/file.js:465:10)
      at new File (node_modules/winston/lib/winston/tran
sports/file.js:95:26)
      at Object.<anonymous> (src/utils/logger.ts:39:5)
      at Object.<anonymous> 
(src/services/biconomy-exchange.service.ts:4:1)
      at Object.<anonymous> 
(src/strategies/volume-generation.strategy.ts:1:1)
      at Object.<anonymous> (src/strategies/__tests__/vo
lume-generation.strategy.test.ts:262:1)

2026-01-02 01:04:37 [[31merror[39m]: Sell order placement returned undefined {"service":"biconomy-volume-bot"}
2026-01-02 01:04:37 [[32minfo[39m]: ≡ƒ¢Æ [Wash 4/5] Placing matching BUY/SELL: 21.28 EPWX @ 9.4000e-1 [Wash Trade] {"service":"biconomy-volume-bot"}
2026-01-02 01:04:37 [[31merror[39m]: Buy order placement returned undefined {"service":"biconomy-volume-bot"}
2026-01-02 01:04:37 [[31merror[39m]: Sell order placement returned undefined {"service":"biconomy-volume-bot"}
2026-01-02 01:04:37 [[32minfo[39m]: ≡ƒ¢Æ [Wash 5/5] Placing matching BUY/SELL: 21.28 EPWX @ 9.4000e-1 [Wash Trade] {"service":"biconomy-volume-bot"}
2026-01-02 01:04:37 [[31merror[39m]: Buy order placement returned undefined {"service":"biconomy-volume-bot"}
2026-01-02 01:04:37 [[31merror[39m]: Sell order placement returned undefined {"service":"biconomy-volume-bot"}
2026-01-02 01:04:37 [[32minfo[39m]: ≡ƒÆ░ [1/30] Placing sell order: 21.07 EPWX @ 9.4940e-1 (~$20.00) [Source: DEX] {"service":"biconomy-volume-bot"}
2026-01-02 01:04:37 [[31merror[39m]: Sell order placement returned undefined {"service":"biconomy-volume-bot"}
2026-01-02 01:04:37 [[32minfo[39m]: ≡ƒÆ░ [2/30] Placing sell order: 21.06 EPWX @ 9.4959e-1 (~$20.00) [Source: DEX] {"service":"biconomy-volume-bot"}
2026-01-02 01:04:37 [[31merror[39m]: Sell order placement returned undefined {"service":"biconomy-volume-bot"}
2026-01-02 01:04:37 [[32minfo[39m]: ≡ƒÆ░ [3/30] Placing sell order: 21.06 EPWX @ 9.4978e-1 (~$20.00) [Source: DEX] {"service":"biconomy-volume-bot"}
2026-01-02 01:04:37 [[31merror[39m]: Sell order placement returned undefined {"service":"biconomy-volume-bot"}
2026-01-02 01:04:37 [[32minfo[39m]: ≡ƒÆ░ [4/30] Placing sell order: 21.05 EPWX @ 9.4996e-1 (~$20.00) [Source: DEX] {"service":"biconomy-volume-bot"}
2026-01-02 01:04:37 [[31merror[39m]: Sell order placement returned undefined {"service":"biconomy-volume-bot"}
2026-01-02 01:04:37 [[32minfo[39m]: ≡ƒÆ░ [5/30] Placing sell order: 21.05 EPWX @ 9.5015e-1 (~$20.00) [Source: DEX] {"service":"biconomy-volume-bot"}
2026-01-02 01:04:37 [[31merror[39m]: Sell order placement returned undefined {"service":"biconomy-volume-bot"}
2026-01-02 01:04:37 [[32minfo[39m]: ≡ƒÆ░ [6/30] Placing sell order: 21.05 EPWX @ 9.5034e-1 (~$20.00) [Source: DEX] {"service":"biconomy-volume-bot"}
2026-01-02 01:04:37 [[31merror[39m]: Sell order placement returned undefined {"service":"biconomy-volume-bot"}
2026-01-02 01:04:37 [[32minfo[39m]: ≡ƒÆ░ [7/30] Placing sell order: 21.04 EPWX @ 9.5053e-1 (~$20.00) [Source: DEX] {"service":"biconomy-volume-bot"}
2026-01-02 01:04:37 [[31merror[39m]: Sell order placement returned undefined {"service":"biconomy-volume-bot"}
2026-01-02 01:04:37 [[32minfo[39m]: ≡ƒÆ░ [8/30] Placing sell order: 21.04 EPWX @ 9.5072e-1 (~$20.00) [Source: DEX] {"service":"biconomy-volume-bot"}
2026-01-02 01:04:37 [[31merror[39m]: Sell order placement returned undefined {"service":"biconomy-volume-bot"}
2026-01-02 01:04:37 [[32minfo[39m]: ≡ƒÆ░ [9/30] Placing sell order: 21.03 EPWX @ 9.5090e-1 (~$20.00) [Source: DEX] {"service":"biconomy-volume-bot"}
2026-01-02 01:04:37 [[31merror[39m]: Sell order placement returned undefined {"service":"biconomy-volume-bot"}
2026-01-02 01:04:37 [[32minfo[39m]: ≡ƒÆ░ [10/30] Placing sell order: 21.03 EPWX @ 9.5109e-1 (~$20.00) [Source: DEX] {"service":"biconomy-volume-bot"}
2026-01-02 01:04:37 [[31merror[39m]: Sell order placement returned undefined {"service":"biconomy-volume-bot"}
2026-01-02 01:04:37 [[32minfo[39m]: ≡ƒÆ░ [11/30] Placing sell order: 21.02 EPWX @ 9.5128e-1 (~$20.00) [Source: DEX] {"service":"biconomy-volume-bot"}
2026-01-02 01:04:37 [[31merror[39m]: Sell order placement returned undefined {"service":"biconomy-volume-bot"}
2026-01-02 01:04:37 [[32minfo[39m]: ≡ƒÆ░ [12/30] Placing sell order: 21.02 EPWX @ 9.5147e-1 (~$20.00) [Source: DEX] {"service":"biconomy-volume-bot"}
2026-01-02 01:04:37 [[31merror[39m]: Sell order placement returned undefined {"service":"biconomy-volume-bot"}
2026-01-02 01:04:37 [[32minfo[39m]: ≡ƒÆ░ [13/30] Placing sell order: 21.02 EPWX @ 9.5166e-1 (~$20.00) [Source: DEX] {"service":"biconomy-volume-bot"}
2026-01-02 01:04:37 [[31merror[39m]: Sell order placement returned undefined {"service":"biconomy-volume-bot"}
2026-01-02 01:04:37 [[32minfo[39m]: ≡ƒÆ░ [14/30] Placing sell order: 21.01 EPWX @ 9.5184e-1 (~$20.00) [Source: DEX] {"service":"biconomy-volume-bot"}
2026-01-02 01:04:37 [[31merror[39m]: Sell order placement returned undefined {"service":"biconomy-volume-bot"}
2026-01-02 01:04:37 [[32minfo[39m]: ≡ƒÆ░ [15/30] Placing sell order: 21.01 EPWX @ 9.5203e-1 (~$20.00) [Source: DEX] {"service":"biconomy-volume-bot"}
2026-01-02 01:04:37 [[31merror[39m]: Sell order placement returned undefined {"service":"biconomy-volume-bot"}
2026-01-02 01:04:37 [[32minfo[39m]: ≡ƒÆ░ [16/30] Placing sell order: 21.00 EPWX @ 9.5222e-1 (~$20.00) [Source: DEX] {"service":"biconomy-volume-bot"}
2026-01-02 01:04:37 [[31merror[39m]: Sell order placement returned undefined {"service":"biconomy-volume-bot"}
2026-01-02 01:04:37 [[32minfo[39m]: ≡ƒÆ░ [17/30] Placing sell order: 21.00 EPWX @ 9.5241e-1 (~$20.00) [Source: DEX] {"service":"biconomy-volume-bot"}
2026-01-02 01:04:37 [[31merror[39m]: Sell order placement returned undefined {"service":"biconomy-volume-bot"}
2026-01-02 01:04:37 [[32minfo[39m]: ≡ƒÆ░ [18/30] Placing sell order: 21.00 EPWX @ 9.5260e-1 (~$20.00) [Source: DEX] {"service":"biconomy-volume-bot"}
2026-01-02 01:04:37 [[31merror[39m]: Sell order placement returned undefined {"service":"biconomy-volume-bot"}
2026-01-02 01:04:37 [[32minfo[39m]: ≡ƒÆ░ [19/30] Placing sell order: 20.99 EPWX @ 9.5278e-1 (~$20.00) [Source: DEX] {"service":"biconomy-volume-bot"}
2026-01-02 01:04:37 [[31merror[39m]: Sell order placement returned undefined {"service":"biconomy-volume-bot"}
2026-01-02 01:04:37 [[32minfo[39m]: ≡ƒÆ░ [20/30] Placing sell order: 20.99 EPWX @ 9.5297e-1 (~$20.00) [Source: DEX] {"service":"biconomy-volume-bot"}
2026-01-02 01:04:37 [[31merror[39m]: Sell order placement returned undefined {"service":"biconomy-volume-bot"}
2026-01-02 01:04:37 [[32minfo[39m]: ≡ƒÆ░ [21/30] Placing sell order: 20.98 EPWX @ 9.5316e-1 (~$20.00) [Source: DEX] {"service":"biconomy-volume-bot"}
2026-01-02 01:04:37 [[31merror[39m]: Sell order placement returned undefined {"service":"biconomy-volume-bot"}
2026-01-02 01:04:37 [[32minfo[39m]: ≡ƒÆ░ [22/30] Placing sell order: 20.98 EPWX @ 9.5335e-1 (~$20.00) [Source: DEX] {"service":"biconomy-volume-bot"}
2026-01-02 01:04:37 [[31merror[39m]: Sell order placement returned undefined {"service":"biconomy-volume-bot"}
2026-01-02 01:04:37 [[32minfo[39m]: ≡ƒÆ░ [23/30] Placing sell order: 20.97 EPWX @ 9.5354e-1 (~$20.00) [Source: DEX] {"service":"biconomy-volume-bot"}
2026-01-02 01:04:37 [[31merror[39m]: Sell order placement returned undefined {"service":"biconomy-volume-bot"}
2026-01-02 01:04:37 [[32minfo[39m]: ≡ƒÆ░ [24/30] Placing sell order: 20.97 EPWX @ 9.5372e-1 (~$20.00) [Source: DEX] {"service":"biconomy-volume-bot"}
2026-01-02 01:04:37 [[31merror[39m]: Sell order placement returned undefined {"service":"biconomy-volume-bot"}
2026-01-02 01:04:37 [[32minfo[39m]: ≡ƒÆ░ [25/30] Placing sell order: 20.97 EPWX @ 9.5391e-1 (~$20.00) [Source: DEX] {"service":"biconomy-volume-bot"}
2026-01-02 01:04:37 [[31merror[39m]: Sell order placement returned undefined {"service":"biconomy-volume-bot"}
2026-01-02 01:04:37 [[32minfo[39m]: ≡ƒÆ░ [26/30] Placing sell order: 20.96 EPWX @ 9.5410e-1 (~$20.00) [Source: DEX] {"service":"biconomy-volume-bot"}
2026-01-02 01:04:37 [[31merror[39m]: Sell order placement returned undefined {"service":"biconomy-volume-bot"}
2026-01-02 01:04:37 [[32minfo[39m]: ≡ƒÆ░ [27/30] Placing sell order: 20.96 EPWX @ 9.5429e-1 (~$20.00) [Source: DEX] {"service":"biconomy-volume-bot"}
2026-01-02 01:04:37 [[31merror[39m]: Sell order placement returned undefined {"service":"biconomy-volume-bot"}
2026-01-02 01:04:37 [[32minfo[39m]: ≡ƒÆ░ [28/30] Placing sell order: 20.95 EPWX @ 9.5448e-1 (~$20.00) [Source: DEX] {"service":"biconomy-volume-bot"}
2026-01-02 01:04:37 [[31merror[39m]: Sell order placement returned undefined {"service":"biconomy-volume-bot"}
2026-01-02 01:04:37 [[32minfo[39m]: ≡ƒÆ░ [29/30] Placing sell order: 20.95 EPWX @ 9.5466e-1 (~$20.00) [Source: DEX] {"service":"biconomy-volume-bot"}
2026-01-02 01:04:37 [[31merror[39m]: Sell order placement returned undefined {"service":"biconomy-volume-bot"}
2026-01-02 01:04:37 [[32minfo[39m]: ≡ƒÆ░ [30/30] Placing sell order: 20.95 EPWX @ 9.5485e-1 (~$20.00) [Source: DEX] {"service":"biconomy-volume-bot"}
2026-01-02 01:04:37 [[31merror[39m]: Sell order placement returned undefined {"service":"biconomy-volume-bot"}
2026-01-02 01:04:37 [[32minfo[39m]: ≡ƒöä Starting order placement cycle {"service":"biconomy-volume-bot"}
2026-01-02 01:04:37 [[32minfo[39m]: ≡ƒöä [DEX] Fetching EPWX price from PancakeSwap... {"service":"biconomy-volume-bot"}
2026-01-02 01:04:37 [[32minfo[39m]: ≡ƒÑ₧ DEX (PancakeSwap) price fetched: 1 EPWX Γëê 1 USD {"service":"biconomy-volume-bot"}
2026-01-02 01:04:37 [[32minfo[39m]: ≡ƒö╕ DEX price after 6% discount: 1 EPWX Γëê 0.94 USD {"service":"biconomy-volume-bot"}
2026-01-02 01:04:37 [[32minfo[39m]: Biconomy market price: 1, bid: 1, ask: 1 {"service":"biconomy-volume-bot"}
2026-01-02 01:04:37 [[32minfo[39m]: Using DEX price as reference for all wash trades. {"service":"biconomy-volume-bot"}
2026-01-02 01:04:37 [[32minfo[39m]: ≡ƒôè [PRE-CLEANUP] Current orders: 35 buys, 37 sells (target: 30 each) {"service":"biconomy-volume-bot"}
2026-01-02 01:04:37 [[32minfo[39m]: [Cleanup] Cancelling excess BUY order: buy4 {"service":"biconomy-volume-bot"}
2026-01-02 01:04:37 [[32minfo[39m]: [Cleanup] Cancelling excess BUY order: buy3 {"service":"biconomy-volume-bot"}
2026-01-02 01:04:37 [[32minfo[39m]: [Cleanup] Cancelling excess BUY order: buy2 {"service":"biconomy-volume-bot"}
2026-01-02 01:04:37 [[32minfo[39m]: [Cleanup] Cancelling excess BUY order: buy1 {"service":"biconomy-volume-bot"}
2026-01-02 01:04:37 [[32minfo[39m]: [Cleanup] Cancelling excess BUY order: buy0 {"service":"biconomy-volume-bot"}
2026-01-02 01:04:37 [[32minfo[39m]: [Cleanup] Cancelling excess SELL order: sell6 {"service":"biconomy-volume-bot"}
2026-01-02 01:04:37 [[32minfo[39m]: [Cleanup] Cancelling excess SELL order: sell5 {"service":"biconomy-volume-bot"}
2026-01-02 01:04:37 [[32minfo[39m]: [Cleanup] Cancelling excess SELL order: sell4 {"service":"biconomy-volume-bot"}
2026-01-02 01:04:37 [[32minfo[39m]: [Cleanup] Cancelling excess SELL order: sell3 {"service":"biconomy-volume-bot"}
2026-01-02 01:04:37 [[32minfo[39m]: [Cleanup] Cancelling excess SELL order: sell2 {"service":"biconomy-volume-bot"}
2026-01-02 01:04:37 [[32minfo[39m]: [Cleanup] Cancelling excess SELL order: sell1 {"service":"biconomy-volume-bot"}
2026-01-02 01:04:37 [[32minfo[39m]: [Cleanup] Cancelling excess SELL order: sell0 {"service":"biconomy-volume-bot"}
2026-01-02 01:04:37 [[32minfo[39m]: ≡ƒôè [POST-CLEANUP] Orders: 30 buys, 30 sells (target: 30 each) {"service":"biconomy-volume-bot"}
2026-01-02 01:04:37 [[32minfo[39m]: ≡ƒöº Calculated safe order size: $20.00 per order {"service":"biconomy-volume-bot"}
2026-01-02 01:04:37 [[32minfo[39m]: ≡ƒôÅ Buy depth (98%-100%): $0.00 | Sell depth (100%-102%): $0.00 {"service":"biconomy-volume-bot"}
2026-01-02 01:04:37 [[32minfo[39m]: ≡ƒƒó Need to add $500.00 buy orders in 98%-100% band {"service":"biconomy-volume-bot"}
2026-01-02 01:04:37 [[32minfo[39m]: ≡ƒƒó Placing depth buy order: 21.39 EPWX @ 9.3517e-1 {"service":"biconomy-volume-bot"}
2026-01-02 01:04:37 [[31merror[39m]: Buy order placement returned undefined {"service":"biconomy-volume-bot"}
2026-01-02 01:04:37 [[32minfo[39m]: ≡ƒƒó Placing depth buy order: 21.47 EPWX @ 9.3136e-1 {"service":"biconomy-volume-bot"}
2026-01-02 01:04:37 [[31merror[39m]: Buy order placement returned undefined {"service":"biconomy-volume-bot"}
2026-01-02 01:04:37 [[32minfo[39m]: ≡ƒƒó Placing depth buy order: 21.37 EPWX @ 9.3586e-1 {"service":"biconomy-volume-bot"}
2026-01-02 01:04:37 [[31merror[39m]: Buy order placement returned undefined {"service":"biconomy-volume-bot"}
2026-01-02 01:04:37 [[32minfo[39m]: ≡ƒƒó Placing depth buy order: 21.36 EPWX @ 9.3628e-1 {"service":"biconomy-volume-bot"}
2026-01-02 01:04:37 [[31merror[39m]: Buy order placement returned undefined {"service":"biconomy-volume-bot"}
2026-01-02 01:04:37 [[32minfo[39m]: ≡ƒƒó Placing depth buy order: 21.32 EPWX @ 9.3792e-1 {"service":"biconomy-volume-bot"}
2026-01-02 01:04:37 [[31merror[39m]: Buy order placement returned undefined {"service":"biconomy-volume-bot"}
2026-01-02 01:04:37 [[32minfo[39m]: ≡ƒƒó Placing depth buy order: 21.39 EPWX @ 9.3486e-1 {"service":"biconomy-volume-bot"}
2026-01-02 01:04:37 [[31merror[39m]: Buy order placement returned undefined {"service":"biconomy-volume-bot"}
2026-01-02 01:04:37 [[32minfo[39m]: ≡ƒƒó Placing depth buy order: 21.37 EPWX @ 9.3574e-1 {"service":"biconomy-volume-bot"}
2026-01-02 01:04:37 [[31merror[39m]: Buy order placement returned undefined {"service":"biconomy-volume-bot"}
2026-01-02 01:04:37 [[32minfo[39m]: ≡ƒƒó Placing depth buy order: 21.28 EPWX @ 9.3995e-1 {"service":"biconomy-volume-bot"}
2026-01-02 01:04:37 [[31merror[39m]: Buy order placement returned undefined {"service":"biconomy-volume-bot"}
2026-01-02 01:04:37 [[32minfo[39m]: ≡ƒƒó Placing depth buy order: 21.44 EPWX @ 9.3282e-1 {"service":"biconomy-volume-bot"}
2026-01-02 01:04:37 [[31merror[39m]: Buy order placement returned undefined {"service":"biconomy-volume-bot"}
2026-01-02 01:04:37 [[32minfo[39m]: ≡ƒƒó Placing depth buy order: 21.39 EPWX @ 9.3523e-1 {"service":"biconomy-volume-bot"}
2026-01-02 01:04:37 [[31merror[39m]: Buy order placement returned undefined {"service":"biconomy-volume-bot"}
2026-01-02 01:04:37 [[32minfo[39m]: ≡ƒƒó Placing depth buy order: 21.36 EPWX @ 9.3621e-1 {"service":"biconomy-volume-bot"}
2026-01-02 01:04:37 [[31merror[39m]: Buy order placement returned undefined {"service":"biconomy-volume-bot"}
2026-01-02 01:04:37 [[32minfo[39m]: ≡ƒƒó Placing depth buy order: 21.29 EPWX @ 9.3929e-1 {"service":"biconomy-volume-bot"}
2026-01-02 01:04:37 [[31merror[39m]: Buy order placement returned undefined {"service":"biconomy-volume-bot"}
2026-01-02 01:04:37 [[32minfo[39m]: ≡ƒƒó Placing depth buy order: 21.49 EPWX @ 9.3069e-1 {"service":"biconomy-volume-bot"}
2026-01-02 01:04:37 [[31merror[39m]: Buy order placement returned undefined {"service":"biconomy-volume-bot"}
2026-01-02 01:04:37 [[32minfo[39m]: ≡ƒƒó Placing depth buy order: 21.32 EPWX @ 9.3819e-1 {"service":"biconomy-volume-bot"}
2026-01-02 01:04:37 [[31merror[39m]: Buy order placement returned undefined {"service":"biconomy-volume-bot"}
2026-01-02 01:04:37 [[32minfo[39m]: ≡ƒƒó Placing depth buy order: 21.40 EPWX @ 9.3459e-1 {"service":"biconomy-volume-bot"}
2026-01-02 01:04:37 [[31merror[39m]: Buy order placement returned undefined {"service":"biconomy-volume-bot"}
2026-01-02 01:04:37 [[32minfo[39m]: ≡ƒƒó Placing depth buy order: 21.46 EPWX @ 9.3217e-1 {"service":"biconomy-volume-bot"}
2026-01-02 01:04:37 [[31merror[39m]: Buy order placement returned undefined {"service":"biconomy-volume-bot"}
2026-01-02 01:04:37 [[32minfo[39m]: ≡ƒƒó Placing depth buy order: 21.28 EPWX @ 9.3998e-1 {"service":"biconomy-volume-bot"}
2026-01-02 01:04:37 [[31merror[39m]: Buy order placement returned undefined {"service":"biconomy-volume-bot"}
2026-01-02 01:04:37 [[32minfo[39m]: ≡ƒƒó Placing depth buy order: 21.33 EPWX @ 9.3777e-1 {"service":"biconomy-volume-bot"}
2026-01-02 01:04:37 [[31merror[39m]: Buy order placement returned undefined {"service":"biconomy-volume-bot"}
2026-01-02 01:04:37 [[32minfo[39m]: ≡ƒƒó Placing depth buy order: 21.43 EPWX @ 9.3324e-1 {"service":"biconomy-volume-bot"}
2026-01-02 01:04:37 [[31merror[39m]: Buy order placement returned undefined {"service":"biconomy-volume-bot"}
2026-01-02 01:04:37 [[32minfo[39m]: ≡ƒƒó Placing depth buy order: 21.41 EPWX @ 9.3430e-1 {"service":"biconomy-volume-bot"}
2026-01-02 01:04:37 [[31merror[39m]: Buy order placement returned undefined {"service":"biconomy-volume-bot"}
2026-01-02 01:04:37 [[32minfo[39m]: ≡ƒƒó Placing depth buy order: 21.47 EPWX @ 9.3137e-1 {"service":"biconomy-volume-bot"}
2026-01-02 01:04:37 [[31merror[39m]: Buy order placement returned undefined {"service":"biconomy-volume-bot"}
2026-01-02 01:04:37 [[32minfo[39m]: ≡ƒƒó Placing depth buy order: 21.29 EPWX @ 9.3942e-1 {"service":"biconomy-volume-bot"}
2026-01-02 01:04:37 [[31merror[39m]: Buy order placement returned undefined {"service":"biconomy-volume-bot"}
2026-01-02 01:04:37 [[32minfo[39m]: ≡ƒƒó Placing depth buy order: 21.42 EPWX @ 9.3349e-1 {"service":"biconomy-volume-bot"}
2026-01-02 01:04:37 [[31merror[39m]: Buy order placement returned undefined {"service":"biconomy-volume-bot"}
2026-01-02 01:04:37 [[32minfo[39m]: ≡ƒƒó Placing depth buy order: 21.38 EPWX @ 9.3525e-1 {"service":"biconomy-volume-bot"}
2026-01-02 01:04:37 [[31merror[39m]: Buy order placement returned undefined {"service":"biconomy-volume-bot"}
2026-01-02 01:04:37 [[32minfo[39m]: ≡ƒƒó Placing depth buy order: 21.42 EPWX @ 9.3353e-1 {"service":"biconomy-volume-bot"}
2026-01-02 01:04:37 [[31merror[39m]: Buy order placement returned undefined {"service":"biconomy-volume-bot"}
2026-01-02 01:04:37 [[32minfo[39m]: ≡ƒö┤ Need to add $500.00 sell orders in 100%-102% band {"service":"biconomy-volume-bot"}
2026-01-02 01:04:37 [[32minfo[39m]: ≡ƒö┤ Placing depth sell order: 21.07 EPWX @ 9.4933e-1 {"service":"biconomy-volume-bot"}
2026-01-02 01:04:37 [[31merror[39m]: Sell order placement returned undefined {"service":"biconomy-volume-bot"}
2026-01-02 01:04:37 [[32minfo[39m]: ≡ƒö┤ Placing depth sell order: 21.27 EPWX @ 9.4012e-1 {"service":"biconomy-volume-bot"}
2026-01-02 01:04:37 [[31merror[39m]: Sell order placement returned undefined {"service":"biconomy-volume-bot"}
2026-01-02 01:04:37 [[32minfo[39m]: ≡ƒö┤ Placing depth sell order: 21.16 EPWX @ 9.4513e-1 {"service":"biconomy-volume-bot"}
2026-01-02 01:04:37 [[31merror[39m]: Sell order placement returned undefined {"service":"biconomy-volume-bot"}
2026-01-02 01:04:37 [[32minfo[39m]: ≡ƒö┤ Placing depth sell order: 21.26 EPWX @ 9.4092e-1 {"service":"biconomy-volume-bot"}
2026-01-02 01:04:37 [[31merror[39m]: Sell order placement returned undefined {"service":"biconomy-volume-bot"}
2026-01-02 01:04:37 [[32minfo[39m]: ≡ƒö┤ Placing depth sell order: 21.24 EPWX @ 9.4165e-1 {"service":"biconomy-volume-bot"}
2026-01-02 01:04:37 [[31merror[39m]: Sell order placement returned undefined {"service":"biconomy-volume-bot"}
2026-01-02 01:04:37 [[32minfo[39m]: ≡ƒö┤ Placing depth sell order: 21.27 EPWX @ 9.4042e-1 {"service":"biconomy-volume-bot"}
2026-01-02 01:04:37 [[31merror[39m]: Sell order placement returned undefined {"service":"biconomy-volume-bot"}
2026-01-02 01:04:37 [[32minfo[39m]: ≡ƒö┤ Placing depth sell order: 21.12 EPWX @ 9.4709e-1 {"service":"biconomy-volume-bot"}
2026-01-02 01:04:37 [[31merror[39m]: Sell order placement returned undefined {"service":"biconomy-volume-bot"}
2026-01-02 01:04:37 [[32minfo[39m]: ≡ƒö┤ Placing depth sell order: 21.15 EPWX @ 9.4556e-1 {"service":"biconomy-volume-bot"}
2026-01-02 01:04:37 [[31merror[39m]: Sell order placement returned undefined {"service":"biconomy-volume-bot"}
2026-01-02 01:04:37 [[32minfo[39m]: ≡ƒö┤ Placing depth sell order: 21.12 EPWX @ 9.4717e-1 {"service":"biconomy-volume-bot"}
2026-01-02 01:04:37 [[31merror[39m]: Sell order placement returned undefined {"service":"biconomy-volume-bot"}
2026-01-02 01:04:37 [[32minfo[39m]: ≡ƒö┤ Placing depth sell order: 21.28 EPWX @ 9.4002e-1 {"service":"biconomy-volume-bot"}
2026-01-02 01:04:37 [[31merror[39m]: Sell order placement returned undefined {"service":"biconomy-volume-bot"}
2026-01-02 01:04:37 [[32minfo[39m]: ≡ƒö┤ Placing depth sell order: 21.25 EPWX @ 9.4121e-1 {"service":"biconomy-volume-bot"}
2026-01-02 01:04:37 [[31merror[39m]: Sell order placement returned undefined {"service":"biconomy-volume-bot"}
2026-01-02 01:04:37 [[32minfo[39m]: ≡ƒö┤ Placing depth sell order: 21.13 EPWX @ 9.4668e-1 {"service":"biconomy-volume-bot"}
2026-01-02 01:04:37 [[31merror[39m]: Sell order placement returned undefined {"service":"biconomy-volume-bot"}
2026-01-02 01:04:37 [[32minfo[39m]: ≡ƒö┤ Placing depth sell order: 21.19 EPWX @ 9.4395e-1 {"service":"biconomy-volume-bot"}
2026-01-02 01:04:37 [[31merror[39m]: Sell order placement returned undefined {"service":"biconomy-volume-bot"}
2026-01-02 01:04:37 [[32minfo[39m]: ≡ƒö┤ Placing depth sell order: 21.16 EPWX @ 9.4498e-1 {"service":"biconomy-volume-bot"}
2026-01-02 01:04:37 [[31merror[39m]: Sell order placement returned undefined {"service":"biconomy-volume-bot"}
2026-01-02 01:04:37 [[32minfo[39m]: ≡ƒö┤ Placing depth sell order: 21.23 EPWX @ 9.4186e-1 {"service":"biconomy-volume-bot"}
2026-01-02 01:04:37 [[31merror[39m]: Sell order placement returned undefined {"service":"biconomy-volume-bot"}
2026-01-02 01:04:37 [[32minfo[39m]: ≡ƒö┤ Placing depth sell order: 21.08 EPWX @ 9.4895e-1 {"service":"biconomy-volume-bot"}
2026-01-02 01:04:37 [[31merror[39m]: Sell order placement returned undefined {"service":"biconomy-volume-bot"}
2026-01-02 01:04:37 [[32minfo[39m]: ≡ƒö┤ Placing depth sell order: 21.14 EPWX @ 9.4611e-1 {"service":"biconomy-volume-bot"}
2026-01-02 01:04:37 [[31merror[39m]: Sell order placement returned undefined {"service":"biconomy-volume-bot"}
2026-01-02 01:04:37 [[32minfo[39m]: ≡ƒö┤ Placing depth sell order: 21.17 EPWX @ 9.4484e-1 {"service":"biconomy-volume-bot"}
2026-01-02 01:04:37 [[31merror[39m]: Sell order placement returned undefined {"service":"biconomy-volume-bot"}
2026-01-02 01:04:37 [[32minfo[39m]: ≡ƒö┤ Placing depth sell order: 21.10 EPWX @ 9.4773e-1 {"service":"biconomy-volume-bot"}
2026-01-02 01:04:37 [[31merror[39m]: Sell order placement returned undefined {"service":"biconomy-volume-bot"}
2026-01-02 01:04:37 [[32minfo[39m]: ≡ƒö┤ Placing depth sell order: 21.22 EPWX @ 9.4240e-1 {"service":"biconomy-volume-bot"}
2026-01-02 01:04:37 [[31merror[39m]: Sell order placement returned undefined {"service":"biconomy-volume-bot"}
2026-01-02 01:04:37 [[32minfo[39m]: ≡ƒö┤ Placing depth sell order: 21.26 EPWX @ 9.4086e-1 {"service":"biconomy-volume-bot"}
2026-01-02 01:04:37 [[31merror[39m]: Sell order placement returned undefined {"service":"biconomy-volume-bot"}
2026-01-02 01:04:37 [[32minfo[39m]: ≡ƒö┤ Placing depth sell order: 21.22 EPWX @ 9.4255e-1 {"service":"biconomy-volume-bot"}
2026-01-02 01:04:37 [[31merror[39m]: Sell order placement returned undefined {"service":"biconomy-volume-bot"}
2026-01-02 01:04:37 [[32minfo[39m]: ≡ƒö┤ Placing depth sell order: 21.26 EPWX @ 9.4077e-1 {"service":"biconomy-volume-bot"}
2026-01-02 01:04:37 [[31merror[39m]: Sell order placement returned undefined {"service":"biconomy-volume-bot"}
2026-01-02 01:04:37 [[32minfo[39m]: ≡ƒö┤ Placing depth sell order: 21.22 EPWX @ 9.4234e-1 {"service":"biconomy-volume-bot"}
2026-01-02 01:04:37 [[31merror[39m]: Sell order placement returned undefined {"service":"biconomy-volume-bot"}
2026-01-02 01:04:37 [[32minfo[39m]: ≡ƒö┤ Placing depth sell order: 21.10 EPWX @ 9.4803e-1 {"service":"biconomy-volume-bot"}
2026-01-02 01:04:37 [[31merror[39m]: Sell order placement returned undefined {"service":"biconomy-volume-bot"}
2026-01-02 01:04:37 [[32minfo[39m]: ≡ƒ¢Æ [Wash 1/5] Placing matching BUY/SELL: 21.28 EPWX @ 9.4000e-1 [Wash Trade] {"service":"biconomy-volume-bot"}
2026-01-02 01:04:37 [[31merror[39m]: Buy order placement returned undefined {"service":"biconomy-volume-bot"}
2026-01-02 01:04:37 [[31merror[39m]: Sell order placement returned undefined {"service":"biconomy-volume-bot"}
2026-01-02 01:04:37 [[32minfo[39m]: ≡ƒ¢Æ [Wash 2/5] Placing matching BUY/SELL: 21.28 EPWX @ 9.4000e-1 [Wash Trade] {"service":"biconomy-volume-bot"}
2026-01-02 01:04:37 [[31merror[39m]: Buy order placement returned undefined {"service":"biconomy-volume-bot"}
2026-01-02 01:04:37 [[31merror[39m]: Sell order placement returned undefined {"service":"biconomy-volume-bot"}
2026-01-02 01:04:37 [[32minfo[39m]: ≡ƒ¢Æ [Wash 3/5] Placing matching BUY/SELL: 21.28 EPWX @ 9.4000e-1 [Wash Trade] {"service":"biconomy-volume-bot"}
2026-01-02 01:04:37 [[31merror[39m]: Buy order placement returned undefined {"service":"biconomy-volume-bot"}
2026-01-02 01:04:37 [[31merror[39m]: Sell order placement returned undefined {"service":"biconomy-volume-bot"}
2026-01-02 01:04:37 [[32minfo[39m]: ≡ƒ¢Æ [Wash 4/5] Placing matching BUY/SELL: 21.28 EPWX @ 9.4000e-1 [Wash Trade] {"service":"biconomy-volume-bot"}
2026-01-02 01:04:37 [[31merror[39m]: Buy order placement returned undefined {"service":"biconomy-volume-bot"}
2026-01-02 01:04:37 [[31merror[39m]: Sell order placement returned undefined {"service":"biconomy-volume-bot"}
2026-01-02 01:04:37 [[32minfo[39m]: ≡ƒ¢Æ [Wash 5/5] Placing matching BUY/SELL: 21.28 EPWX @ 9.4000e-1 [Wash Trade] {"service":"biconomy-volume-bot"}
2026-01-02 01:04:37 [[31merror[39m]: Buy order placement returned undefined {"service":"biconomy-volume-bot"}
2026-01-02 01:04:37 [[31merror[39m]: Sell order placement returned undefined {"service":"biconomy-volume-bot"}
2026-01-02 01:04:37 [[32minfo[39m]: ≡ƒöä Starting order placement cycle {"service":"biconomy-volume-bot"}
2026-01-02 01:04:37 [[32minfo[39m]: ≡ƒöä [DEX] Fetching EPWX price from PancakeSwap... {"service":"biconomy-volume-bot"}
2026-01-02 01:04:37 [[32minfo[39m]: ≡ƒÑ₧ DEX (PancakeSwap) price fetched: 1 EPWX Γëê 1 USD {"service":"biconomy-volume-bot"}
2026-01-02 01:04:37 [[32minfo[39m]: ≡ƒö╕ DEX price after 6% discount: 1 EPWX Γëê 0.94 USD {"service":"biconomy-volume-bot"}
2026-01-02 01:04:37 [[32minfo[39m]: Biconomy market price: 1, bid: 1, ask: 1 {"service":"biconomy-volume-bot"}
2026-01-02 01:04:37 [[32minfo[39m]: Using DEX price as reference for all wash trades. {"service":"biconomy-volume-bot"}
2026-01-02 01:04:37 [[32minfo[39m]: ≡ƒôè [PRE-CLEANUP] Current orders: 0 buys, 0 sells (target: 30 each) {"service":"biconomy-volume-bot"}
2026-01-02 01:04:37 [[32minfo[39m]: ≡ƒôè [POST-CLEANUP] Orders: 0 buys, 0 sells (target: 30 each) {"service":"biconomy-volume-bot"}
2026-01-02 01:04:37 [[32minfo[39m]: ≡ƒöº Calculated safe order size: $20.00 per order {"service":"biconomy-volume-bot"}
2026-01-02 01:04:37 [[32minfo[39m]: ≡ƒôÅ Buy depth (98%-100%): $0.00 | Sell depth (100%-102%): $0.00 {"service":"biconomy-volume-bot"}
2026-01-02 01:04:37 [[32minfo[39m]: ≡ƒƒó Need to add $500.00 buy orders in 98%-100% band {"service":"biconomy-volume-bot"}
2026-01-02 01:04:37 [[32minfo[39m]: ≡ƒƒó Placing depth buy order: 21.32 EPWX @ 9.3816e-1 {"service":"biconomy-volume-bot"}
2026-01-02 01:04:37 [[32minfo[39m]: ≡ƒƒó Placing depth buy order: 21.46 EPWX @ 9.3195e-1 {"service":"biconomy-volume-bot"}
2026-01-02 01:04:37 [[32minfo[39m]: ≡ƒƒó Placing depth buy order: 21.33 EPWX @ 9.3746e-1 {"service":"biconomy-volume-bot"}
2026-01-02 01:04:37 [[32minfo[39m]: ≡ƒƒó Placing depth buy order: 21.28 EPWX @ 9.3990e-1 {"service":"biconomy-volume-bot"}
2026-01-02 01:04:37 [[32minfo[39m]: ≡ƒƒó Placing depth buy order: 21.36 EPWX @ 9.3622e-1 {"service":"biconomy-volume-bot"}
2026-01-02 01:04:37 [[32minfo[39m]: ≡ƒƒó Placing depth buy order: 21.35 EPWX @ 9.3694e-1 {"service":"biconomy-volume-bot"}
2026-01-02 01:04:37 [[32minfo[39m]: ≡ƒƒó Placing depth buy order: 21.29 EPWX @ 9.3933e-1 {"service":"biconomy-volume-bot"}
2026-01-02 01:04:37 [[32minfo[39m]: ≡ƒƒó Placing depth buy order: 21.32 EPWX @ 9.3795e-1 {"service":"biconomy-volume-bot"}
2026-01-02 01:04:37 [[32minfo[39m]: ≡ƒƒó Placing depth buy order: 21.46 EPWX @ 9.3210e-1 {"service":"biconomy-volume-bot"}
2026-01-02 01:04:37 [[32minfo[39m]: ≡ƒƒó Placing depth buy order: 21.43 EPWX @ 9.3341e-1 {"service":"biconomy-volume-bot"}
2026-01-02 01:04:37 [[32minfo[39m]: ≡ƒƒó Placing depth buy order: 21.44 EPWX @ 9.3283e-1 {"service":"biconomy-volume-bot"}
2026-01-02 01:04:37 [[32minfo[39m]: ≡ƒƒó Placing depth buy order: 21.30 EPWX @ 9.3884e-1 {"service":"biconomy-volume-bot"}
2026-01-02 01:04:37 [[32minfo[39m]: ≡ƒƒó Placing depth buy order: 21.31 EPWX @ 9.3831e-1 {"service":"biconomy-volume-bot"}
2026-01-02 01:04:37 [[32minfo[39m]: ≡ƒƒó Placing depth buy order: 21.44 EPWX @ 9.3268e-1 {"service":"biconomy-volume-bot"}
2026-01-02 01:04:37 [[32minfo[39m]: ≡ƒƒó Placing depth buy order: 21.30 EPWX @ 9.3891e-1 {"service":"biconomy-volume-bot"}
2026-01-02 01:04:37 [[32minfo[39m]: ≡ƒƒó Placing depth buy order: 21.29 EPWX @ 9.3951e-1 {"service":"biconomy-volume-bot"}
2026-01-02 01:04:37 [[32minfo[39m]: ≡ƒƒó Placing depth buy order: 21.48 EPWX @ 9.3092e-1 {"service":"biconomy-volume-bot"}
2026-01-02 01:04:37 [[32minfo[39m]: ≡ƒƒó Placing depth buy order: 21.43 EPWX @ 9.3322e-1 {"service":"biconomy-volume-bot"}
2026-01-02 01:04:37 [[32minfo[39m]: ≡ƒƒó Placing depth buy order: 21.45 EPWX @ 9.3229e-1 {"service":"biconomy-volume-bot"}
2026-01-02 01:04:37 [[32minfo[39m]: ≡ƒƒó Placing depth buy order: 21.38 EPWX @ 9.3530e-1 {"service":"biconomy-volume-bot"}
2026-01-02 01:04:37 [[32minfo[39m]: ≡ƒƒó Placing depth buy order: 21.41 EPWX @ 9.3416e-1 {"service":"biconomy-volume-bot"}
2026-01-02 01:04:37 [[32minfo[39m]: ≡ƒƒó Placing depth buy order: 21.40 EPWX @ 9.3459e-1 {"service":"biconomy-volume-bot"}
2026-01-02 01:04:37 [[32minfo[39m]: ≡ƒƒó Placing depth buy order: 21.32 EPWX @ 9.3813e-1 {"service":"biconomy-volume-bot"}
2026-01-02 01:04:37 [[32minfo[39m]: ≡ƒƒó Placing depth buy order: 21.39 EPWX @ 9.3489e-1 {"service":"biconomy-volume-bot"}
2026-01-02 01:04:37 [[32minfo[39m]: ≡ƒƒó Placing depth buy order: 21.37 EPWX @ 9.3592e-1 {"service":"biconomy-volume-bot"}
2026-01-02 01:04:37 [[32minfo[39m]: ≡ƒö┤ Need to add $500.00 sell orders in 100%-102% band {"service":"biconomy-volume-bot"}
2026-01-02 01:04:37 [[32minfo[39m]: ≡ƒö┤ Placing depth sell order: 21.11 EPWX @ 9.4759e-1 {"service":"biconomy-volume-bot"}
2026-01-02 01:04:37 [[32minfo[39m]: ≡ƒö┤ Placing depth sell order: 21.16 EPWX @ 9.4505e-1 {"service":"biconomy-volume-bot"}
2026-01-02 01:04:37 [[32minfo[39m]: ≡ƒö┤ Placing depth sell order: 21.14 EPWX @ 9.4602e-1 {"service":"biconomy-volume-bot"}
2026-01-02 01:04:37 [[32minfo[39m]: ≡ƒö┤ Placing depth sell order: 21.22 EPWX @ 9.4251e-1 {"service":"biconomy-volume-bot"}
2026-01-02 01:04:37 [[32minfo[39m]: ≡ƒö┤ Placing depth sell order: 21.10 EPWX @ 9.4783e-1 {"service":"biconomy-volume-bot"}
2026-01-02 01:04:37 [[32minfo[39m]: ≡ƒö┤ Placing depth sell order: 21.23 EPWX @ 9.4203e-1 {"service":"biconomy-volume-bot"}
2026-01-02 01:04:37 [[32minfo[39m]: ≡ƒö┤ Placing depth sell order: 21.10 EPWX @ 9.4791e-1 {"service":"biconomy-volume-bot"}
2026-01-02 01:04:37 [[32minfo[39m]: ≡ƒö┤ Placing depth sell order: 21.12 EPWX @ 9.4708e-1 {"service":"biconomy-volume-bot"}
2026-01-02 01:04:37 [[32minfo[39m]: ≡ƒö┤ Placing depth sell order: 21.12 EPWX @ 9.4717e-1 {"service":"biconomy-volume-bot"}
2026-01-02 01:04:37 [[32minfo[39m]: ≡ƒö┤ Placing depth sell order: 21.22 EPWX @ 9.4263e-1 {"service":"biconomy-volume-bot"}
2026-01-02 01:04:37 [[32minfo[39m]: ≡ƒö┤ Placing depth sell order: 21.21 EPWX @ 9.4278e-1 {"service":"biconomy-volume-bot"}
2026-01-02 01:04:37 [[32minfo[39m]: ≡ƒö┤ Placing depth sell order: 21.09 EPWX @ 9.4818e-1 {"service":"biconomy-volume-bot"}
2026-01-02 01:04:37 [[32minfo[39m]: ≡ƒö┤ Placing depth sell order: 21.24 EPWX @ 9.4157e-1 {"service":"biconomy-volume-bot"}
2026-01-02 01:04:37 [[32minfo[39m]: ≡ƒö┤ Placing depth sell order: 21.16 EPWX @ 9.4502e-1 {"service":"biconomy-volume-bot"}
2026-01-02 01:04:37 [[32minfo[39m]: ≡ƒö┤ Placing depth sell order: 21.08 EPWX @ 9.4890e-1 {"service":"biconomy-volume-bot"}
2026-01-02 01:04:37 [[32minfo[39m]: ≡ƒö┤ Placing depth sell order: 21.21 EPWX @ 9.4312e-1 {"service":"biconomy-volume-bot"}
2026-01-02 01:04:37 [[32minfo[39m]: ≡ƒö┤ Placing depth sell order: 21.14 EPWX @ 9.4620e-1 {"service":"biconomy-volume-bot"}
2026-01-02 01:04:37 [[32minfo[39m]: ≡ƒö┤ Placing depth sell order: 21.25 EPWX @ 9.4139e-1 {"service":"biconomy-volume-bot"}
2026-01-02 01:04:37 [[32minfo[39m]: ≡ƒö┤ Placing depth sell order: 21.09 EPWX @ 9.4811e-1 {"service":"biconomy-volume-bot"}
2026-01-02 01:04:37 [[32minfo[39m]: ≡ƒö┤ Placing depth sell order: 21.27 EPWX @ 9.4050e-1 {"service":"biconomy-volume-bot"}
2026-01-02 01:04:37 [[32minfo[39m]: ≡ƒö┤ Placing depth sell order: 21.10 EPWX @ 9.4771e-1 {"service":"biconomy-volume-bot"}
2026-01-02 01:04:37 [[32minfo[39m]: ≡ƒö┤ Placing depth sell order: 21.13 EPWX @ 9.4645e-1 {"service":"biconomy-volume-bot"}
2026-01-02 01:04:37 [[32minfo[39m]: ≡ƒö┤ Placing depth sell order: 21.27 EPWX @ 9.4042e-1 {"service":"biconomy-volume-bot"}
2026-01-02 01:04:37 [[32minfo[39m]: ≡ƒö┤ Placing depth sell order: 21.13 EPWX @ 9.4661e-1 {"service":"biconomy-volume-bot"}
2026-01-02 01:04:37 [[32minfo[39m]: ≡ƒö┤ Placing depth sell order: 21.10 EPWX @ 9.4794e-1 {"service":"biconomy-volume-bot"}
2026-01-02 01:04:37 [[32minfo[39m]: ≡ƒ¢Æ [1/30] Placing book-depth buy order: 21.49 EPWX @ 9.3060e-1 [Book Depth] {"service":"biconomy-volume-bot"}
2026-01-02 01:04:37 [[32minfo[39m]: ≡ƒ¢Æ [2/30] Placing book-depth buy order: 21.50 EPWX @ 9.3041e-1 [Book Depth] {"service":"biconomy-volume-bot"}
2026-01-02 01:04:37 [[32minfo[39m]: ≡ƒ¢Æ [3/30] Placing book-depth buy order: 21.50 EPWX @ 9.3022e-1 [Book Depth] {"service":"biconomy-volume-bot"}
2026-01-02 01:04:37 [[32minfo[39m]: ≡ƒ¢Æ [4/30] Placing book-depth buy order: 21.50 EPWX @ 9.3004e-1 [Book Depth] {"service":"biconomy-volume-bot"}
2026-01-02 01:04:37 [[32minfo[39m]: ≡ƒ¢Æ [5/30] Placing book-depth buy order: 21.51 EPWX @ 9.2985e-1 [Book Depth] {"service":"biconomy-volume-bot"}
2026-01-02 01:04:37 [[32minfo[39m]: ≡ƒ¢Æ [6/30] Placing book-depth buy order: 21.51 EPWX @ 9.2966e-1 [Book Depth] {"service":"biconomy-volume-bot"}
2026-01-02 01:04:37 [[32minfo[39m]: ≡ƒ¢Æ [7/30] Placing book-depth buy order: 21.52 EPWX @ 9.2947e-1 [Book Depth] {"service":"biconomy-volume-bot"}
2026-01-02 01:04:37 [[32minfo[39m]: ≡ƒ¢Æ [8/30] Placing book-depth buy order: 21.52 EPWX @ 9.2928e-1 [Book Depth] {"service":"biconomy-volume-bot"}
2026-01-02 01:04:37 [[32minfo[39m]: ≡ƒ¢Æ [9/30] Placing book-depth buy order: 21.53 EPWX @ 9.2910e-1 [Book Depth] {"service":"biconomy-volume-bot"}
2026-01-02 01:04:37 [[32minfo[39m]: ≡ƒ¢Æ [10/30] Placing book-depth buy order: 21.53 EPWX @ 9.2891e-1 [Book Depth] {"service":"biconomy-volume-bot"}
2026-01-02 01:04:37 [[32minfo[39m]: ≡ƒ¢Æ [11/30] Placing book-depth buy order: 21.54 EPWX @ 9.2872e-1 [Book Depth] {"service":"biconomy-volume-bot"}
2026-01-02 01:04:37 [[32minfo[39m]: ≡ƒ¢Æ [12/30] Placing book-depth buy order: 21.54 EPWX @ 9.2853e-1 [Book Depth] {"service":"biconomy-volume-bot"}
2026-01-02 01:04:37 [[32minfo[39m]: ≡ƒ¢Æ [13/30] Placing book-depth buy order: 21.54 EPWX @ 9.2834e-1 [Book Depth] {"service":"biconomy-volume-bot"}
2026-01-02 01:04:37 [[32minfo[39m]: ≡ƒ¢Æ [14/30] Placing book-depth buy order: 21.55 EPWX @ 9.2816e-1 [Book Depth] {"service":"biconomy-volume-bot"}
2026-01-02 01:04:37 [[32minfo[39m]: ≡ƒ¢Æ [15/30] Placing book-depth buy order: 21.55 EPWX @ 9.2797e-1 [Book Depth] {"service":"biconomy-volume-bot"}
2026-01-02 01:04:37 [[32minfo[39m]: ≡ƒ¢Æ [16/30] Placing book-depth buy order: 21.56 EPWX @ 9.2778e-1 [Book Depth] {"service":"biconomy-volume-bot"}
2026-01-02 01:04:37 [[32minfo[39m]: ≡ƒ¢Æ [17/30] Placing book-depth buy order: 21.56 EPWX @ 9.2759e-1 [Book Depth] {"service":"biconomy-volume-bot"}
2026-01-02 01:04:37 [[32minfo[39m]: ≡ƒ¢Æ [18/30] Placing book-depth buy order: 21.57 EPWX @ 9.2740e-1 [Book Depth] {"service":"biconomy-volume-bot"}
2026-01-02 01:04:37 [[32minfo[39m]: ≡ƒ¢Æ [19/30] Placing book-depth buy order: 21.57 EPWX @ 9.2722e-1 [Book Depth] {"service":"biconomy-volume-bot"}
2026-01-02 01:04:37 [[32minfo[39m]: ≡ƒ¢Æ [20/30] Placing book-depth buy order: 21.57 EPWX @ 9.2703e-1 [Book Depth] {"service":"biconomy-volume-bot"}
2026-01-02 01:04:37 [[32minfo[39m]: ≡ƒ¢Æ [21/30] Placing book-depth buy order: 21.58 EPWX @ 9.2684e-1 [Book Depth] {"service":"biconomy-volume-bot"}
2026-01-02 01:04:37 [[32minfo[39m]: ≡ƒ¢Æ [22/30] Placing book-depth buy order: 21.58 EPWX @ 9.2665e-1 [Book Depth] {"service":"biconomy-volume-bot"}
2026-01-02 01:04:37 [[32minfo[39m]: ≡ƒ¢Æ [23/30] Placing book-depth buy order: 21.59 EPWX @ 9.2646e-1 [Book Depth] {"service":"biconomy-volume-bot"}
2026-01-02 01:04:37 [[32minfo[39m]: ≡ƒ¢Æ [24/30] Placing book-depth buy order: 21.59 EPWX @ 9.2628e-1 [Book Depth] {"service":"biconomy-volume-bot"}
2026-01-02 01:04:37 [[32minfo[39m]: ≡ƒ¢Æ [25/30] Placing book-depth buy order: 21.60 EPWX @ 9.2609e-1 [Book Depth] {"service":"biconomy-volume-bot"}
2026-01-02 01:04:37 [[32minfo[39m]: ≡ƒ¢Æ [26/30] Placing book-depth buy order: 21.60 EPWX @ 9.2590e-1 [Book Depth] {"service":"biconomy-volume-bot"}
2026-01-02 01:04:37 [[32minfo[39m]: ≡ƒ¢Æ [27/30] Placing book-depth buy order: 21.60 EPWX @ 9.2571e-1 [Book Depth] {"service":"biconomy-volume-bot"}
2026-01-02 01:04:37 [[32minfo[39m]: ≡ƒ¢Æ [28/30] Placing book-depth buy order: 21.61 EPWX @ 9.2552e-1 [Book Depth] {"service":"biconomy-volume-bot"}
2026-01-02 01:04:37 [[32minfo[39m]: ≡ƒ¢Æ [29/30] Placing book-depth buy order: 21.61 EPWX @ 9.2534e-1 [Book Depth] {"service":"biconomy-volume-bot"}
2026-01-02 01:04:37 [[32minfo[39m]: ≡ƒ¢Æ [30/30] Placing book-depth buy order: 21.62 EPWX @ 9.2515e-1 [Book Depth] {"service":"biconomy-volume-bot"}
2026-01-02 01:04:37 [[32minfo[39m]: ≡ƒÆ░ [1/30] Placing book-depth sell order: 21.07 EPWX @ 9.4940e-1 [Book Depth] {"service":"biconomy-volume-bot"}
2026-01-02 01:04:37 [[32minfo[39m]: ≡ƒÆ░ [2/30] Placing book-depth sell order: 21.06 EPWX @ 9.4959e-1 [Book Depth] {"service":"biconomy-volume-bot"}
2026-01-02 01:04:37 [[32minfo[39m]: ≡ƒÆ░ [3/30] Placing book-depth sell order: 21.06 EPWX @ 9.4978e-1 [Book Depth] {"service":"biconomy-volume-bot"}
2026-01-02 01:04:37 [[32minfo[39m]: ≡ƒÆ░ [4/30] Placing book-depth sell order: 21.05 EPWX @ 9.4996e-1 [Book Depth] {"service":"biconomy-volume-bot"}
2026-01-02 01:04:37 [[32minfo[39m]: ≡ƒÆ░ [5/30] Placing book-depth sell order: 21.05 EPWX @ 9.5015e-1 [Book Depth] {"service":"biconomy-volume-bot"}
2026-01-02 01:04:37 [[32minfo[39m]: ≡ƒÆ░ [6/30] Placing book-depth sell order: 21.05 EPWX @ 9.5034e-1 [Book Depth] {"service":"biconomy-volume-bot"}
2026-01-02 01:04:37 [[32minfo[39m]: ≡ƒÆ░ [7/30] Placing book-depth sell order: 21.04 EPWX @ 9.5053e-1 [Book Depth] {"service":"biconomy-volume-bot"}
2026-01-02 01:04:37 [[32minfo[39m]: ≡ƒÆ░ [8/30] Placing book-depth sell order: 21.04 EPWX @ 9.5072e-1 [Book Depth] {"service":"biconomy-volume-bot"}
2026-01-02 01:04:37 [[32minfo[39m]: ≡ƒÆ░ [9/30] Placing book-depth sell order: 21.03 EPWX @ 9.5090e-1 [Book Depth] {"service":"biconomy-volume-bot"}
2026-01-02 01:04:37 [[32minfo[39m]: ≡ƒÆ░ [10/30] Placing book-depth sell order: 21.03 EPWX @ 9.5109e-1 [Book Depth] {"service":"biconomy-volume-bot"}
2026-01-02 01:04:37 [[32minfo[39m]: ≡ƒÆ░ [11/30] Placing book-depth sell order: 21.02 EPWX @ 9.5128e-1 [Book Depth] {"service":"biconomy-volume-bot"}
2026-01-02 01:04:37 [[32minfo[39m]: ≡ƒÆ░ [12/30] Placing book-depth sell order: 21.02 EPWX @ 9.5147e-1 [Book Depth] {"service":"biconomy-volume-bot"}
2026-01-02 01:04:37 [[32minfo[39m]: ≡ƒÆ░ [13/30] Placing book-depth sell order: 21.02 EPWX @ 9.5166e-1 [Book Depth] {"service":"biconomy-volume-bot"}
2026-01-02 01:04:37 [[32minfo[39m]: ≡ƒÆ░ [14/30] Placing book-depth sell order: 21.01 EPWX @ 9.5184e-1 [Book Depth] {"service":"biconomy-volume-bot"}
2026-01-02 01:04:37 [[32minfo[39m]: ≡ƒÆ░ [15/30] Placing book-depth sell order: 21.01 EPWX @ 9.5203e-1 [Book Depth] {"service":"biconomy-volume-bot"}
2026-01-02 01:04:37 [[32minfo[39m]: ≡ƒÆ░ [16/30] Placing book-depth sell order: 21.00 EPWX @ 9.5222e-1 [Book Depth] {"service":"biconomy-volume-bot"}
2026-01-02 01:04:37 [[32minfo[39m]: ≡ƒÆ░ [17/30] Placing book-depth sell order: 21.00 EPWX @ 9.5241e-1 [Book Depth] {"service":"biconomy-volume-bot"}
2026-01-02 01:04:37 [[32minfo[39m]: ≡ƒÆ░ [18/30] Placing book-depth sell order: 21.00 EPWX @ 9.5260e-1 [Book Depth] {"service":"biconomy-volume-bot"}
2026-01-02 01:04:37 [[32minfo[39m]: ≡ƒÆ░ [19/30] Placing book-depth sell order: 20.99 EPWX @ 9.5278e-1 [Book Depth] {"service":"biconomy-volume-bot"}
2026-01-02 01:04:37 [[32minfo[39m]: ≡ƒÆ░ [20/30] Placing book-depth sell order: 20.99 EPWX @ 9.5297e-1 [Book Depth] {"service":"biconomy-volume-bot"}
2026-01-02 01:04:37 [[32minfo[39m]: ≡ƒÆ░ [21/30] Placing book-depth sell order: 20.98 EPWX @ 9.5316e-1 [Book Depth] {"service":"biconomy-volume-bot"}
2026-01-02 01:04:37 [[32minfo[39m]: ≡ƒÆ░ [22/30] Placing book-depth sell order: 20.98 EPWX @ 9.5335e-1 [Book Depth] {"service":"biconomy-volume-bot"}
2026-01-02 01:04:37 [[32minfo[39m]: ≡ƒÆ░ [23/30] Placing book-depth sell order: 20.97 EPWX @ 9.5354e-1 [Book Depth] {"service":"biconomy-volume-bot"}
2026-01-02 01:04:37 [[32minfo[39m]: ≡ƒÆ░ [24/30] Placing book-depth sell order: 20.97 EPWX @ 9.5372e-1 [Book Depth] {"service":"biconomy-volume-bot"}
2026-01-02 01:04:37 [[32minfo[39m]: ≡ƒÆ░ [25/30] Placing book-depth sell order: 20.97 EPWX @ 9.5391e-1 [Book Depth] {"service":"biconomy-volume-bot"}
2026-01-02 01:04:37 [[32minfo[39m]: ≡ƒÆ░ [26/30] Placing book-depth sell order: 20.96 EPWX @ 9.5410e-1 [Book Depth] {"service":"biconomy-volume-bot"}
2026-01-02 01:04:37 [[32minfo[39m]: ≡ƒÆ░ [27/30] Placing book-depth sell order: 20.96 EPWX @ 9.5429e-1 [Book Depth] {"service":"biconomy-volume-bot"}
2026-01-02 01:04:37 [[32minfo[39m]: ≡ƒÆ░ [28/30] Placing book-depth sell order: 20.95 EPWX @ 9.5448e-1 [Book Depth] {"service":"biconomy-volume-bot"}
2026-01-02 01:04:37 [[32minfo[39m]: ≡ƒÆ░ [29/30] Placing book-depth sell order: 20.95 EPWX @ 9.5466e-1 [Book Depth] {"service":"biconomy-volume-bot"}
2026-01-02 01:04:37 [[32minfo[39m]: ≡ƒÆ░ [30/30] Placing book-depth sell order: 20.95 EPWX @ 9.5485e-1 [Book Depth] {"service":"biconomy-volume-bot"}
2026-01-02 01:04:37 [[32minfo[39m]: ≡ƒ¢Æ [Wash 1/5] Placing matching BUY/SELL: 21.28 EPWX @ 9.4000e-1 [Wash Trade] {"service":"biconomy-volume-bot"}
2026-01-02 01:04:37 [[32minfo[39m]: [Wash Pair] Tracked: BUY buyId, SELL sellId @ 9.4000e-1 (21.28 EPWX) {"service":"biconomy-volume-bot"}
2026-01-02 01:04:37 [[32minfo[39m]: ≡ƒ¢Æ [Wash 2/5] Placing matching BUY/SELL: 21.28 EPWX @ 9.4000e-1 [Wash Trade] {"service":"biconomy-volume-bot"}
2026-01-02 01:04:37 [[32minfo[39m]: [Wash Pair] Tracked: BUY buyId, SELL sellId @ 9.4000e-1 (21.28 EPWX) {"service":"biconomy-volume-bot"}
2026-01-02 01:04:37 [[32minfo[39m]: ≡ƒ¢Æ [Wash 3/5] Placing matching BUY/SELL: 21.28 EPWX @ 9.4000e-1 [Wash Trade] {"service":"biconomy-volume-bot"}
2026-01-02 01:04:37 [[32minfo[39m]: [Wash Pair] Tracked: BUY buyId, SELL sellId @ 9.4000e-1 (21.28 EPWX) {"service":"biconomy-volume-bot"}
2026-01-02 01:04:37 [[32minfo[39m]: ≡ƒ¢Æ [Wash 4/5] Placing matching BUY/SELL: 21.28 EPWX @ 9.4000e-1 [Wash Trade] {"service":"biconomy-volume-bot"}
2026-01-02 01:04:37 [[32minfo[39m]: [Wash Pair] Tracked: BUY buyId, SELL sellId @ 9.4000e-1 (21.28 EPWX) {"service":"biconomy-volume-bot"}
2026-01-02 01:04:37 [[32minfo[39m]: ≡ƒ¢Æ [Wash 5/5] Placing matching BUY/SELL: 21.28 EPWX @ 9.4000e-1 [Wash Trade] {"service":"biconomy-volume-bot"}
2026-01-02 01:04:37 [[32minfo[39m]: [Wash Pair] Tracked: BUY buyId, SELL sellId @ 9.4000e-1 (21.28 EPWX) {"service":"biconomy-volume-bot"}
2026-01-02 01:04:37 [[32minfo[39m]: ≡ƒÆ░ [1/30] Placing sell order: 21.07 EPWX @ 9.4940e-1 (~$20.00) [Source: DEX] {"service":"biconomy-volume-bot"}
2026-01-02 01:04:37 [[32minfo[39m]: ≡ƒÆ░ [2/30] Placing sell order: 21.06 EPWX @ 9.4959e-1 (~$20.00) [Source: DEX] {"service":"biconomy-volume-bot"}
2026-01-02 01:04:37 [[32minfo[39m]: ≡ƒÆ░ [3/30] Placing sell order: 21.06 EPWX @ 9.4978e-1 (~$20.00) [Source: DEX] {"service":"biconomy-volume-bot"}
2026-01-02 01:04:37 [[32minfo[39m]: ≡ƒÆ░ [4/30] Placing sell order: 21.05 EPWX @ 9.4996e-1 (~$20.00) [Source: DEX] {"service":"biconomy-volume-bot"}
2026-01-02 01:04:37 [[32minfo[39m]: ≡ƒÆ░ [5/30] Placing sell order: 21.05 EPWX @ 9.5015e-1 (~$20.00) [Source: DEX] {"service":"biconomy-volume-bot"}
2026-01-02 01:04:37 [[32minfo[39m]: ≡ƒÆ░ [6/30] Placing sell order: 21.05 EPWX @ 9.5034e-1 (~$20.00) [Source: DEX] {"service":"biconomy-volume-bot"}
2026-01-02 01:04:37 [[32minfo[39m]: ≡ƒÆ░ [7/30] Placing sell order: 21.04 EPWX @ 9.5053e-1 (~$20.00) [Source: DEX] {"service":"biconomy-volume-bot"}
2026-01-02 01:04:37 [[32minfo[39m]: ≡ƒÆ░ [8/30] Placing sell order: 21.04 EPWX @ 9.5072e-1 (~$20.00) [Source: DEX] {"service":"biconomy-volume-bot"}
2026-01-02 01:04:37 [[32minfo[39m]: ≡ƒÆ░ [9/30] Placing sell order: 21.03 EPWX @ 9.5090e-1 (~$20.00) [Source: DEX] {"service":"biconomy-volume-bot"}
2026-01-02 01:04:37 [[32minfo[39m]: ≡ƒÆ░ [10/30] Placing sell order: 21.03 EPWX @ 9.5109e-1 (~$20.00) [Source: DEX] {"service":"biconomy-volume-bot"}
2026-01-02 01:04:37 [[32minfo[39m]: ≡ƒÆ░ [11/30] Placing sell order: 21.02 EPWX @ 9.5128e-1 (~$20.00) [Source: DEX] {"service":"biconomy-volume-bot"}
2026-01-02 01:04:37 [[32minfo[39m]: ≡ƒÆ░ [12/30] Placing sell order: 21.02 EPWX @ 9.5147e-1 (~$20.00) [Source: DEX] {"service":"biconomy-volume-bot"}
2026-01-02 01:04:37 [[32minfo[39m]: ≡ƒÆ░ [13/30] Placing sell order: 21.02 EPWX @ 9.5166e-1 (~$20.00) [Source: DEX] {"service":"biconomy-volume-bot"}
2026-01-02 01:04:37 [[32minfo[39m]: ≡ƒÆ░ [14/30] Placing sell order: 21.01 EPWX @ 9.5184e-1 (~$20.00) [Source: DEX] {"service":"biconomy-volume-bot"}
2026-01-02 01:04:37 [[32minfo[39m]: ≡ƒÆ░ [15/30] Placing sell order: 21.01 EPWX @ 9.5203e-1 (~$20.00) [Source: DEX] {"service":"biconomy-volume-bot"}
2026-01-02 01:04:37 [[32minfo[39m]: ≡ƒÆ░ [16/30] Placing sell order: 21.00 EPWX @ 9.5222e-1 (~$20.00) [Source: DEX] {"service":"biconomy-volume-bot"}
2026-01-02 01:04:37 [[32minfo[39m]: ≡ƒÆ░ [17/30] Placing sell order: 21.00 EPWX @ 9.5241e-1 (~$20.00) [Source: DEX] {"service":"biconomy-volume-bot"}
2026-01-02 01:04:37 [[32minfo[39m]: ≡ƒÆ░ [18/30] Placing sell order: 21.00 EPWX @ 9.5260e-1 (~$20.00) [Source: DEX] {"service":"biconomy-volume-bot"}
2026-01-02 01:04:37 [[32minfo[39m]: ≡ƒÆ░ [19/30] Placing sell order: 20.99 EPWX @ 9.5278e-1 (~$20.00) [Source: DEX] {"service":"biconomy-volume-bot"}
2026-01-02 01:04:37 [[32minfo[39m]: ≡ƒÆ░ [20/30] Placing sell order: 20.99 EPWX @ 9.5297e-1 (~$20.00) [Source: DEX] {"service":"biconomy-volume-bot"}
2026-01-02 01:04:37 [[32minfo[39m]: ≡ƒÆ░ [21/30] Placing sell order: 20.98 EPWX @ 9.5316e-1 (~$20.00) [Source: DEX] {"service":"biconomy-volume-bot"}
2026-01-02 01:04:37 [[32minfo[39m]: ≡ƒÆ░ [22/30] Placing sell order: 20.98 EPWX @ 9.5335e-1 (~$20.00) [Source: DEX] {"service":"biconomy-volume-bot"}
2026-01-02 01:04:37 [[32minfo[39m]: ≡ƒÆ░ [23/30] Placing sell order: 20.97 EPWX @ 9.5354e-1 (~$20.00) [Source: DEX] {"service":"biconomy-volume-bot"}
2026-01-02 01:04:37 [[32minfo[39m]: ≡ƒÆ░ [24/30] Placing sell order: 20.97 EPWX @ 9.5372e-1 (~$20.00) [Source: DEX] {"service":"biconomy-volume-bot"}
2026-01-02 01:04:37 [[32minfo[39m]: ≡ƒÆ░ [25/30] Placing sell order: 20.97 EPWX @ 9.5391e-1 (~$20.00) [Source: DEX] {"service":"biconomy-volume-bot"}
2026-01-02 01:04:37 [[32minfo[39m]: ≡ƒÆ░ [26/30] Placing sell order: 20.96 EPWX @ 9.5410e-1 (~$20.00) [Source: DEX] {"service":"biconomy-volume-bot"}
2026-01-02 01:04:38 [[32minfo[39m]: ≡ƒÆ░ [27/30] Placing sell order: 20.96 EPWX @ 9.5429e-1 (~$20.00) [Source: DEX] {"service":"biconomy-volume-bot"}
2026-01-02 01:04:38 [[32minfo[39m]: ≡ƒÆ░ [28/30] Placing sell order: 20.95 EPWX @ 9.5448e-1 (~$20.00) [Source: DEX] {"service":"biconomy-volume-bot"}
2026-01-02 01:04:38 [[32minfo[39m]: ≡ƒÆ░ [29/30] Placing sell order: 20.95 EPWX @ 9.5466e-1 (~$20.00) [Source: DEX] {"service":"biconomy-volume-bot"}
2026-01-02 01:04:38 [[32minfo[39m]: ≡ƒÆ░ [30/30] Placing sell order: 20.95 EPWX @ 9.5485e-1 (~$20.00) [Source: DEX] {"service":"biconomy-volume-bot"}
2026-01-02 01:04:38 [[32minfo[39m]: ≡ƒöä Starting order placement cycle {"service":"biconomy-volume-bot"}
2026-01-02 01:04:38 [[32minfo[39m]: ≡ƒöä [DEX] Fetching EPWX price from PancakeSwap... {"service":"biconomy-volume-bot"}
2026-01-02 01:04:38 [[32minfo[39m]: ≡ƒÑ₧ DEX (PancakeSwap) price fetched: 1 EPWX Γëê 1 USD {"service":"biconomy-volume-bot"}
2026-01-02 01:04:38 [[32minfo[39m]: ≡ƒö╕ DEX price after 6% discount: 1 EPWX Γëê 0.94 USD {"service":"biconomy-volume-bot"}
2026-01-02 01:04:38 [[32minfo[39m]: Biconomy market price: 1, bid: 0.99, ask: 1.01 {"service":"biconomy-volume-bot"}
2026-01-02 01:04:38 [[32minfo[39m]: Using DEX price as reference for all wash trades. {"service":"biconomy-volume-bot"}
2026-01-02 01:04:38 [[32minfo[39m]: ≡ƒôè [PRE-CLEANUP] Current orders: 0 buys, 0 sells (target: 30 each) {"service":"biconomy-volume-bot"}
2026-01-02 01:04:38 [[32minfo[39m]: ≡ƒôè [POST-CLEANUP] Orders: 0 buys, 0 sells (target: 30 each) {"service":"biconomy-volume-bot"}
2026-01-02 01:04:38 [[32minfo[39m]: ≡ƒöº Calculated safe order size: $20.00 per order {"service":"biconomy-volume-bot"}
2026-01-02 01:04:38 [[32minfo[39m]: ≡ƒôÅ Buy depth (98%-100%): $0.00 | Sell depth (100%-102%): $0.00 {"service":"biconomy-volume-bot"}
2026-01-02 01:04:38 [[32minfo[39m]: ≡ƒƒó Need to add $500.00 buy orders in 98%-100% band {"service":"biconomy-volume-bot"}
2026-01-02 01:04:38 [[32minfo[39m]: ≡ƒƒó Placing depth buy order: 21.38 EPWX @ 9.3524e-1 {"service":"biconomy-volume-bot"}
2026-01-02 01:04:38 [[32minfo[39m]: Γ£à Buy order placed: 21 EPWX @ $9.3524e-1 {"service":"biconomy-volume-bot"}
2026-01-02 01:04:38 [[32minfo[39m]: No fills detected for order 0.23979811584089106 (BUY) after 1s. {"service":"biconomy-volume-bot"}
2026-01-02 01:04:38 [[32minfo[39m]: ≡ƒƒó Placing depth buy order: 21.38 EPWX @ 9.3524e-1 {"service":"biconomy-volume-bot"}
2026-01-02 01:04:38 [[32minfo[39m]: Γ£à Buy order placed: 21 EPWX @ $9.3524e-1 {"service":"biconomy-volume-bot"}
2026-01-02 01:04:38 [[32minfo[39m]: No fills detected for order 0.16335303576516758 (BUY) after 1s. {"service":"biconomy-volume-bot"}
2026-01-02 01:04:38 [[32minfo[39m]: ≡ƒƒó Placing depth buy order: 21.39 EPWX @ 9.3523e-1 {"service":"biconomy-volume-bot"}
2026-01-02 01:04:38 [[32minfo[39m]: Γ£à Buy order placed: 21 EPWX @ $9.3523e-1 {"service":"biconomy-volume-bot"}
2026-01-02 01:04:38 [[32minfo[39m]: No fills detected for order 0.5998920436390649 (BUY) after 1s. {"service":"biconomy-volume-bot"}
2026-01-02 01:04:38 [[32minfo[39m]: ≡ƒƒó Placing depth buy order: 21.44 EPWX @ 9.3272e-1 {"service":"biconomy-volume-bot"}
2026-01-02 01:04:38 [[32minfo[39m]: Γ£à Buy order placed: 21 EPWX @ $9.3272e-1 {"service":"biconomy-volume-bot"}
2026-01-02 01:04:38 [[32minfo[39m]: No fills detected for order 0.9625906543181868 (BUY) after 1s. {"service":"biconomy-volume-bot"}
2026-01-02 01:04:38 [[32minfo[39m]: ≡ƒƒó Placing depth buy order: 21.47 EPWX @ 9.3159e-1 {"service":"biconomy-volume-bot"}
2026-01-02 01:04:38 [[32minfo[39m]: Γ£à Buy order placed: 21 EPWX @ $9.3159e-1 {"service":"biconomy-volume-bot"}
2026-01-02 01:04:38 [[32minfo[39m]: No fills detected for order 0.9005770636692785 (BUY) after 1s. {"service":"biconomy-volume-bot"}
2026-01-02 01:04:38 [[32minfo[39m]: ≡ƒƒó Placing depth buy order: 21.38 EPWX @ 9.3533e-1 {"service":"biconomy-volume-bot"}
2026-01-02 01:04:38 [[32minfo[39m]: Γ£à Buy order placed: 21 EPWX @ $9.3533e-1 {"service":"biconomy-volume-bot"}
2026-01-02 01:04:38 [[32minfo[39m]: No fills detected for order 0.841954029185056 (BUY) after 1s. {"service":"biconomy-volume-bot"}
2026-01-02 01:04:38 [[32minfo[39m]: ≡ƒƒó Placing depth buy order: 21.29 EPWX @ 9.3936e-1 {"service":"biconomy-volume-bot"}
2026-01-02 01:04:38 [[32minfo[39m]: Γ£à Buy order placed: 21 EPWX @ $9.3936e-1 {"service":"biconomy-volume-bot"}
2026-01-02 01:04:38 [[32minfo[39m]: No fills detected for order 0.38811166851902934 (BUY) after 1s. {"service":"biconomy-volume-bot"}
2026-01-02 01:04:38 [[32minfo[39m]: ≡ƒƒó Placing depth buy order: 21.37 EPWX @ 9.3599e-1 {"service":"biconomy-volume-bot"}
2026-01-02 01:04:38 [[32minfo[39m]: Γ£à Buy order placed: 21 EPWX @ $9.3599e-1 {"service":"biconomy-volume-bot"}
2026-01-02 01:04:38 [[32minfo[39m]: No fills detected for order 0.8429390014305072 (BUY) after 1s. {"service":"biconomy-volume-bot"}
2026-01-02 01:04:38 [[32minfo[39m]: ≡ƒƒó Placing depth buy order: 21.44 EPWX @ 9.3270e-1 {"service":"biconomy-volume-bot"}
2026-01-02 01:04:38 [[32minfo[39m]: Γ£à Buy order placed: 21 EPWX @ $9.3270e-1 {"service":"biconomy-volume-bot"}
2026-01-02 01:04:38 [[32minfo[39m]: No fills detected for order 0.3859460892835864 (BUY) after 1s. {"service":"biconomy-volume-bot"}
2026-01-02 01:04:38 [[32minfo[39m]: ≡ƒƒó Placing depth buy order: 21.35 EPWX @ 9.3682e-1 {"service":"biconomy-volume-bot"}
2026-01-02 01:04:38 [[32minfo[39m]: Γ£à Buy order placed: 21 EPWX @ $9.3682e-1 {"service":"biconomy-volume-bot"}
2026-01-02 01:04:38 [[32minfo[39m]: No fills detected for order 0.6193360886237573 (BUY) after 1s. {"service":"biconomy-volume-bot"}
2026-01-02 01:04:38 [[32minfo[39m]: ≡ƒƒó Placing depth buy order: 21.38 EPWX @ 9.3554e-1 {"service":"biconomy-volume-bot"}
2026-01-02 01:04:38 [[32minfo[39m]: Γ£à Buy order placed: 21 EPWX @ $9.3554e-1 {"service":"biconomy-volume-bot"}
2026-01-02 01:04:38 [[32minfo[39m]: No fills detected for order 0.46295411212560467 (BUY) after 1s. {"service":"biconomy-volume-bot"}
2026-01-02 01:04:38 [[32minfo[39m]: ≡ƒƒó Placing depth buy order: 21.43 EPWX @ 9.3334e-1 {"service":"biconomy-volume-bot"}
2026-01-02 01:04:38 [[32minfo[39m]: Γ£à Buy order placed: 21 EPWX @ $9.3334e-1 {"service":"biconomy-volume-bot"}
2026-01-02 01:04:38 [[32minfo[39m]: No fills detected for order 0.26294285091936254 (BUY) after 1s. {"service":"biconomy-volume-bot"}
2026-01-02 01:04:38 [[32minfo[39m]: ≡ƒƒó Placing depth buy order: 21.38 EPWX @ 9.3563e-1 {"service":"biconomy-volume-bot"}
2026-01-02 01:04:38 [[32minfo[39m]: Γ£à Buy order placed: 21 EPWX @ $9.3563e-1 {"service":"biconomy-volume-bot"}
2026-01-02 01:04:38 [[32minfo[39m]: No fills detected for order 0.7363219895369693 (BUY) after 1s. {"service":"biconomy-volume-bot"}
2026-01-02 01:04:38 [[32minfo[39m]: ≡ƒƒó Placing depth buy order: 21.40 EPWX @ 9.3472e-1 {"service":"biconomy-volume-bot"}
2026-01-02 01:04:38 [[32minfo[39m]: Γ£à Buy order placed: 21 EPWX @ $9.3472e-1 {"service":"biconomy-volume-bot"}
2026-01-02 01:04:38 [[32minfo[39m]: No fills detected for order 0.6231095400684639 (BUY) after 1s. {"service":"biconomy-volume-bot"}
2026-01-02 01:04:38 [[32minfo[39m]: ≡ƒƒó Placing depth buy order: 21.31 EPWX @ 9.3845e-1 {"service":"biconomy-volume-bot"}
2026-01-02 01:04:38 [[32minfo[39m]: Γ£à Buy order placed: 21 EPWX @ $9.3845e-1 {"service":"biconomy-volume-bot"}
2026-01-02 01:04:38 [[32minfo[39m]: No fills detected for order 0.9534540481486389 (BUY) after 1s. {"service":"biconomy-volume-bot"}
2026-01-02 01:04:38 [[32minfo[39m]: ≡ƒƒó Placing depth buy order: 21.29 EPWX @ 9.3946e-1 {"service":"biconomy-volume-bot"}
2026-01-02 01:04:38 [[32minfo[39m]: Γ£à Buy order placed: 21 EPWX @ $9.3946e-1 {"service":"biconomy-volume-bot"}
2026-01-02 01:04:38 [[32minfo[39m]: No fills detected for order 0.6292783448412593 (BUY) after 1s. {"service":"biconomy-volume-bot"}
2026-01-02 01:04:38 [[32minfo[39m]: ≡ƒƒó Placing depth buy order: 21.35 EPWX @ 9.3695e-1 {"service":"biconomy-volume-bot"}
2026-01-02 01:04:38 [[32minfo[39m]: Γ£à Buy order placed: 21 EPWX @ $9.3695e-1 {"service":"biconomy-volume-bot"}
2026-01-02 01:04:38 [[32minfo[39m]: No fills detected for order 0.4446958909710166 (BUY) after 1s. {"service":"biconomy-volume-bot"}
2026-01-02 01:04:38 [[32minfo[39m]: ≡ƒƒó Placing depth buy order: 21.38 EPWX @ 9.3565e-1 {"service":"biconomy-volume-bot"}
2026-01-02 01:04:38 [[32minfo[39m]: Γ£à Buy order placed: 21 EPWX @ $9.3565e-1 {"service":"biconomy-volume-bot"}
2026-01-02 01:04:38 [[32minfo[39m]: No fills detected for order 0.3557373716739307 (BUY) after 1s. {"service":"biconomy-volume-bot"}
2026-01-02 01:04:38 [[32minfo[39m]: ≡ƒƒó Placing depth buy order: 21.47 EPWX @ 9.3140e-1 {"service":"biconomy-volume-bot"}
2026-01-02 01:04:38 [[32minfo[39m]: Γ£à Buy order placed: 21 EPWX @ $9.3140e-1 {"service":"biconomy-volume-bot"}
2026-01-02 01:04:38 [[32minfo[39m]: No fills detected for order 0.9588470776244062 (BUY) after 1s. {"service":"biconomy-volume-bot"}
2026-01-02 01:04:38 [[32minfo[39m]: ≡ƒƒó Placing depth buy order: 21.31 EPWX @ 9.3872e-1 {"service":"biconomy-volume-bot"}
2026-01-02 01:04:38 [[32minfo[39m]: Γ£à Buy order placed: 21 EPWX @ $9.3872e-1 {"service":"biconomy-volume-bot"}
2026-01-02 01:04:38 [[32minfo[39m]: No fills detected for order 0.18537377973185376 (BUY) after 1s. {"service":"biconomy-volume-bot"}
2026-01-02 01:04:38 [[32minfo[39m]: ≡ƒƒó Placing depth buy order: 21.33 EPWX @ 9.3744e-1 {"service":"biconomy-volume-bot"}
2026-01-02 01:04:38 [[32minfo[39m]: Γ£à Buy order placed: 21 EPWX @ $9.3744e-1 {"service":"biconomy-volume-bot"}
2026-01-02 01:04:38 [[32minfo[39m]: No fills detected for order 0.8978617416632764 (BUY) after 1s. {"service":"biconomy-volume-bot"}
2026-01-02 01:04:38 [[32minfo[39m]: ≡ƒƒó Placing depth buy order: 21.45 EPWX @ 9.3220e-1 {"service":"biconomy-volume-bot"}
2026-01-02 01:04:38 [[32minfo[39m]: Γ£à Buy order placed: 21 EPWX @ $9.3220e-1 {"service":"biconomy-volume-bot"}
2026-01-02 01:04:38 [[32minfo[39m]: No fills detected for order 0.07972647521383736 (BUY) after 1s. {"service":"biconomy-volume-bot"}
2026-01-02 01:04:38 [[32minfo[39m]: ≡ƒƒó Placing depth buy order: 21.32 EPWX @ 9.3797e-1 {"service":"biconomy-volume-bot"}
2026-01-02 01:04:38 [[32minfo[39m]: Γ£à Buy order placed: 21 EPWX @ $9.3797e-1 {"service":"biconomy-volume-bot"}
2026-01-02 01:04:38 [[32minfo[39m]: No fills detected for order 0.12516939795008852 (BUY) after 1s. {"service":"biconomy-volume-bot"}
2026-01-02 01:04:38 [[32minfo[39m]: ≡ƒƒó Placing depth buy order: 21.48 EPWX @ 9.3094e-1 {"service":"biconomy-volume-bot"}
2026-01-02 01:04:38 [[32minfo[39m]: Γ£à Buy order placed: 21 EPWX @ $9.3094e-1 {"service":"biconomy-volume-bot"}
2026-01-02 01:04:38 [[32minfo[39m]: No fills detected for order 0.3029489047341478 (BUY) after 1s. {"service":"biconomy-volume-bot"}
2026-01-02 01:04:38 [[32minfo[39m]: ≡ƒƒó Placing depth buy order: 21.30 EPWX @ 9.3902e-1 {"service":"biconomy-volume-bot"}
2026-01-02 01:04:38 [[32minfo[39m]: Γ£à Buy order placed: 21 EPWX @ $9.3902e-1 {"service":"biconomy-volume-bot"}
2026-01-02 01:04:38 [[32minfo[39m]: No fills detected for order 0.4133692080643496 (BUY) after 1s. {"service":"biconomy-volume-bot"}
2026-01-02 01:04:38 [[32minfo[39m]: ≡ƒö┤ Need to add $500.00 sell orders in 100%-102% band {"service":"biconomy-volume-bot"}
2026-01-02 01:04:38 [[32minfo[39m]: ≡ƒö┤ Placing depth sell order: 21.09 EPWX @ 9.4846e-1 {"service":"biconomy-volume-bot"}
2026-01-02 01:04:38 [[32minfo[39m]: Γ£à Sell order placed: 21 EPWX @ $9.4846e-1 {"service":"biconomy-volume-bot"}
2026-01-02 01:04:38 [[32minfo[39m]: No fills detected for order 0.7085361754952462 (SELL) after 1s. {"service":"biconomy-volume-bot"}
2026-01-02 01:04:38 [[32minfo[39m]: ≡ƒö┤ Placing depth sell order: 21.14 EPWX @ 9.4606e-1 {"service":"biconomy-volume-bot"}
2026-01-02 01:04:38 [[32minfo[39m]: Γ£à Sell order placed: 21 EPWX @ $9.4606e-1 {"service":"biconomy-volume-bot"}
2026-01-02 01:04:38 [[32minfo[39m]: No fills detected for order 0.3709338081049216 (SELL) after 1s. {"service":"biconomy-volume-bot"}
2026-01-02 01:04:38 [[32minfo[39m]: ≡ƒö┤ Placing depth sell order: 21.20 EPWX @ 9.4318e-1 {"service":"biconomy-volume-bot"}
2026-01-02 01:04:38 [[32minfo[39m]: Γ£à Sell order placed: 21 EPWX @ $9.4318e-1 {"service":"biconomy-volume-bot"}
2026-01-02 01:04:38 [[32minfo[39m]: No fills detected for order 0.8027239763779224 (SELL) after 1s. {"service":"biconomy-volume-bot"}
2026-01-02 01:04:38 [[32minfo[39m]: ≡ƒö┤ Placing depth sell order: 21.09 EPWX @ 9.4850e-1 {"service":"biconomy-volume-bot"}
2026-01-02 01:04:38 [[32minfo[39m]: Γ£à Sell order placed: 21 EPWX @ $9.4850e-1 {"service":"biconomy-volume-bot"}
2026-01-02 01:04:38 [[32minfo[39m]: No fills detected for order 0.4900854040977045 (SELL) after 1s. {"service":"biconomy-volume-bot"}
2026-01-02 01:04:38 [[32minfo[39m]: ≡ƒö┤ Placing depth sell order: 21.21 EPWX @ 9.4312e-1 {"service":"biconomy-volume-bot"}
2026-01-02 01:04:38 [[32minfo[39m]: Γ£à Sell order placed: 21 EPWX @ $9.4312e-1 {"service":"biconomy-volume-bot"}
2026-01-02 01:04:38 [[32minfo[39m]: No fills detected for order 0.47308103022356285 (SELL) after 1s. {"service":"biconomy-volume-bot"}
2026-01-02 01:04:38 [[32minfo[39m]: ≡ƒö┤ Placing depth sell order: 21.27 EPWX @ 9.4048e-1 {"service":"biconomy-volume-bot"}
2026-01-02 01:04:38 [[32minfo[39m]: Γ£à Sell order placed: 21 EPWX @ $9.4048e-1 {"service":"biconomy-volume-bot"}
2026-01-02 01:04:38 [[32minfo[39m]: No fills detected for order 0.6207312247944241 (SELL) after 1s. {"service":"biconomy-volume-bot"}
2026-01-02 01:04:38 [[32minfo[39m]: ≡ƒö┤ Placing depth sell order: 21.23 EPWX @ 9.4206e-1 {"service":"biconomy-volume-bot"}
2026-01-02 01:04:38 [[32minfo[39m]: Γ£à Sell order placed: 21 EPWX @ $9.4206e-1 {"service":"biconomy-volume-bot"}
2026-01-02 01:04:38 [[32minfo[39m]: No fills detected for order 0.33161067320344273 (SELL) after 1s. {"service":"biconomy-volume-bot"}
2026-01-02 01:04:38 [[32minfo[39m]: ≡ƒö┤ Placing depth sell order: 21.19 EPWX @ 9.4396e-1 {"service":"biconomy-volume-bot"}
2026-01-02 01:04:38 [[32minfo[39m]: Γ£à Sell order placed: 21 EPWX @ $9.4396e-1 {"service":"biconomy-volume-bot"}
2026-01-02 01:04:38 [[32minfo[39m]: No fills detected for order 0.5043838909893672 (SELL) after 1s. {"service":"biconomy-volume-bot"}
2026-01-02 01:04:38 [[32minfo[39m]: ≡ƒö┤ Placing depth sell order: 21.14 EPWX @ 9.4598e-1 {"service":"biconomy-volume-bot"}
2026-01-02 01:04:38 [[32minfo[39m]: Γ£à Sell order placed: 21 EPWX @ $9.4598e-1 {"service":"biconomy-volume-bot"}
2026-01-02 01:04:38 [[32minfo[39m]: No fills detected for order 0.258629367574265 (SELL) after 1s. {"service":"biconomy-volume-bot"}
2026-01-02 01:04:38 [[32minfo[39m]: ≡ƒö┤ Placing depth sell order: 21.08 EPWX @ 9.4876e-1 {"service":"biconomy-volume-bot"}
2026-01-02 01:04:38 [[32minfo[39m]: Γ£à Sell order placed: 21 EPWX @ $9.4876e-1 {"service":"biconomy-volume-bot"}
2026-01-02 01:04:38 [[32minfo[39m]: No fills detected for order 0.8334390492771055 (SELL) after 1s. {"service":"biconomy-volume-bot"}
2026-01-02 01:04:38 [[32minfo[39m]: ≡ƒö┤ Placing depth sell order: 21.17 EPWX @ 9.4461e-1 {"service":"biconomy-volume-bot"}
2026-01-02 01:04:38 [[32minfo[39m]: Γ£à Sell order placed: 21 EPWX @ $9.4461e-1 {"service":"biconomy-volume-bot"}
2026-01-02 01:04:38 [[32minfo[39m]: No fills detected for order 0.1773551131305271 (SELL) after 1s. {"service":"biconomy-volume-bot"}
2026-01-02 01:04:38 [[32minfo[39m]: ≡ƒö┤ Placing depth sell order: 21.15 EPWX @ 9.4545e-1 {"service":"biconomy-volume-bot"}
2026-01-02 01:04:38 [[32minfo[39m]: Γ£à Sell order placed: 21 EPWX @ $9.4545e-1 {"service":"biconomy-volume-bot"}
2026-01-02 01:04:38 [[32minfo[39m]: No fills detected for order 0.560729171384809 (SELL) after 1s. {"service":"biconomy-volume-bot"}
2026-01-02 01:04:38 [[32minfo[39m]: ≡ƒö┤ Placing depth sell order: 21.14 EPWX @ 9.4603e-1 {"service":"biconomy-volume-bot"}
2026-01-02 01:04:38 [[32minfo[39m]: Γ£à Sell order placed: 21 EPWX @ $9.4603e-1 {"service":"biconomy-volume-bot"}
2026-01-02 01:04:38 [[32minfo[39m]: No fills detected for order 0.7231654612722449 (SELL) after 1s. {"service":"biconomy-volume-bot"}
2026-01-02 01:04:38 [[32minfo[39m]: ≡ƒö┤ Placing depth sell order: 21.09 EPWX @ 9.4851e-1 {"service":"biconomy-volume-bot"}
2026-01-02 01:04:38 [[32minfo[39m]: Γ£à Sell order placed: 21 EPWX @ $9.4851e-1 {"service":"biconomy-volume-bot"}
2026-01-02 01:04:38 [[32minfo[39m]: No fills detected for order 0.546264986210673 (SELL) after 1s. {"service":"biconomy-volume-bot"}
2026-01-02 01:04:38 [[32minfo[39m]: ≡ƒö┤ Placing depth sell order: 21.08 EPWX @ 9.4881e-1 {"service":"biconomy-volume-bot"}
2026-01-02 01:04:38 [[32minfo[39m]: Γ£à Sell order placed: 21 EPWX @ $9.4881e-1 {"service":"biconomy-volume-bot"}
2026-01-02 01:04:38 [[32minfo[39m]: No fills detected for order 0.8169067749079055 (SELL) after 1s. {"service":"biconomy-volume-bot"}
2026-01-02 01:04:38 [[32minfo[39m]: ≡ƒö┤ Placing depth sell order: 21.19 EPWX @ 9.4403e-1 {"service":"biconomy-volume-bot"}
2026-01-02 01:04:38 [[32minfo[39m]: Γ£à Sell order placed: 21 EPWX @ $9.4403e-1 {"service":"biconomy-volume-bot"}
2026-01-02 01:04:38 [[32minfo[39m]: No fills detected for order 0.2113271406738213 (SELL) after 1s. {"service":"biconomy-volume-bot"}
2026-01-02 01:04:38 [[32minfo[39m]: ≡ƒö┤ Placing depth sell order: 21.24 EPWX @ 9.4163e-1 {"service":"biconomy-volume-bot"}
2026-01-02 01:04:38 [[32minfo[39m]: Γ£à Sell order placed: 21 EPWX @ $9.4163e-1 {"service":"biconomy-volume-bot"}
2026-01-02 01:04:38 [[32minfo[39m]: No fills detected for order 0.8152096024402999 (SELL) after 1s. {"service":"biconomy-volume-bot"}
2026-01-02 01:04:38 [[32minfo[39m]: ≡ƒö┤ Placing depth sell order: 21.27 EPWX @ 9.4045e-1 {"service":"biconomy-volume-bot"}
2026-01-02 01:04:38 [[32minfo[39m]: Γ£à Sell order placed: 21 EPWX @ $9.4045e-1 {"service":"biconomy-volume-bot"}
2026-01-02 01:04:38 [[32minfo[39m]: No fills detected for order 0.8796848346773094 (SELL) after 1s. {"service":"biconomy-volume-bot"}
2026-01-02 01:04:38 [[32minfo[39m]: ≡ƒö┤ Placing depth sell order: 21.10 EPWX @ 9.4779e-1 {"service":"biconomy-volume-bot"}
2026-01-02 01:04:38 [[32minfo[39m]: Γ£à Sell order placed: 21 EPWX @ $9.4779e-1 {"service":"biconomy-volume-bot"}
2026-01-02 01:04:38 [[32minfo[39m]: No fills detected for order 0.004796767677325731 (SELL) after 1s. {"service":"biconomy-volume-bot"}
2026-01-02 01:04:38 [[32minfo[39m]: ≡ƒö┤ Placing depth sell order: 21.17 EPWX @ 9.4492e-1 {"service":"biconomy-volume-bot"}
2026-01-02 01:04:38 [[32minfo[39m]: Γ£à Sell order placed: 21 EPWX @ $9.4492e-1 {"service":"biconomy-volume-bot"}
2026-01-02 01:04:38 [[32minfo[39m]: No fills detected for order 0.19920977495061631 (SELL) after 1s. {"service":"biconomy-volume-bot"}
2026-01-02 01:04:38 [[32minfo[39m]: ≡ƒö┤ Placing depth sell order: 21.11 EPWX @ 9.4748e-1 {"service":"biconomy-volume-bot"}
2026-01-02 01:04:38 [[32minfo[39m]: Γ£à Sell order placed: 21 EPWX @ $9.4748e-1 {"service":"biconomy-volume-bot"}
2026-01-02 01:04:38 [[32minfo[39m]: No fills detected for order 0.28714271674984393 (SELL) after 1s. {"service":"biconomy-volume-bot"}
2026-01-02 01:04:38 [[32minfo[39m]: ≡ƒö┤ Placing depth sell order: 21.23 EPWX @ 9.4213e-1 {"service":"biconomy-volume-bot"}
2026-01-02 01:04:38 [[32minfo[39m]: Γ£à Sell order placed: 21 EPWX @ $9.4213e-1 {"service":"biconomy-volume-bot"}
2026-01-02 01:04:38 [[32minfo[39m]: No fills detected for order 0.5432193244679138 (SELL) after 1s. {"service":"biconomy-volume-bot"}
2026-01-02 01:04:38 [[32minfo[39m]: ≡ƒö┤ Placing depth sell order: 21.17 EPWX @ 9.4474e-1 {"service":"biconomy-volume-bot"}
2026-01-02 01:04:38 [[32minfo[39m]: Γ£à Sell order placed: 21 EPWX @ $9.4474e-1 {"service":"biconomy-volume-bot"}
2026-01-02 01:04:38 [[32minfo[39m]: No fills detected for order 0.9623678905926263 (SELL) after 1s. {"service":"biconomy-volume-bot"}
2026-01-02 01:04:38 [[32minfo[39m]: ≡ƒö┤ Placing depth sell order: 21.26 EPWX @ 9.4052e-1 {"service":"biconomy-volume-bot"}
2026-01-02 01:04:38 [[32minfo[39m]: Γ£à Sell order placed: 21 EPWX @ $9.4052e-1 {"service":"biconomy-volume-bot"}
2026-01-02 01:04:38 [[32minfo[39m]: No fills detected for order 0.09866808404893046 (SELL) after 1s. {"service":"biconomy-volume-bot"}
2026-01-02 01:04:38 [[32minfo[39m]: ≡ƒö┤ Placing depth sell order: 21.15 EPWX @ 9.4565e-1 {"service":"biconomy-volume-bot"}
2026-01-02 01:04:38 [[32minfo[39m]: Γ£à Sell order placed: 21 EPWX @ $9.4565e-1 {"service":"biconomy-volume-bot"}
2026-01-02 01:04:38 [[32minfo[39m]: No fills detected for order 0.4834133364864872 (SELL) after 1s. {"service":"biconomy-volume-bot"}
2026-01-02 01:04:38 [[32minfo[39m]: ≡ƒ¢Æ [1/30] Placing book-depth buy order: 21.49 EPWX @ 9.3060e-1 [Book Depth] {"service":"biconomy-volume-bot"}
2026-01-02 01:04:38 [[32minfo[39m]: Γ£à Buy order placed: 21 EPWX @ $9.3060e-1 {"service":"biconomy-volume-bot"}
2026-01-02 01:04:38 [[32minfo[39m]: No fills detected for order 0.16843447509843945 (BUY) after 1s. {"service":"biconomy-volume-bot"}
2026-01-02 01:04:38 [[32minfo[39m]: ≡ƒ¢Æ [2/30] Placing book-depth buy order: 21.50 EPWX @ 9.3041e-1 [Book Depth] {"service":"biconomy-volume-bot"}
2026-01-02 01:04:38 [[32minfo[39m]: Γ£à Buy order placed: 21 EPWX @ $9.3041e-1 {"service":"biconomy-volume-bot"}
2026-01-02 01:04:38 [[32minfo[39m]: No fills detected for order 0.7154426462828651 (BUY) after 1s. {"service":"biconomy-volume-bot"}
2026-01-02 01:04:38 [[32minfo[39m]: ≡ƒ¢Æ [3/30] Placing book-depth buy order: 21.50 EPWX @ 9.3022e-1 [Book Depth] {"service":"biconomy-volume-bot"}
2026-01-02 01:04:38 [[32minfo[39m]: Γ£à Buy order placed: 21 EPWX @ $9.3022e-1 {"service":"biconomy-volume-bot"}
2026-01-02 01:04:38 [[32minfo[39m]: No fills detected for order 0.11629730555498985 (BUY) after 1s. {"service":"biconomy-volume-bot"}
2026-01-02 01:04:38 [[32minfo[39m]: ≡ƒ¢Æ [4/30] Placing book-depth buy order: 21.50 EPWX @ 9.3004e-1 [Book Depth] {"service":"biconomy-volume-bot"}
2026-01-02 01:04:38 [[32minfo[39m]: Γ£à Buy order placed: 21 EPWX @ $9.3004e-1 {"service":"biconomy-volume-bot"}
2026-01-02 01:04:38 [[32minfo[39m]: No fills detected for order 0.9542912685695697 (BUY) after 1s. {"service":"biconomy-volume-bot"}
2026-01-02 01:04:38 [[32minfo[39m]: ≡ƒ¢Æ [5/30] Placing book-depth buy order: 21.51 EPWX @ 9.2985e-1 [Book Depth] {"service":"biconomy-volume-bot"}
2026-01-02 01:04:38 [[32minfo[39m]: Γ£à Buy order placed: 21 EPWX @ $9.2985e-1 {"service":"biconomy-volume-bot"}
2026-01-02 01:04:38 [[32minfo[39m]: No fills detected for order 0.4695949041032206 (BUY) after 1s. {"service":"biconomy-volume-bot"}
2026-01-02 01:04:38 [[32minfo[39m]: ≡ƒ¢Æ [6/30] Placing book-depth buy order: 21.51 EPWX @ 9.2966e-1 [Book Depth] {"service":"biconomy-volume-bot"}
2026-01-02 01:04:38 [[32minfo[39m]: Γ£à Buy order placed: 21 EPWX @ $9.2966e-1 {"service":"biconomy-volume-bot"}
2026-01-02 01:04:38 [[32minfo[39m]: No fills detected for order 0.06563799327228592 (BUY) after 1s. {"service":"biconomy-volume-bot"}
2026-01-02 01:04:38 [[32minfo[39m]: ≡ƒ¢Æ [7/30] Placing book-depth buy order: 21.52 EPWX @ 9.2947e-1 [Book Depth] {"service":"biconomy-volume-bot"}
2026-01-02 01:04:38 [[32minfo[39m]: Γ£à Buy order placed: 21 EPWX @ $9.2947e-1 {"service":"biconomy-volume-bot"}
2026-01-02 01:04:38 [[32minfo[39m]: No fills detected for order 0.35501723966816434 (BUY) after 1s. {"service":"biconomy-volume-bot"}
2026-01-02 01:04:38 [[32minfo[39m]: ≡ƒ¢Æ [8/30] Placing book-depth buy order: 21.52 EPWX @ 9.2928e-1 [Book Depth] {"service":"biconomy-volume-bot"}
2026-01-02 01:04:38 [[32minfo[39m]: Γ£à Buy order placed: 21 EPWX @ $9.2928e-1 {"service":"biconomy-volume-bot"}
2026-01-02 01:04:38 [[32minfo[39m]: No fills detected for order 0.7884219307342031 (BUY) after 1s. {"service":"biconomy-volume-bot"}
2026-01-02 01:04:38 [[32minfo[39m]: ≡ƒ¢Æ [9/30] Placing book-depth buy order: 21.53 EPWX @ 9.2910e-1 [Book Depth] {"service":"biconomy-volume-bot"}
2026-01-02 01:04:38 [[32minfo[39m]: Γ£à Buy order placed: 21 EPWX @ $9.2910e-1 {"service":"biconomy-volume-bot"}
2026-01-02 01:04:38 [[32minfo[39m]: No fills detected for order 0.2507449179046679 (BUY) after 1s. {"service":"biconomy-volume-bot"}
2026-01-02 01:04:38 [[32minfo[39m]: ≡ƒ¢Æ [10/30] Placing book-depth buy order: 21.53 EPWX @ 9.2891e-1 [Book Depth] {"service":"biconomy-volume-bot"}
2026-01-02 01:04:38 [[32minfo[39m]: Γ£à Buy order placed: 21 EPWX @ $9.2891e-1 {"service":"biconomy-volume-bot"}
2026-01-02 01:04:38 [[32minfo[39m]: No fills detected for order 0.03005225134087186 (BUY) after 1s. {"service":"biconomy-volume-bot"}
2026-01-02 01:04:38 [[32minfo[39m]: ≡ƒ¢Æ [11/30] Placing book-depth buy order: 21.54 EPWX @ 9.2872e-1 [Book Depth] {"service":"biconomy-volume-bot"}
2026-01-02 01:04:38 [[32minfo[39m]: Γ£à Buy order placed: 21 EPWX @ $9.2872e-1 {"service":"biconomy-volume-bot"}
2026-01-02 01:04:38 [[32minfo[39m]: No fills detected for order 0.7920680703928893 (BUY) after 1s. {"service":"biconomy-volume-bot"}
2026-01-02 01:04:38 [[32minfo[39m]: ≡ƒ¢Æ [12/30] Placing book-depth buy order: 21.54 EPWX @ 9.2853e-1 [Book Depth] {"service":"biconomy-volume-bot"}
2026-01-02 01:04:38 [[32minfo[39m]: Γ£à Buy order placed: 21 EPWX @ $9.2853e-1 {"service":"biconomy-volume-bot"}
2026-01-02 01:04:38 [[32minfo[39m]: No fills detected for order 0.277549331295458 (BUY) after 1s. {"service":"biconomy-volume-bot"}
2026-01-02 01:04:38 [[32minfo[39m]: ≡ƒ¢Æ [13/30] Placing book-depth buy order: 21.54 EPWX @ 9.2834e-1 [Book Depth] {"service":"biconomy-volume-bot"}
2026-01-02 01:04:38 [[32minfo[39m]: Γ£à Buy order placed: 21 EPWX @ $9.2834e-1 {"service":"biconomy-volume-bot"}
2026-01-02 01:04:38 [[32minfo[39m]: No fills detected for order 0.9672467086142833 (BUY) after 1s. {"service":"biconomy-volume-bot"}
2026-01-02 01:04:38 [[32minfo[39m]: ≡ƒ¢Æ [14/30] Placing book-depth buy order: 21.55 EPWX @ 9.2816e-1 [Book Depth] {"service":"biconomy-volume-bot"}
2026-01-02 01:04:38 [[32minfo[39m]: Γ£à Buy order placed: 21 EPWX @ $9.2816e-1 {"service":"biconomy-volume-bot"}
2026-01-02 01:04:38 [[32minfo[39m]: No fills detected for order 0.6796194451959654 (BUY) after 1s. {"service":"biconomy-volume-bot"}
2026-01-02 01:04:38 [[32minfo[39m]: ≡ƒ¢Æ [15/30] Placing book-depth buy order: 21.55 EPWX @ 9.2797e-1 [Book Depth] {"service":"biconomy-volume-bot"}
2026-01-02 01:04:38 [[32minfo[39m]: Γ£à Buy order placed: 21 EPWX @ $9.2797e-1 {"service":"biconomy-volume-bot"}
2026-01-02 01:04:38 [[32minfo[39m]: No fills detected for order 0.060511867099943606 (BUY) after 1s. {"service":"biconomy-volume-bot"}
2026-01-02 01:04:38 [[32minfo[39m]: ≡ƒ¢Æ [16/30] Placing book-depth buy order: 21.56 EPWX @ 9.2778e-1 [Book Depth] {"service":"biconomy-volume-bot"}
2026-01-02 01:04:38 [[32minfo[39m]: Γ£à Buy order placed: 21 EPWX @ $9.2778e-1 {"service":"biconomy-volume-bot"}
2026-01-02 01:04:38 [[32minfo[39m]: No fills detected for order 0.40846381061324344 (BUY) after 1s. {"service":"biconomy-volume-bot"}
2026-01-02 01:04:38 [[32minfo[39m]: ≡ƒ¢Æ [17/30] Placing book-depth buy order: 21.56 EPWX @ 9.2759e-1 [Book Depth] {"service":"biconomy-volume-bot"}
2026-01-02 01:04:38 [[32minfo[39m]: Γ£à Buy order placed: 21 EPWX @ $9.2759e-1 {"service":"biconomy-volume-bot"}
2026-01-02 01:04:38 [[32minfo[39m]: No fills detected for order 0.519685254851574 (BUY) after 1s. {"service":"biconomy-volume-bot"}
2026-01-02 01:04:38 [[32minfo[39m]: ≡ƒ¢Æ [18/30] Placing book-depth buy order: 21.57 EPWX @ 9.2740e-1 [Book Depth] {"service":"biconomy-volume-bot"}
2026-01-02 01:04:38 [[32minfo[39m]: Γ£à Buy order placed: 21 EPWX @ $9.2740e-1 {"service":"biconomy-volume-bot"}
2026-01-02 01:04:38 [[32minfo[39m]: No fills detected for order 0.7729667613645212 (BUY) after 1s. {"service":"biconomy-volume-bot"}
2026-01-02 01:04:38 [[32minfo[39m]: ≡ƒ¢Æ [19/30] Placing book-depth buy order: 21.57 EPWX @ 9.2722e-1 [Book Depth] {"service":"biconomy-volume-bot"}
2026-01-02 01:04:38 [[32minfo[39m]: Γ£à Buy order placed: 21 EPWX @ $9.2722e-1 {"service":"biconomy-volume-bot"}
2026-01-02 01:04:38 [[32minfo[39m]: No fills detected for order 0.03532162768856928 (BUY) after 1s. {"service":"biconomy-volume-bot"}
2026-01-02 01:04:38 [[32minfo[39m]: ≡ƒ¢Æ [20/30] Placing book-depth buy order: 21.57 EPWX @ 9.2703e-1 [Book Depth] {"service":"biconomy-volume-bot"}
2026-01-02 01:04:38 [[32minfo[39m]: Γ£à Buy order placed: 21 EPWX @ $9.2703e-1 {"service":"biconomy-volume-bot"}
2026-01-02 01:04:38 [[32minfo[39m]: No fills detected for order 0.748580271045983 (BUY) after 1s. {"service":"biconomy-volume-bot"}
2026-01-02 01:04:38 [[32minfo[39m]: ≡ƒ¢Æ [21/30] Placing book-depth buy order: 21.58 EPWX @ 9.2684e-1 [Book Depth] {"service":"biconomy-volume-bot"}
2026-01-02 01:04:38 [[32minfo[39m]: Γ£à Buy order placed: 21 EPWX @ $9.2684e-1 {"service":"biconomy-volume-bot"}
2026-01-02 01:04:38 [[32minfo[39m]: No fills detected for order 0.15329749211190458 (BUY) after 1s. {"service":"biconomy-volume-bot"}
2026-01-02 01:04:38 [[32minfo[39m]: ≡ƒ¢Æ [22/30] Placing book-depth buy order: 21.58 EPWX @ 9.2665e-1 [Book Depth] {"service":"biconomy-volume-bot"}
2026-01-02 01:04:38 [[32minfo[39m]: Γ£à Buy order placed: 21 EPWX @ $9.2665e-1 {"service":"biconomy-volume-bot"}
2026-01-02 01:04:38 [[32minfo[39m]: No fills detected for order 0.22583122611862017 (BUY) after 1s. {"service":"biconomy-volume-bot"}
2026-01-02 01:04:38 [[32minfo[39m]: ≡ƒ¢Æ [23/30] Placing book-depth buy order: 21.59 EPWX @ 9.2646e-1 [Book Depth] {"service":"biconomy-volume-bot"}
2026-01-02 01:04:38 [[32minfo[39m]: Γ£à Buy order placed: 21 EPWX @ $9.2646e-1 {"service":"biconomy-volume-bot"}
2026-01-02 01:04:38 [[32minfo[39m]: No fills detected for order 0.7570082988346956 (BUY) after 1s. {"service":"biconomy-volume-bot"}
2026-01-02 01:04:38 [[32minfo[39m]: ≡ƒ¢Æ [24/30] Placing book-depth buy order: 21.59 EPWX @ 9.2628e-1 [Book Depth] {"service":"biconomy-volume-bot"}
2026-01-02 01:04:38 [[32minfo[39m]: Γ£à Buy order placed: 21 EPWX @ $9.2628e-1 {"service":"biconomy-volume-bot"}
2026-01-02 01:04:38 [[32minfo[39m]: No fills detected for order 0.2112885480967559 (BUY) after 1s. {"service":"biconomy-volume-bot"}
2026-01-02 01:04:38 [[32minfo[39m]: ≡ƒ¢Æ [25/30] Placing book-depth buy order: 21.60 EPWX @ 9.2609e-1 [Book Depth] {"service":"biconomy-volume-bot"}
2026-01-02 01:04:38 [[32minfo[39m]: Γ£à Buy order placed: 21 EPWX @ $9.2609e-1 {"service":"biconomy-volume-bot"}
2026-01-02 01:04:38 [[32minfo[39m]: No fills detected for order 0.7923251674690428 (BUY) after 1s. {"service":"biconomy-volume-bot"}
2026-01-02 01:04:38 [[32minfo[39m]: ≡ƒ¢Æ [26/30] Placing book-depth buy order: 21.60 EPWX @ 9.2590e-1 [Book Depth] {"service":"biconomy-volume-bot"}
2026-01-02 01:04:38 [[32minfo[39m]: Γ£à Buy order placed: 21 EPWX @ $9.2590e-1 {"service":"biconomy-volume-bot"}
2026-01-02 01:04:38 [[32minfo[39m]: No fills detected for order 0.8121488332586879 (BUY) after 1s. {"service":"biconomy-volume-bot"}
2026-01-02 01:04:38 [[32minfo[39m]: ≡ƒ¢Æ [27/30] Placing book-depth buy order: 21.60 EPWX @ 9.2571e-1 [Book Depth] {"service":"biconomy-volume-bot"}
2026-01-02 01:04:38 [[32minfo[39m]: Γ£à Buy order placed: 21 EPWX @ $9.2571e-1 {"service":"biconomy-volume-bot"}
2026-01-02 01:04:38 [[32minfo[39m]: No fills detected for order 0.5414646340655171 (BUY) after 1s. {"service":"biconomy-volume-bot"}
2026-01-02 01:04:38 [[32minfo[39m]: ≡ƒ¢Æ [28/30] Placing book-depth buy order: 21.61 EPWX @ 9.2552e-1 [Book Depth] {"service":"biconomy-volume-bot"}
2026-01-02 01:04:38 [[32minfo[39m]: Γ£à Buy order placed: 21 EPWX @ $9.2552e-1 {"service":"biconomy-volume-bot"}
2026-01-02 01:04:38 [[32minfo[39m]: No fills detected for order 0.46701374043827215 (BUY) after 1s. {"service":"biconomy-volume-bot"}
2026-01-02 01:04:38 [[32minfo[39m]: ≡ƒ¢Æ [29/30] Placing book-depth buy order: 21.61 EPWX @ 9.2534e-1 [Book Depth] {"service":"biconomy-volume-bot"}
2026-01-02 01:04:38 [[32minfo[39m]: Γ£à Buy order placed: 21 EPWX @ $9.2534e-1 {"service":"biconomy-volume-bot"}
2026-01-02 01:04:38 [[32minfo[39m]: No fills detected for order 0.6310174896379501 (BUY) after 1s. {"service":"biconomy-volume-bot"}
2026-01-02 01:04:38 [[32minfo[39m]: ≡ƒ¢Æ [30/30] Placing book-depth buy order: 21.62 EPWX @ 9.2515e-1 [Book Depth] {"service":"biconomy-volume-bot"}
2026-01-02 01:04:38 [[32minfo[39m]: Γ£à Buy order placed: 21 EPWX @ $9.2515e-1 {"service":"biconomy-volume-bot"}
2026-01-02 01:04:38 [[32minfo[39m]: No fills detected for order 0.3574606839220771 (BUY) after 1s. {"service":"biconomy-volume-bot"}
2026-01-02 01:04:38 [[32minfo[39m]: ≡ƒÆ░ [1/30] Placing book-depth sell order: 21.07 EPWX @ 9.4940e-1 [Book Depth] {"service":"biconomy-volume-bot"}
2026-01-02 01:04:38 [[32minfo[39m]: Γ£à Sell order placed: 21 EPWX @ $9.4940e-1 {"service":"biconomy-volume-bot"}
2026-01-02 01:04:38 [[32minfo[39m]: No fills detected for order 0.873316067083685 (SELL) after 1s. {"service":"biconomy-volume-bot"}
2026-01-02 01:04:38 [[32minfo[39m]: ≡ƒÆ░ [2/30] Placing book-depth sell order: 21.06 EPWX @ 9.4959e-1 [Book Depth] {"service":"biconomy-volume-bot"}
2026-01-02 01:04:38 [[32minfo[39m]: Γ£à Sell order placed: 21 EPWX @ $9.4959e-1 {"service":"biconomy-volume-bot"}
2026-01-02 01:04:38 [[32minfo[39m]: No fills detected for order 0.6919712076022151 (SELL) after 1s. {"service":"biconomy-volume-bot"}
2026-01-02 01:04:38 [[32minfo[39m]: ≡ƒÆ░ [3/30] Placing book-depth sell order: 21.06 EPWX @ 9.4978e-1 [Book Depth] {"service":"biconomy-volume-bot"}
2026-01-02 01:04:38 [[32minfo[39m]: Γ£à Sell order placed: 21 EPWX @ $9.4978e-1 {"service":"biconomy-volume-bot"}
2026-01-02 01:04:38 [[32minfo[39m]: No fills detected for order 0.717838627025805 (SELL) after 1s. {"service":"biconomy-volume-bot"}
2026-01-02 01:04:38 [[32minfo[39m]: ≡ƒÆ░ [4/30] Placing book-depth sell order: 21.05 EPWX @ 9.4996e-1 [Book Depth] {"service":"biconomy-volume-bot"}
2026-01-02 01:04:38 [[32minfo[39m]: Γ£à Sell order placed: 21 EPWX @ $9.4996e-1 {"service":"biconomy-volume-bot"}
2026-01-02 01:04:38 [[32minfo[39m]: No fills detected for order 0.3300029424032269 (SELL) after 1s. {"service":"biconomy-volume-bot"}
2026-01-02 01:04:38 [[32minfo[39m]: ≡ƒÆ░ [5/30] Placing book-depth sell order: 21.05 EPWX @ 9.5015e-1 [Book Depth] {"service":"biconomy-volume-bot"}
2026-01-02 01:04:38 [[32minfo[39m]: Γ£à Sell order placed: 21 EPWX @ $9.5015e-1 {"service":"biconomy-volume-bot"}
2026-01-02 01:04:38 [[32minfo[39m]: No fills detected for order 0.4335928621018734 (SELL) after 1s. {"service":"biconomy-volume-bot"}
2026-01-02 01:04:38 [[32minfo[39m]: ≡ƒÆ░ [6/30] Placing book-depth sell order: 21.05 EPWX @ 9.5034e-1 [Book Depth] {"service":"biconomy-volume-bot"}
2026-01-02 01:04:38 [[32minfo[39m]: Γ£à Sell order placed: 21 EPWX @ $9.5034e-1 {"service":"biconomy-volume-bot"}
2026-01-02 01:04:38 [[32minfo[39m]: No fills detected for order 0.3954847304749076 (SELL) after 1s. {"service":"biconomy-volume-bot"}
2026-01-02 01:04:38 [[32minfo[39m]: ≡ƒÆ░ [7/30] Placing book-depth sell order: 21.04 EPWX @ 9.5053e-1 [Book Depth] {"service":"biconomy-volume-bot"}
2026-01-02 01:04:38 [[32minfo[39m]: Γ£à Sell order placed: 21 EPWX @ $9.5053e-1 {"service":"biconomy-volume-bot"}
2026-01-02 01:04:38 [[32minfo[39m]: No fills detected for order 0.6817439372085592 (SELL) after 1s. {"service":"biconomy-volume-bot"}
2026-01-02 01:04:38 [[32minfo[39m]: ≡ƒÆ░ [8/30] Placing book-depth sell order: 21.04 EPWX @ 9.5072e-1 [Book Depth] {"service":"biconomy-volume-bot"}
2026-01-02 01:04:38 [[32minfo[39m]: Γ£à Sell order placed: 21 EPWX @ $9.5072e-1 {"service":"biconomy-volume-bot"}
2026-01-02 01:04:38 [[32minfo[39m]: No fills detected for order 0.4979140408387892 (SELL) after 1s. {"service":"biconomy-volume-bot"}
2026-01-02 01:04:38 [[32minfo[39m]: ≡ƒÆ░ [9/30] Placing book-depth sell order: 21.03 EPWX @ 9.5090e-1 [Book Depth] {"service":"biconomy-volume-bot"}
2026-01-02 01:04:38 [[32minfo[39m]: Γ£à Sell order placed: 21 EPWX @ $9.5090e-1 {"service":"biconomy-volume-bot"}
2026-01-02 01:04:38 [[32minfo[39m]: No fills detected for order 0.7352660213573621 (SELL) after 1s. {"service":"biconomy-volume-bot"}
2026-01-02 01:04:38 [[32minfo[39m]: ≡ƒÆ░ [10/30] Placing book-depth sell order: 21.03 EPWX @ 9.5109e-1 [Book Depth] {"service":"biconomy-volume-bot"}
2026-01-02 01:04:38 [[32minfo[39m]: Γ£à Sell order placed: 21 EPWX @ $9.5109e-1 {"service":"biconomy-volume-bot"}
2026-01-02 01:04:38 [[32minfo[39m]: No fills detected for order 0.36353452427618294 (SELL) after 1s. {"service":"biconomy-volume-bot"}
2026-01-02 01:04:38 [[32minfo[39m]: ≡ƒÆ░ [11/30] Placing book-depth sell order: 21.02 EPWX @ 9.5128e-1 [Book Depth] {"service":"biconomy-volume-bot"}
2026-01-02 01:04:38 [[32minfo[39m]: Γ£à Sell order placed: 21 EPWX @ $9.5128e-1 {"service":"biconomy-volume-bot"}
2026-01-02 01:04:38 [[32minfo[39m]: No fills detected for order 0.9137088101167552 (SELL) after 1s. {"service":"biconomy-volume-bot"}
2026-01-02 01:04:38 [[32minfo[39m]: ≡ƒÆ░ [12/30] Placing book-depth sell order: 21.02 EPWX @ 9.5147e-1 [Book Depth] {"service":"biconomy-volume-bot"}
2026-01-02 01:04:38 [[32minfo[39m]: Γ£à Sell order placed: 21 EPWX @ $9.5147e-1 {"service":"biconomy-volume-bot"}
2026-01-02 01:04:38 [[32minfo[39m]: No fills detected for order 0.43818435297868685 (SELL) after 1s. {"service":"biconomy-volume-bot"}
2026-01-02 01:04:38 [[32minfo[39m]: ≡ƒÆ░ [13/30] Placing book-depth sell order: 21.02 EPWX @ 9.5166e-1 [Book Depth] {"service":"biconomy-volume-bot"}
2026-01-02 01:04:38 [[32minfo[39m]: Γ£à Sell order placed: 21 EPWX @ $9.5166e-1 {"service":"biconomy-volume-bot"}
2026-01-02 01:04:38 [[32minfo[39m]: No fills detected for order 0.7258006483504369 (SELL) after 1s. {"service":"biconomy-volume-bot"}
2026-01-02 01:04:38 [[32minfo[39m]: ≡ƒÆ░ [14/30] Placing book-depth sell order: 21.01 EPWX @ 9.5184e-1 [Book Depth] {"service":"biconomy-volume-bot"}
2026-01-02 01:04:38 [[32minfo[39m]: Γ£à Sell order placed: 21 EPWX @ $9.5184e-1 {"service":"biconomy-volume-bot"}
2026-01-02 01:04:38 [[32minfo[39m]: No fills detected for order 0.34355862348793775 (SELL) after 1s. {"service":"biconomy-volume-bot"}
2026-01-02 01:04:38 [[32minfo[39m]: ≡ƒÆ░ [15/30] Placing book-depth sell order: 21.01 EPWX @ 9.5203e-1 [Book Depth] {"service":"biconomy-volume-bot"}
2026-01-02 01:04:38 [[32minfo[39m]: Γ£à Sell order placed: 21 EPWX @ $9.5203e-1 {"service":"biconomy-volume-bot"}
2026-01-02 01:04:38 [[32minfo[39m]: No fills detected for order 0.9080226450628037 (SELL) after 1s. {"service":"biconomy-volume-bot"}
2026-01-02 01:04:38 [[32minfo[39m]: ≡ƒÆ░ [16/30] Placing book-depth sell order: 21.00 EPWX @ 9.5222e-1 [Book Depth] {"service":"biconomy-volume-bot"}
2026-01-02 01:04:38 [[32minfo[39m]: Γ£à Sell order placed: 21 EPWX @ $9.5222e-1 {"service":"biconomy-volume-bot"}
2026-01-02 01:04:38 [[32minfo[39m]: No fills detected for order 0.0882582259929563 (SELL) after 1s. {"service":"biconomy-volume-bot"}
2026-01-02 01:04:38 [[32minfo[39m]: ≡ƒÆ░ [17/30] Placing book-depth sell order: 21.00 EPWX @ 9.5241e-1 [Book Depth] {"service":"biconomy-volume-bot"}
2026-01-02 01:04:38 [[32minfo[39m]: Γ£à Sell order placed: 20 EPWX @ $9.5241e-1 {"service":"biconomy-volume-bot"}
2026-01-02 01:04:38 [[32minfo[39m]: No fills detected for order 0.782022501747436 (SELL) after 1s. {"service":"biconomy-volume-bot"}
2026-01-02 01:04:38 [[32minfo[39m]: ≡ƒÆ░ [18/30] Placing book-depth sell order: 21.00 EPWX @ 9.5260e-1 [Book Depth] {"service":"biconomy-volume-bot"}
2026-01-02 01:04:38 [[32minfo[39m]: Γ£à Sell order placed: 20 EPWX @ $9.5260e-1 {"service":"biconomy-volume-bot"}
2026-01-02 01:04:38 [[32minfo[39m]: No fills detected for order 0.022208196587086393 (SELL) after 1s. {"service":"biconomy-volume-bot"}
2026-01-02 01:04:38 [[32minfo[39m]: ≡ƒÆ░ [19/30] Placing book-depth sell order: 20.99 EPWX @ 9.5278e-1 [Book Depth] {"service":"biconomy-volume-bot"}
2026-01-02 01:04:38 [[32minfo[39m]: Γ£à Sell order placed: 20 EPWX @ $9.5278e-1 {"service":"biconomy-volume-bot"}
2026-01-02 01:04:38 [[32minfo[39m]: No fills detected for order 0.9178744737955309 (SELL) after 1s. {"service":"biconomy-volume-bot"}
2026-01-02 01:04:38 [[32minfo[39m]: ≡ƒÆ░ [20/30] Placing book-depth sell order: 20.99 EPWX @ 9.5297e-1 [Book Depth] {"service":"biconomy-volume-bot"}
2026-01-02 01:04:38 [[32minfo[39m]: Γ£à Sell order placed: 20 EPWX @ $9.5297e-1 {"service":"biconomy-volume-bot"}
2026-01-02 01:04:38 [[32minfo[39m]: No fills detected for order 0.5243171944447107 (SELL) after 1s. {"service":"biconomy-volume-bot"}
2026-01-02 01:04:38 [[32minfo[39m]: ≡ƒÆ░ [21/30] Placing book-depth sell order: 20.98 EPWX @ 9.5316e-1 [Book Depth] {"service":"biconomy-volume-bot"}
2026-01-02 01:04:38 [[32minfo[39m]: Γ£à Sell order placed: 20 EPWX @ $9.5316e-1 {"service":"biconomy-volume-bot"}
2026-01-02 01:04:38 [[32minfo[39m]: No fills detected for order 0.158563049669882 (SELL) after 1s. {"service":"biconomy-volume-bot"}
2026-01-02 01:04:38 [[32minfo[39m]: ≡ƒÆ░ [22/30] Placing book-depth sell order: 20.98 EPWX @ 9.5335e-1 [Book Depth] {"service":"biconomy-volume-bot"}
2026-01-02 01:04:38 [[32minfo[39m]: Γ£à Sell order placed: 20 EPWX @ $9.5335e-1 {"service":"biconomy-volume-bot"}
2026-01-02 01:04:38 [[32minfo[39m]: No fills detected for order 0.8676403093628258 (SELL) after 1s. {"service":"biconomy-volume-bot"}
2026-01-02 01:04:38 [[32minfo[39m]: ≡ƒÆ░ [23/30] Placing book-depth sell order: 20.97 EPWX @ 9.5354e-1 [Book Depth] {"service":"biconomy-volume-bot"}
2026-01-02 01:04:38 [[32minfo[39m]: Γ£à Sell order placed: 20 EPWX @ $9.5354e-1 {"service":"biconomy-volume-bot"}
2026-01-02 01:04:38 [[32minfo[39m]: No fills detected for order 0.005308981900590037 (SELL) after 1s. {"service":"biconomy-volume-bot"}
2026-01-02 01:04:38 [[32minfo[39m]: ≡ƒÆ░ [24/30] Placing book-depth sell order: 20.97 EPWX @ 9.5372e-1 [Book Depth] {"service":"biconomy-volume-bot"}
2026-01-02 01:04:38 [[32minfo[39m]: Γ£à Sell order placed: 20 EPWX @ $9.5372e-1 {"service":"biconomy-volume-bot"}
2026-01-02 01:04:38 [[32minfo[39m]: No fills detected for order 0.4324473971263514 (SELL) after 1s. {"service":"biconomy-volume-bot"}
2026-01-02 01:04:38 [[32minfo[39m]: ≡ƒÆ░ [25/30] Placing book-depth sell order: 20.97 EPWX @ 9.5391e-1 [Book Depth] {"service":"biconomy-volume-bot"}
2026-01-02 01:04:38 [[32minfo[39m]: Γ£à Sell order placed: 20 EPWX @ $9.5391e-1 {"service":"biconomy-volume-bot"}
2026-01-02 01:04:38 [[32minfo[39m]: No fills detected for order 0.7249200150752044 (SELL) after 1s. {"service":"biconomy-volume-bot"}
2026-01-02 01:04:38 [[32minfo[39m]: ≡ƒÆ░ [26/30] Placing book-depth sell order: 20.96 EPWX @ 9.5410e-1 [Book Depth] {"service":"biconomy-volume-bot"}
2026-01-02 01:04:38 [[32minfo[39m]: Γ£à Sell order placed: 20 EPWX @ $9.5410e-1 {"service":"biconomy-volume-bot"}
2026-01-02 01:04:38 [[32minfo[39m]: No fills detected for order 0.45383973561951185 (SELL) after 1s. {"service":"biconomy-volume-bot"}
2026-01-02 01:04:38 [[32minfo[39m]: ≡ƒÆ░ [27/30] Placing book-depth sell order: 20.96 EPWX @ 9.5429e-1 [Book Depth] {"service":"biconomy-volume-bot"}
2026-01-02 01:04:38 [[32minfo[39m]: Γ£à Sell order placed: 20 EPWX @ $9.5429e-1 {"service":"biconomy-volume-bot"}
2026-01-02 01:04:38 [[32minfo[39m]: No fills detected for order 0.5151002772171771 (SELL) after 1s. {"service":"biconomy-volume-bot"}
2026-01-02 01:04:38 [[32minfo[39m]: ≡ƒÆ░ [28/30] Placing book-depth sell order: 20.95 EPWX @ 9.5448e-1 [Book Depth] {"service":"biconomy-volume-bot"}
2026-01-02 01:04:38 [[32minfo[39m]: Γ£à Sell order placed: 20 EPWX @ $9.5448e-1 {"service":"biconomy-volume-bot"}
2026-01-02 01:04:38 [[32minfo[39m]: No fills detected for order 0.03512275175124535 (SELL) after 1s. {"service":"biconomy-volume-bot"}
2026-01-02 01:04:38 [[32minfo[39m]: ≡ƒÆ░ [29/30] Placing book-depth sell order: 20.95 EPWX @ 9.5466e-1 [Book Depth] {"service":"biconomy-volume-bot"}
2026-01-02 01:04:38 [[32minfo[39m]: Γ£à Sell order placed: 20 EPWX @ $9.5466e-1 {"service":"biconomy-volume-bot"}
2026-01-02 01:04:38 [[32minfo[39m]: No fills detected for order 0.584169044472324 (SELL) after 1s. {"service":"biconomy-volume-bot"}
2026-01-02 01:04:38 [[32minfo[39m]: ≡ƒÆ░ [30/30] Placing book-depth sell order: 20.95 EPWX @ 9.5485e-1 [Book Depth] {"service":"biconomy-volume-bot"}
2026-01-02 01:04:38 [[32minfo[39m]: Γ£à Sell order placed: 20 EPWX @ $9.5485e-1 {"service":"biconomy-volume-bot"}
2026-01-02 01:04:38 [[32minfo[39m]: No fills detected for order 0.8304442511405894 (SELL) after 1s. {"service":"biconomy-volume-bot"}
2026-01-02 01:04:38 [[32minfo[39m]: ≡ƒ¢Æ [Wash 1/5] Placing matching BUY/SELL: 21.28 EPWX @ 9.4000e-1 [Wash Trade] {"service":"biconomy-volume-bot"}
2026-01-02 01:04:38 [[32minfo[39m]: Γ£à Buy order placed: 21 EPWX @ $9.4000e-1 {"service":"biconomy-volume-bot"}
2026-01-02 01:04:38 [[32minfo[39m]: No fills detected for order 0.9107374736301157 (BUY) after 1s. {"service":"biconomy-volume-bot"}
2026-01-02 01:04:38 [[32minfo[39m]: Γ£à Sell order placed: 21 EPWX @ $9.4000e-1 {"service":"biconomy-volume-bot"}
2026-01-02 01:04:38 [[32minfo[39m]: No fills detected for order 0.7387128475488547 (SELL) after 1s. {"service":"biconomy-volume-bot"}
2026-01-02 01:04:38 [[32minfo[39m]: [Wash Pair] Tracked: BUY 0.9107374736301157, SELL 0.7387128475488547 @ 9.4000e-1 (21.28 EPWX) {"service":"biconomy-volume-bot"}
2026-01-02 01:04:38 [[32minfo[39m]: ≡ƒ¢Æ [Wash 2/5] Placing matching BUY/SELL: 21.28 EPWX @ 9.4000e-1 [Wash Trade] {"service":"biconomy-volume-bot"}
2026-01-02 01:04:38 [[32minfo[39m]: Γ£à Buy order placed: 21 EPWX @ $9.4000e-1 {"service":"biconomy-volume-bot"}
2026-01-02 01:04:38 [[32minfo[39m]: No fills detected for order 0.17586189193977875 (BUY) after 1s. {"service":"biconomy-volume-bot"}
2026-01-02 01:04:38 [[32minfo[39m]: Γ£à Sell order placed: 21 EPWX @ $9.4000e-1 {"service":"biconomy-volume-bot"}
2026-01-02 01:04:38 [[32minfo[39m]: No fills detected for order 0.1482791555696863 (SELL) after 1s. {"service":"biconomy-volume-bot"}
2026-01-02 01:04:38 [[32minfo[39m]: [Wash Pair] Tracked: BUY 0.17586189193977875, SELL 0.1482791555696863 @ 9.4000e-1 (21.28 EPWX) {"service":"biconomy-volume-bot"}
2026-01-02 01:04:38 [[32minfo[39m]: ≡ƒ¢Æ [Wash 3/5] Placing matching BUY/SELL: 21.28 EPWX @ 9.4000e-1 [Wash Trade] {"service":"biconomy-volume-bot"}
2026-01-02 01:04:38 [[32minfo[39m]: Γ£à Buy order placed: 21 EPWX @ $9.4000e-1 {"service":"biconomy-volume-bot"}
2026-01-02 01:04:38 [[32minfo[39m]: No fills detected for order 0.106955537371759 (BUY) after 1s. {"service":"biconomy-volume-bot"}
2026-01-02 01:04:38 [[32minfo[39m]: Γ£à Sell order placed: 21 EPWX @ $9.4000e-1 {"service":"biconomy-volume-bot"}
2026-01-02 01:04:38 [[32minfo[39m]: No fills detected for order 0.624418929825163 (SELL) after 1s. {"service":"biconomy-volume-bot"}
2026-01-02 01:04:38 [[32minfo[39m]: [Wash Pair] Tracked: BUY 0.106955537371759, SELL 0.624418929825163 @ 9.4000e-1 (21.28 EPWX) {"service":"biconomy-volume-bot"}
2026-01-02 01:04:38 [[32minfo[39m]: ≡ƒ¢Æ [Wash 4/5] Placing matching BUY/SELL: 21.28 EPWX @ 9.4000e-1 [Wash Trade] {"service":"biconomy-volume-bot"}
2026-01-02 01:04:38 [[32minfo[39m]: Γ£à Buy order placed: 21 EPWX @ $9.4000e-1 {"service":"biconomy-volume-bot"}
2026-01-02 01:04:38 [[32minfo[39m]: No fills detected for order 0.23962947441124816 (BUY) after 1s. {"service":"biconomy-volume-bot"}
2026-01-02 01:04:38 [[32minfo[39m]: Γ£à Sell order placed: 21 EPWX @ $9.4000e-1 {"service":"biconomy-volume-bot"}
2026-01-02 01:04:38 [[32minfo[39m]: No fills detected for order 0.8862521948186524 (SELL) after 1s. {"service":"biconomy-volume-bot"}
2026-01-02 01:04:38 [[32minfo[39m]: [Wash Pair] Tracked: BUY 0.23962947441124816, SELL 0.8862521948186524 @ 9.4000e-1 (21.28 EPWX) {"service":"biconomy-volume-bot"}
2026-01-02 01:04:38 [[32minfo[39m]: ≡ƒ¢Æ [Wash 5/5] Placing matching BUY/SELL: 21.28 EPWX @ 9.4000e-1 [Wash Trade] {"service":"biconomy-volume-bot"}
2026-01-02 01:04:38 [[32minfo[39m]: Γ£à Buy order placed: 21 EPWX @ $9.4000e-1 {"service":"biconomy-volume-bot"}
2026-01-02 01:04:38 [[32minfo[39m]: No fills detected for order 0.2162132155515888 (BUY) after 1s. {"service":"biconomy-volume-bot"}
2026-01-02 01:04:38 [[32minfo[39m]: Γ£à Sell order placed: 21 EPWX @ $9.4000e-1 {"service":"biconomy-volume-bot"}
2026-01-02 01:04:38 [[32minfo[39m]: No fills detected for order 0.3963512268735834 (SELL) after 1s. {"service":"biconomy-volume-bot"}
2026-01-02 01:04:38 [[32minfo[39m]: [Wash Pair] Tracked: BUY 0.2162132155515888, SELL 0.3963512268735834 @ 9.4000e-1 (21.28 EPWX) {"service":"biconomy-volume-bot"}
2026-01-02 01:04:38 [[32minfo[39m]: ≡ƒÆ░ [1/30] Placing sell order: 21.07 EPWX @ 9.4940e-1 (~$20.00) [Source: DEX] {"service":"biconomy-volume-bot"}
2026-01-02 01:04:38 [[32minfo[39m]: Γ£à Sell order placed: 21 EPWX @ $9.4940e-1 {"service":"biconomy-volume-bot"}
2026-01-02 01:04:38 [[32minfo[39m]: No fills detected for order 0.11719688541860229 (SELL) after 1s. {"service":"biconomy-volume-bot"}
2026-01-02 01:04:38 [[32minfo[39m]: ≡ƒÆ░ [2/30] Placing sell order: 21.06 EPWX @ 9.4959e-1 (~$20.00) [Source: DEX] {"service":"biconomy-volume-bot"}
2026-01-02 01:04:38 [[32minfo[39m]: Γ£à Sell order placed: 21 EPWX @ $9.4959e-1 {"service":"biconomy-volume-bot"}
2026-01-02 01:04:38 [[32minfo[39m]: No fills detected for order 0.8918816592299508 (SELL) after 1s. {"service":"biconomy-volume-bot"}
2026-01-02 01:04:38 [[32minfo[39m]: ≡ƒÆ░ [3/30] Placing sell order: 21.06 EPWX @ 9.4978e-1 (~$20.00) [Source: DEX] {"service":"biconomy-volume-bot"}
2026-01-02 01:04:38 [[32minfo[39m]: Γ£à Sell order placed: 21 EPWX @ $9.4978e-1 {"service":"biconomy-volume-bot"}
2026-01-02 01:04:38 [[32minfo[39m]: No fills detected for order 0.6823221840860607 (SELL) after 1s. {"service":"biconomy-volume-bot"}
2026-01-02 01:04:38 [[32minfo[39m]: ≡ƒÆ░ [4/30] Placing sell order: 21.05 EPWX @ 9.4996e-1 (~$20.00) [Source: DEX] {"service":"biconomy-volume-bot"}
2026-01-02 01:04:38 [[32minfo[39m]: Γ£à Sell order placed: 21 EPWX @ $9.4996e-1 {"service":"biconomy-volume-bot"}
2026-01-02 01:04:38 [[32minfo[39m]: No fills detected for order 0.997682417551528 (SELL) after 1s. {"service":"biconomy-volume-bot"}
2026-01-02 01:04:38 [[32minfo[39m]: ≡ƒÆ░ [5/30] Placing sell order: 21.05 EPWX @ 9.5015e-1 (~$20.00) [Source: DEX] {"service":"biconomy-volume-bot"}
2026-01-02 01:04:38 [[32minfo[39m]: Γ£à Sell order placed: 21 EPWX @ $9.5015e-1 {"service":"biconomy-volume-bot"}
2026-01-02 01:04:38 [[32minfo[39m]: No fills detected for order 0.7989770906521878 (SELL) after 1s. {"service":"biconomy-volume-bot"}
2026-01-02 01:04:38 [[32minfo[39m]: ≡ƒÆ░ [6/30] Placing sell order: 21.05 EPWX @ 9.5034e-1 (~$20.00) [Source: DEX] {"service":"biconomy-volume-bot"}
2026-01-02 01:04:38 [[32minfo[39m]: Γ£à Sell order placed: 21 EPWX @ $9.5034e-1 {"service":"biconomy-volume-bot"}
2026-01-02 01:04:38 [[32minfo[39m]: No fills detected for order 0.25542920199593366 (SELL) after 1s. {"service":"biconomy-volume-bot"}
2026-01-02 01:04:38 [[32minfo[39m]: ≡ƒÆ░ [7/30] Placing sell order: 21.04 EPWX @ 9.5053e-1 (~$20.00) [Source: DEX] {"service":"biconomy-volume-bot"}
2026-01-02 01:04:38 [[32minfo[39m]: Γ£à Sell order placed: 21 EPWX @ $9.5053e-1 {"service":"biconomy-volume-bot"}
2026-01-02 01:04:38 [[32minfo[39m]: No fills detected for order 0.0464692740045094 (SELL) after 1s. {"service":"biconomy-volume-bot"}
2026-01-02 01:04:38 [[32minfo[39m]: ≡ƒÆ░ [8/30] Placing sell order: 21.04 EPWX @ 9.5072e-1 (~$20.00) [Source: DEX] {"service":"biconomy-volume-bot"}
2026-01-02 01:04:38 [[32minfo[39m]: Γ£à Sell order placed: 21 EPWX @ $9.5072e-1 {"service":"biconomy-volume-bot"}
2026-01-02 01:04:38 [[32minfo[39m]: No fills detected for order 0.2289265916268468 (SELL) after 1s. {"service":"biconomy-volume-bot"}
2026-01-02 01:04:38 [[32minfo[39m]: ≡ƒÆ░ [9/30] Placing sell order: 21.03 EPWX @ 9.5090e-1 (~$20.00) [Source: DEX] {"service":"biconomy-volume-bot"}
2026-01-02 01:04:38 [[32minfo[39m]: Γ£à Sell order placed: 21 EPWX @ $9.5090e-1 {"service":"biconomy-volume-bot"}
2026-01-02 01:04:38 [[32minfo[39m]: No fills detected for order 0.902730683983044 (SELL) after 1s. {"service":"biconomy-volume-bot"}
2026-01-02 01:04:38 [[32minfo[39m]: ≡ƒÆ░ [10/30] Placing sell order: 21.03 EPWX @ 9.5109e-1 (~$20.00) [Source: DEX] {"service":"biconomy-volume-bot"}
2026-01-02 01:04:38 [[32minfo[39m]: Γ£à Sell order placed: 21 EPWX @ $9.5109e-1 {"service":"biconomy-volume-bot"}
2026-01-02 01:04:38 [[32minfo[39m]: No fills detected for order 0.47838910294455395 (SELL) after 1s. {"service":"biconomy-volume-bot"}
2026-01-02 01:04:38 [[32minfo[39m]: ≡ƒÆ░ [11/30] Placing sell order: 21.02 EPWX @ 9.5128e-1 (~$20.00) [Source: DEX] {"service":"biconomy-volume-bot"}
2026-01-02 01:04:38 [[32minfo[39m]: Γ£à Sell order placed: 21 EPWX @ $9.5128e-1 {"service":"biconomy-volume-bot"}
2026-01-02 01:04:38 [[32minfo[39m]: No fills detected for order 0.7057789758606396 (SELL) after 1s. {"service":"biconomy-volume-bot"}
2026-01-02 01:04:38 [[32minfo[39m]: ≡ƒÆ░ [12/30] Placing sell order: 21.02 EPWX @ 9.5147e-1 (~$20.00) [Source: DEX] {"service":"biconomy-volume-bot"}
2026-01-02 01:04:38 [[32minfo[39m]: Γ£à Sell order placed: 21 EPWX @ $9.5147e-1 {"service":"biconomy-volume-bot"}
2026-01-02 01:04:38 [[32minfo[39m]: No fills detected for order 0.9980691901206045 (SELL) after 1s. {"service":"biconomy-volume-bot"}
2026-01-02 01:04:38 [[32minfo[39m]: ≡ƒÆ░ [13/30] Placing sell order: 21.02 EPWX @ 9.5166e-1 (~$20.00) [Source: DEX] {"service":"biconomy-volume-bot"}
2026-01-02 01:04:38 [[32minfo[39m]: Γ£à Sell order placed: 21 EPWX @ $9.5166e-1 {"service":"biconomy-volume-bot"}
2026-01-02 01:04:38 [[32minfo[39m]: No fills detected for order 0.8879767248850838 (SELL) after 1s. {"service":"biconomy-volume-bot"}
2026-01-02 01:04:38 [[32minfo[39m]: ≡ƒÆ░ [14/30] Placing sell order: 21.01 EPWX @ 9.5184e-1 (~$20.00) [Source: DEX] {"service":"biconomy-volume-bot"}
2026-01-02 01:04:38 [[32minfo[39m]: Γ£à Sell order placed: 21 EPWX @ $9.5184e-1 {"service":"biconomy-volume-bot"}
2026-01-02 01:04:38 [[32minfo[39m]: No fills detected for order 0.6268630906289452 (SELL) after 1s. {"service":"biconomy-volume-bot"}
2026-01-02 01:04:38 [[32minfo[39m]: ≡ƒÆ░ [15/30] Placing sell order: 21.01 EPWX @ 9.5203e-1 (~$20.00) [Source: DEX] {"service":"biconomy-volume-bot"}
2026-01-02 01:04:38 [[32minfo[39m]: Γ£à Sell order placed: 21 EPWX @ $9.5203e-1 {"service":"biconomy-volume-bot"}
2026-01-02 01:04:38 [[32minfo[39m]: No fills detected for order 0.7727691563713577 (SELL) after 1s. {"service":"biconomy-volume-bot"}
2026-01-02 01:04:38 [[32minfo[39m]: ≡ƒÆ░ [16/30] Placing sell order: 21.00 EPWX @ 9.5222e-1 (~$20.00) [Source: DEX] {"service":"biconomy-volume-bot"}
2026-01-02 01:04:38 [[32minfo[39m]: Γ£à Sell order placed: 21 EPWX @ $9.5222e-1 {"service":"biconomy-volume-bot"}
2026-01-02 01:04:38 [[32minfo[39m]: No fills detected for order 0.02917961908366573 (SELL) after 1s. {"service":"biconomy-volume-bot"}
2026-01-02 01:04:38 [[32minfo[39m]: ≡ƒÆ░ [17/30] Placing sell order: 21.00 EPWX @ 9.5241e-1 (~$20.00) [Source: DEX] {"service":"biconomy-volume-bot"}
2026-01-02 01:04:38 [[32minfo[39m]: Γ£à Sell order placed: 20 EPWX @ $9.5241e-1 {"service":"biconomy-volume-bot"}
2026-01-02 01:04:38 [[32minfo[39m]: No fills detected for order 0.09322534009992856 (SELL) after 1s. {"service":"biconomy-volume-bot"}
2026-01-02 01:04:38 [[32minfo[39m]: ≡ƒÆ░ [18/30] Placing sell order: 21.00 EPWX @ 9.5260e-1 (~$20.00) [Source: DEX] {"service":"biconomy-volume-bot"}
2026-01-02 01:04:38 [[32minfo[39m]: Γ£à Sell order placed: 20 EPWX @ $9.5260e-1 {"service":"biconomy-volume-bot"}
2026-01-02 01:04:38 [[32minfo[39m]: No fills detected for order 0.9234609588787261 (SELL) after 1s. {"service":"biconomy-volume-bot"}
2026-01-02 01:04:38 [[32minfo[39m]: ≡ƒÆ░ [19/30] Placing sell order: 20.99 EPWX @ 9.5278e-1 (~$20.00) [Source: DEX] {"service":"biconomy-volume-bot"}
2026-01-02 01:04:38 [[32minfo[39m]: Γ£à Sell order placed: 20 EPWX @ $9.5278e-1 {"service":"biconomy-volume-bot"}
2026-01-02 01:04:38 [[32minfo[39m]: No fills detected for order 0.5465800093200337 (SELL) after 1s. {"service":"biconomy-volume-bot"}
2026-01-02 01:04:38 [[32minfo[39m]: ≡ƒÆ░ [20/30] Placing sell order: 20.99 EPWX @ 9.5297e-1 (~$20.00) [Source: DEX] {"service":"biconomy-volume-bot"}
2026-01-02 01:04:38 [[32minfo[39m]: Γ£à Sell order placed: 20 EPWX @ $9.5297e-1 {"service":"biconomy-volume-bot"}
2026-01-02 01:04:38 [[32minfo[39m]: No fills detected for order 0.6937458319919565 (SELL) after 1s. {"service":"biconomy-volume-bot"}
2026-01-02 01:04:38 [[32minfo[39m]: ≡ƒÆ░ [21/30] Placing sell order: 20.98 EPWX @ 9.5316e-1 (~$20.00) [Source: DEX] {"service":"biconomy-volume-bot"}
2026-01-02 01:04:38 [[32minfo[39m]: Γ£à Sell order placed: 20 EPWX @ $9.5316e-1 {"service":"biconomy-volume-bot"}
2026-01-02 01:04:38 [[32minfo[39m]: No fills detected for order 0.42911676675337374 (SELL) after 1s. {"service":"biconomy-volume-bot"}
2026-01-02 01:04:38 [[32minfo[39m]: ≡ƒÆ░ [22/30] Placing sell order: 20.98 EPWX @ 9.5335e-1 (~$20.00) [Source: DEX] {"service":"biconomy-volume-bot"}
2026-01-02 01:04:38 [[32minfo[39m]: Γ£à Sell order placed: 20 EPWX @ $9.5335e-1 {"service":"biconomy-volume-bot"}
2026-01-02 01:04:38 [[32minfo[39m]: No fills detected for order 0.1330472222994441 (SELL) after 1s. {"service":"biconomy-volume-bot"}
2026-01-02 01:04:38 [[32minfo[39m]: ≡ƒÆ░ [23/30] Placing sell order: 20.97 EPWX @ 9.5354e-1 (~$20.00) [Source: DEX] {"service":"biconomy-volume-bot"}
2026-01-02 01:04:38 [[32minfo[39m]: Γ£à Sell order placed: 20 EPWX @ $9.5354e-1 {"service":"biconomy-volume-bot"}
2026-01-02 01:04:38 [[32minfo[39m]: No fills detected for order 0.14730684942373085 (SELL) after 1s. {"service":"biconomy-volume-bot"}
2026-01-02 01:04:38 [[32minfo[39m]: ≡ƒÆ░ [24/30] Placing sell order: 20.97 EPWX @ 9.5372e-1 (~$20.00) [Source: DEX] {"service":"biconomy-volume-bot"}
2026-01-02 01:04:38 [[32minfo[39m]: Γ£à Sell order placed: 20 EPWX @ $9.5372e-1 {"service":"biconomy-volume-bot"}
2026-01-02 01:04:38 [[32minfo[39m]: No fills detected for order 0.789130902730899 (SELL) after 1s. {"service":"biconomy-volume-bot"}
2026-01-02 01:04:38 [[32minfo[39m]: ≡ƒÆ░ [25/30] Placing sell order: 20.97 EPWX @ 9.5391e-1 (~$20.00) [Source: DEX] {"service":"biconomy-volume-bot"}
2026-01-02 01:04:38 [[32minfo[39m]: Γ£à Sell order placed: 20 EPWX @ $9.5391e-1 {"service":"biconomy-volume-bot"}
2026-01-02 01:04:38 [[32minfo[39m]: No fills detected for order 0.23795769519916377 (SELL) after 1s. {"service":"biconomy-volume-bot"}
2026-01-02 01:04:38 [[32minfo[39m]: ≡ƒÆ░ [26/30] Placing sell order: 20.96 EPWX @ 9.5410e-1 (~$20.00) [Source: DEX] {"service":"biconomy-volume-bot"}
2026-01-02 01:04:38 [[32minfo[39m]: Γ£à Sell order placed: 20 EPWX @ $9.5410e-1 {"service":"biconomy-volume-bot"}
2026-01-02 01:04:38 [[32minfo[39m]: No fills detected for order 0.4331072084875589 (SELL) after 1s. {"service":"biconomy-volume-bot"}
2026-01-02 01:04:38 [[32minfo[39m]: ≡ƒÆ░ [27/30] Placing sell order: 20.96 EPWX @ 9.5429e-1 (~$20.00) [Source: DEX] {"service":"biconomy-volume-bot"}
2026-01-02 01:04:38 [[32minfo[39m]: Γ£à Sell order placed: 20 EPWX @ $9.5429e-1 {"service":"biconomy-volume-bot"}
2026-01-02 01:04:38 [[32minfo[39m]: No fills detected for order 0.9522081174820214 (SELL) after 1s. {"service":"biconomy-volume-bot"}
2026-01-02 01:04:38 [[32minfo[39m]: ≡ƒÆ░ [28/30] Placing sell order: 20.95 EPWX @ 9.5448e-1 (~$20.00) [Source: DEX] {"service":"biconomy-volume-bot"}
2026-01-02 01:04:38 [[32minfo[39m]: Γ£à Sell order placed: 20 EPWX @ $9.5448e-1 {"service":"biconomy-volume-bot"}
2026-01-02 01:04:38 [[32minfo[39m]: No fills detected for order 0.9265547320556651 (SELL) after 1s. {"service":"biconomy-volume-bot"}
2026-01-02 01:04:38 [[32minfo[39m]: ≡ƒÆ░ [29/30] Placing sell order: 20.95 EPWX @ 9.5466e-1 (~$20.00) [Source: DEX] {"service":"biconomy-volume-bot"}
2026-01-02 01:04:38 [[32minfo[39m]: Γ£à Sell order placed: 20 EPWX @ $9.5466e-1 {"service":"biconomy-volume-bot"}
2026-01-02 01:04:38 [[32minfo[39m]: No fills detected for order 0.06486726478478722 (SELL) after 1s. {"service":"biconomy-volume-bot"}
2026-01-02 01:04:38 [[32minfo[39m]: ≡ƒÆ░ [30/30] Placing sell order: 20.95 EPWX @ 9.5485e-1 (~$20.00) [Source: DEX] {"service":"biconomy-volume-bot"}
2026-01-02 01:04:38 [[32minfo[39m]: Γ£à Sell order placed: 20 EPWX @ $9.5485e-1 {"service":"biconomy-volume-bot"}
2026-01-02 01:04:38 [[32minfo[39m]: No fills detected for order 0.3118055697915969 (SELL) after 1s. {"service":"biconomy-volume-bot"}
2026-01-02 01:04:38 [[33mwarn[39m]: ΓÜá∩╕Å  Skipping real user SELL order: total USD balance (500.00) < $1000 and not market value order. {"service":"biconomy-volume-bot"}
2026-01-02 01:04:38 [[32minfo[39m]: Γ£à Sell order placed: 1 EPWX @ $1.0000e+1 {"service":"biconomy-volume-bot"}
2026-01-02 01:04:38 [[32minfo[39m]: No fills detected for order sellId (SELL) after 1s. {"service":"biconomy-volume-bot"}
2026-01-02 01:04:38 [[32minfo[39m]: Γ£à Buy order placed: 1 EPWX @ $1.0000e+1 {"service":"biconomy-volume-bot"}
2026-01-02 01:04:38 [[32minfo[39m]: No fills detected for order buyId (BUY) after 1s. {"service":"biconomy-volume-bot"}
